Archive member included to satisfy reference by file (symbol)

e:/project/program/vscode/tools/gcc-arm-none-eabi-10.3-2021.10/bin/../lib/gcc/arm-none-eabi/10.3.1/../../../../arm-none-eabi/lib/thumb/v7-m/nofp\libc_nano.a(lib_a-exit.o)
                              e:/project/program/vscode/tools/gcc-arm-none-eabi-10.3-2021.10/bin/../lib/gcc/arm-none-eabi/10.3.1/../../../../arm-none-eabi/lib/thumb/v7-m/nofp/crt0.o (exit)
e:/project/program/vscode/tools/gcc-arm-none-eabi-10.3-2021.10/bin/../lib/gcc/arm-none-eabi/10.3.1/../../../../arm-none-eabi/lib/thumb/v7-m/nofp\libc_nano.a(lib_a-impure.o)
                              e:/project/program/vscode/tools/gcc-arm-none-eabi-10.3-2021.10/bin/../lib/gcc/arm-none-eabi/10.3.1/../../../../arm-none-eabi/lib/thumb/v7-m/nofp\libc_nano.a(lib_a-exit.o) (_global_impure_ptr)
e:/project/program/vscode/tools/gcc-arm-none-eabi-10.3-2021.10/bin/../lib/gcc/arm-none-eabi/10.3.1/../../../../arm-none-eabi/lib/thumb/v7-m/nofp\libc_nano.a(lib_a-init.o)
                              e:/project/program/vscode/tools/gcc-arm-none-eabi-10.3-2021.10/bin/../lib/gcc/arm-none-eabi/10.3.1/../../../../arm-none-eabi/lib/thumb/v7-m/nofp/crt0.o (__libc_init_array)
e:/project/program/vscode/tools/gcc-arm-none-eabi-10.3-2021.10/bin/../lib/gcc/arm-none-eabi/10.3.1/../../../../arm-none-eabi/lib/thumb/v7-m/nofp\libc_nano.a(lib_a-memcpy-stub.o)
                              build/queue.o (memcpy)
e:/project/program/vscode/tools/gcc-arm-none-eabi-10.3-2021.10/bin/../lib/gcc/arm-none-eabi/10.3.1/../../../../arm-none-eabi/lib/thumb/v7-m/nofp\libc_nano.a(lib_a-memset.o)
                              e:/project/program/vscode/tools/gcc-arm-none-eabi-10.3-2021.10/bin/../lib/gcc/arm-none-eabi/10.3.1/../../../../arm-none-eabi/lib/thumb/v7-m/nofp/crt0.o (memset)
e:/project/program/vscode/tools/gcc-arm-none-eabi-10.3-2021.10/bin/../lib/gcc/arm-none-eabi/10.3.1/../../../../arm-none-eabi/lib/thumb/v7-m/nofp\libc_nano.a(lib_a-nano-vfprintf_float.o)
                              (_printf_float)
e:/project/program/vscode/tools/gcc-arm-none-eabi-10.3-2021.10/bin/../lib/gcc/arm-none-eabi/10.3.1/../../../../arm-none-eabi/lib/thumb/v7-m/nofp\libc_nano.a(lib_a-nano-vfprintf_i.o)
                              e:/project/program/vscode/tools/gcc-arm-none-eabi-10.3-2021.10/bin/../lib/gcc/arm-none-eabi/10.3.1/../../../../arm-none-eabi/lib/thumb/v7-m/nofp\libc_nano.a(lib_a-nano-vfprintf_float.o) (_printf_common)
e:/project/program/vscode/tools/gcc-arm-none-eabi-10.3-2021.10/bin/../lib/gcc/arm-none-eabi/10.3.1/../../../../arm-none-eabi/lib/thumb/v7-m/nofp\libc_nano.a(lib_a-nano-vfscanf_float.o)
                              (_scanf_float)
e:/project/program/vscode/tools/gcc-arm-none-eabi-10.3-2021.10/bin/../lib/gcc/arm-none-eabi/10.3.1/../../../../arm-none-eabi/lib/thumb/v7-m/nofp\libc_nano.a(lib_a-sf_nan.o)
                              e:/project/program/vscode/tools/gcc-arm-none-eabi-10.3-2021.10/bin/../lib/gcc/arm-none-eabi/10.3.1/../../../../arm-none-eabi/lib/thumb/v7-m/nofp\libc_nano.a(lib_a-nano-vfscanf_float.o) (nanf)
e:/project/program/vscode/tools/gcc-arm-none-eabi-10.3-2021.10/bin/../lib/gcc/arm-none-eabi/10.3.1/../../../../arm-none-eabi/lib/thumb/v7-m/nofp\libc_nano.a(lib_a-sprintf.o)
                              e:/project/program/vscode/tools/gcc-arm-none-eabi-10.3-2021.10/bin/../lib/gcc/arm-none-eabi/10.3.1/../../../../arm-none-eabi/lib/thumb/v7-m/nofp\libc_nano.a(lib_a-nano-vfscanf_float.o) (sprintf)
e:/project/program/vscode/tools/gcc-arm-none-eabi-10.3-2021.10/bin/../lib/gcc/arm-none-eabi/10.3.1/../../../../arm-none-eabi/lib/thumb/v7-m/nofp\libc_nano.a(lib_a-sscanf.o)
                              build/TaskCNC.o (sscanf)
e:/project/program/vscode/tools/gcc-arm-none-eabi-10.3-2021.10/bin/../lib/gcc/arm-none-eabi/10.3.1/../../../../arm-none-eabi/lib/thumb/v7-m/nofp\libc_nano.a(lib_a-stdio.o)
                              e:/project/program/vscode/tools/gcc-arm-none-eabi-10.3-2021.10/bin/../lib/gcc/arm-none-eabi/10.3.1/../../../../arm-none-eabi/lib/thumb/v7-m/nofp\libc_nano.a(lib_a-sscanf.o) (__seofread)
e:/project/program/vscode/tools/gcc-arm-none-eabi-10.3-2021.10/bin/../lib/gcc/arm-none-eabi/10.3.1/../../../../arm-none-eabi/lib/thumb/v7-m/nofp\libc_nano.a(lib_a-strlen.o)
                              e:/project/program/vscode/tools/gcc-arm-none-eabi-10.3-2021.10/bin/../lib/gcc/arm-none-eabi/10.3.1/../../../../arm-none-eabi/lib/thumb/v7-m/nofp\libc_nano.a(lib_a-nano-vfprintf_float.o) (strlen)
e:/project/program/vscode/tools/gcc-arm-none-eabi-10.3-2021.10/bin/../lib/gcc/arm-none-eabi/10.3.1/../../../../arm-none-eabi/lib/thumb/v7-m/nofp\libc_nano.a(lib_a-strtod.o)
                              e:/project/program/vscode/tools/gcc-arm-none-eabi-10.3-2021.10/bin/../lib/gcc/arm-none-eabi/10.3.1/../../../../arm-none-eabi/lib/thumb/v7-m/nofp\libc_nano.a(lib_a-nano-vfscanf_float.o) (_strtod_r)
[...]
Memory Configuration

Name             Origin             Length             Attributes
RAM              0x20000000         0x00005000         xrw
FLASH            0x08000000         0x00010000         xr
*default*        0x00000000         0xffffffff

Linker script and memory map

LOAD e:/project/program/vscode/tools/gcc-arm-none-eabi-10.3-2021.10/bin/../lib/gcc/arm-none-eabi/10.3.1/thumb/v7-m/nofp/crti.o
LOAD e:/project/program/vscode/tools/gcc-arm-none-eabi-10.3-2021.10/bin/../lib/gcc/arm-none-eabi/10.3.1/thumb/v7-m/nofp/crtbegin.o
LOAD e:/project/program/vscode/tools/gcc-arm-none-eabi-10.3-2021.10/bin/../lib/gcc/arm-none-eabi/10.3.1/../../../../arm-none-eabi/lib/thumb/v7-m/nofp/crt0.o
LOAD build/main.o
LOAD build/freertos.o
LOAD build/stm32f1xx_it.o
LOAD build/stm32f1xx_hal_msp.o
LOAD build/stm32f1xx_hal_timebase_tim.o
LOAD build/usb_device.o
LOAD build/usbd_desc.o
LOAD build/usbd_custom_hid_if.o
LOAD build/usbd_conf.o
LOAD build/stm32f1xx_hal_gpio_ex.o
LOAD build/stm32f1xx_hal_pcd.o
LOAD build/stm32f1xx_hal_pcd_ex.o
LOAD build/stm32f1xx_ll_usb.o
LOAD build/stm32f1xx_hal.o
LOAD build/stm32f1xx_hal_rcc.o
LOAD build/stm32f1xx_hal_rcc_ex.o
LOAD build/stm32f1xx_hal_gpio.o
LOAD build/stm32f1xx_hal_dma.o
LOAD build/stm32f1xx_hal_cortex.o
LOAD build/stm32f1xx_hal_pwr.o
LOAD build/stm32f1xx_hal_flash.o
LOAD build/stm32f1xx_hal_flash_ex.o
LOAD build/stm32f1xx_hal_exti.o
LOAD build/stm32f1xx_hal_i2c.o
LOAD build/stm32f1xx_hal_spi.o
LOAD build/stm32f1xx_hal_tim.o
LOAD build/stm32f1xx_hal_tim_ex.o
LOAD build/stm32f1xx_hal_uart.o
LOAD build/system_stm32f1xx.o
LOAD build/croutine.o
LOAD build/event_groups.o
LOAD build/list.o
LOAD build/queue.o
LOAD build/stream_buffer.o
LOAD build/tasks.o
LOAD build/timers.o
LOAD build/cmsis_os.o
LOAD build/heap_4.o
LOAD build/port.o
LOAD build/usbd_core.o
LOAD build/usbd_ctlreq.o
LOAD build/usbd_ioreq.o
LOAD build/usbd_customhid.o
LOAD build/TaskCNC.o
LOAD build/startup_stm32f103xb.o
LOAD e:/project/program/vscode/tools/gcc-arm-none-eabi-10.3-2021.10/bin/../lib/gcc/arm-none-eabi/10.3.1/../../../../arm-none-eabi/lib/thumb/v7-m/nofp\libc_nano.a
LOAD e:/project/program/vscode/tools/gcc-arm-none-eabi-10.3-2021.10/bin/../lib/gcc/arm-none-eabi/10.3.1/../../../../arm-none-eabi/lib/thumb/v7-m/nofp\libm.a
LOAD e:/project/program/vscode/tools/gcc-arm-none-eabi-10.3-2021.10/bin/../lib/gcc/arm-none-eabi/10.3.1/../../../../arm-none-eabi/lib/thumb/v7-m/nofp\libnosys.a
START GROUP
LOAD e:/project/program/vscode/tools/gcc-arm-none-eabi-10.3-2021.10/bin/../lib/gcc/arm-none-eabi/10.3.1/thumb/v7-m/nofp\libgcc.a
LOAD e:/project/program/vscode/tools/gcc-arm-none-eabi-10.3-2021.10/bin/../lib/gcc/arm-none-eabi/10.3.1/../../../../arm-none-eabi/lib/thumb/v7-m/nofp\libc_nano.a
END GROUP
START GROUP
LOAD e:/project/program/vscode/tools/gcc-arm-none-eabi-10.3-2021.10/bin/../lib/gcc/arm-none-eabi/10.3.1/thumb/v7-m/nofp\libgcc.a
LOAD e:/project/program/vscode/tools/gcc-arm-none-eabi-10.3-2021.10/bin/../lib/gcc/arm-none-eabi/10.3.1/../../../../arm-none-eabi/lib/thumb/v7-m/nofp\libc_nano.a
END GROUP
LOAD e:/project/program/vscode/tools/gcc-arm-none-eabi-10.3-2021.10/bin/../lib/gcc/arm-none-eabi/10.3.1/thumb/v7-m/nofp/crtend.o
LOAD e:/project/program/vscode/tools/gcc-arm-none-eabi-10.3-2021.10/bin/../lib/gcc/arm-none-eabi/10.3.1/thumb/v7-m/nofp/crtn.o
                0x20005000                _estack = 0x20005000
                0x00000200                _Min_Heap_Size = 0x200
                0x00000400                _Min_Stack_Size = 0x400

.isr_vector     0x08000000      0x10c
                0x08000000                . = ALIGN (0x4)
 *(.isr_vector)
 .isr_vector    0x08000000      0x10c build/startup_stm32f103xb.o
                0x08000000                g_pfnVectors
                0x0800010c                . = ALIGN (0x4)

.text           0x08000110     0xd488
                0x08000110                . = ALIGN (0x4)
 *(.text)
 .text          0x08000110       0x40 e:/project/program/vscode/tools/gcc-arm-none-eabi-10.3-2021.10/bin/../lib/gcc/arm-none-eabi/10.3.1/thumb/v7-m/nofp/crtbegin.o
 .text          0x08000150       0x10 e:/project/program/vscode/tools/gcc-arm-none-eabi-10.3-2021.10/bin/../lib/gcc/arm-none-eabi/10.3.1/../../../../arm-none-eabi/lib/thumb/v7-m/nofp\libc_nano.a(lib_a-strlen.o)
                0x08000150                strlen
 .text          0x08000160      0x378 e:/project/program/vscode/tools/gcc-arm-none-eabi-10.3-2021.10/bin/../lib/gcc/arm-none-eabi/10.3.1/thumb/v7-m/nofp\libgcc.a(_arm_addsubdf3.o)
                0x08000160                __aeabi_drsub
                0x08000168                __aeabi_dsub
                0x08000168                __subdf3
                0x0800016c                __aeabi_dadd
                0x0800016c                __adddf3
                0x080003e4                __floatunsidf
                0x080003e4                __aeabi_ui2d
                0x08000404                __floatsidf
                0x08000404                __aeabi_i2d
                0x08000428                __aeabi_f2d
                0x08000428                __extendsfdf2
                0x0800046c                __floatundidf
                0x0800046c                __aeabi_ul2d
                0x0800047c                __floatdidf
                0x0800047c                __aeabi_l2d
 .text          0x080004d8      0x424 e:/project/program/vscode/tools/gcc-arm-none-eabi-10.3-2021.10/bin/../lib/gcc/arm-none-eabi/10.3.1/thumb/v7-m/nofp\libgcc.a(_arm_muldivdf3.o)
                0x080004d8                __aeabi_dmul
                0x080004d8                __muldf3
                0x0800072c                __divdf3
                0x0800072c                __aeabi_ddiv
 .text          0x080008fc      0x110 e:/project/program/vscode/tools/gcc-arm-none-eabi-10.3-2021.10/bin/../lib/gcc/arm-none-eabi/10.3.1/thumb/v7-m/nofp\libgcc.a(_arm_cmpdf2.o)
                0x080008fc                __gtdf2
                0x080008fc                __gedf2
                0x08000904                __ltdf2
                0x08000904                __ledf2
                0x0800090c                __nedf2
                0x0800090c                __eqdf2
                0x0800090c                __cmpdf2
                0x08000988                __aeabi_cdrcmple
                0x08000998                __aeabi_cdcmpeq
                0x08000998                __aeabi_cdcmple
                0x080009a8                __aeabi_dcmpeq
                0x080009bc                __aeabi_dcmplt
                0x080009d0                __aeabi_dcmple
                0x080009e4                __aeabi_dcmpge
                0x080009f8                __aeabi_dcmpgt
 .text          0x08000a0c       0x2c e:/project/program/vscode/tools/gcc-arm-none-eabi-10.3-2021.10/bin/../lib/gcc/arm-none-eabi/10.3.1/thumb/v7-m/nofp\libgcc.a(_arm_unorddf2.o)
                0x08000a0c                __unorddf2
                0x08000a0c                __aeabi_dcmpun
 .text          0x08000a38       0x50 e:/project/program/vscode/tools/gcc-arm-none-eabi-10.3-2021.10/bin/../lib/gcc/arm-none-eabi/10.3.1/thumb/v7-m/nofp\libgcc.a(_arm_fixdfsi.o)
                0x08000a38                __aeabi_d2iz
                0x08000a38                __fixdfsi
 .text          0x08000a88       0x40 e:/project/program/vscode/tools/gcc-arm-none-eabi-10.3-2021.10/bin/../lib/gcc/arm-none-eabi/10.3.1/thumb/v7-m/nofp\libgcc.a(_arm_fixunsdfsi.o)
                0x08000a88                __aeabi_d2uiz
                0x08000a88                __fixunsdfsi
 .text          0x08000ac8       0xa0 e:/project/program/vscode/tools/gcc-arm-none-eabi-10.3-2021.10/bin/../lib/gcc/arm-none-eabi/10.3.1/thumb/v7-m/nofp\libgcc.a(_arm_truncdfsf2.o)
                0x08000ac8                __truncdfsf2
                0x08000ac8                __aeabi_d2f
 .text          0x08000b68       0x34 e:/project/program/vscode/tools/gcc-arm-none-eabi-10.3-2021.10/bin/../lib/gcc/arm-none-eabi/10.3.1/thumb/v7-m/nofp\libgcc.a(_fixdfdi.o)
                0x08000b68                __fixdfdi
                0x08000b68                __aeabi_d2lz
 .text          0x08000b9c       0x3c e:/project/program/vscode/tools/gcc-arm-none-eabi-10.3-2021.10/bin/../lib/gcc/arm-none-eabi/10.3.1/thumb/v7-m/nofp\libgcc.a(_fixunsdfdi.o)
                0x08000b9c                __fixunsdfdi
                0x08000b9c                __aeabi_d2ulz
 *(.text*)
 .text.MX_GPIO_Init
                0x08000bd8      0x10c build/main.o
 .text.StartReceiveDataFromGUI
                0x08000ce4       0x2c build/main.o
                0x08000ce4                StartReceiveDataFromGUI
 .text.StartCheckUSBConnect
                0x08000d10       0x4c build/main.o
                0x08000d10                StartCheckUSBConnect
 .text.StartProcessBtnPress
                0x08000d5c       0x24 build/main.o
                0x08000d5c                StartProcessBtnPress
 .text.StartProcessMode
                0x08000d80       0x24 build/main.o
                0x08000d80                StartProcessMode
 .text.DefaultTask
                0x08000da4        0xa build/main.o
                0x08000da4                DefaultTask
 *fill*         0x08000dae        0x2 
 .text.uart_clear_receive_buffer_and_start_receive_IT
                0x08000db0       0x28 build/main.o
                0x08000db0                uart_clear_receive_buffer_and_start_receive_IT
 .text.StartReceiveDataFromCNC
                0x08000dd8       0x28 build/main.o
                0x08000dd8                StartReceiveDataFromCNC
 .text.HAL_GPIO_EXTI_Callback
                0x08000e00       0x54 build/main.o
                0x08000e00                HAL_GPIO_EXTI_Callback
 .text.HAL_UART_RxCpltCallback
                0x08000e54       0x50 build/main.o
                0x08000e54                HAL_UART_RxCpltCallback
 .text.HAL_TIM_PeriodElapsedCallback
                0x08000ea4       0x18 build/main.o
                0x08000ea4                HAL_TIM_PeriodElapsedCallback
 .text.Error_Handler
                0x08000ebc        0x4 build/main.o
                0x08000ebc                Error_Handler
 .text.MX_I2C1_Init
                0x08000ec0       0x38 build/main.o
 .text.MX_USART2_UART_Init
                0x08000ef8       0x34 build/main.o
 .text.SystemClock_Config
                0x08000f2c       0x82 build/main.o
                0x08000f2c                SystemClock_Config
 *fill*         0x08000fae        0x2 
 .text.main     0x08000fb0      0x148 build/main.o
                0x08000fb0                main
 .text.vApplicationGetIdleTaskMemory
                0x080010f8       0x18 build/freertos.o
                0x080010f8                vApplicationGetIdleTaskMemory
 .text.NMI_Handler
                0x08001110        0x2 build/stm32f1xx_it.o
                0x08001110                NMI_Handler
 .text.HardFault_Handler
                0x08001112        0x2 build/stm32f1xx_it.o
                0x08001112                HardFault_Handler
 .text.MemManage_Handler
                0x08001114        0x2 build/stm32f1xx_it.o
                0x08001114                MemManage_Handler
 .text.BusFault_Handler
                0x08001116        0x2 build/stm32f1xx_it.o
                0x08001116                BusFault_Handler
 .text.UsageFault_Handler
                0x08001118        0x2 build/stm32f1xx_it.o
                0x08001118                UsageFault_Handler
 .text.DebugMon_Handler
                0x0800111a        0x2 build/stm32f1xx_it.o
                0x0800111a                DebugMon_Handler
 .text.EXTI3_IRQHandler
                0x0800111c        0xa build/stm32f1xx_it.o
                0x0800111c                EXTI3_IRQHandler
 .text.EXTI4_IRQHandler
                0x08001126        0xa build/stm32f1xx_it.o
                0x08001126                EXTI4_IRQHandler
 .text.USB_LP_CAN1_RX0_IRQHandler
                0x08001130       0x10 build/stm32f1xx_it.o
                0x08001130                USB_LP_CAN1_RX0_IRQHandler
 .text.EXTI9_5_IRQHandler
                0x08001140        0xa build/stm32f1xx_it.o
                0x08001140                EXTI9_5_IRQHandler
 *fill*         0x0800114a        0x2 
 .text.TIM1_UP_IRQHandler
                0x0800114c       0x10 build/stm32f1xx_it.o
                0x0800114c                TIM1_UP_IRQHandler
 .text.I2C1_EV_IRQHandler
                0x0800115c       0x10 build/stm32f1xx_it.o
                0x0800115c                I2C1_EV_IRQHandler
 .text.I2C1_ER_IRQHandler
                0x0800116c       0x10 build/stm32f1xx_it.o
                0x0800116c                I2C1_ER_IRQHandler
 .text.SPI1_IRQHandler
                0x0800117c       0x10 build/stm32f1xx_it.o
                0x0800117c                SPI1_IRQHandler
 .text.USART2_IRQHandler
                0x0800118c       0x10 build/stm32f1xx_it.o
                0x0800118c                USART2_IRQHandler
 .text.EXTI15_10_IRQHandler
                0x0800119c        0xc build/stm32f1xx_it.o
                0x0800119c                EXTI15_10_IRQHandler
 .text.HAL_MspInit
                0x080011a8       0x54 build/stm32f1xx_hal_msp.o
                0x080011a8                HAL_MspInit
 .text.HAL_I2C_MspInit
                0x080011fc       0x84 build/stm32f1xx_hal_msp.o
                0x080011fc                HAL_I2C_MspInit
 .text.HAL_UART_MspInit
                0x08001280       0x88 build/stm32f1xx_hal_msp.o
                0x08001280                HAL_UART_MspInit
 .text.HAL_InitTick
                0x08001308       0x78 build/stm32f1xx_hal_timebase_tim.o
                0x08001308                HAL_InitTick
 .text.MX_USB_DEVICE_Init
                0x08001380       0x54 build/usb_device.o
                0x08001380                MX_USB_DEVICE_Init
 .text.USBD_FS_DeviceDescriptor
                0x080013d4        0xc build/usbd_desc.o
                0x080013d4                USBD_FS_DeviceDescriptor
 .text.USBD_FS_LangIDStrDescriptor
                0x080013e0        0xc build/usbd_desc.o
                0x080013e0                USBD_FS_LangIDStrDescriptor
 .text.IntToUnicode
                0x080013ec       0x46 build/usbd_desc.o
 *fill*         0x08001432        0x2 
 .text.Get_SerialNum
                0x08001434       0x38 build/usbd_desc.o
 .text.USBD_FS_SerialStrDescriptor
                0x0800146c       0x14 build/usbd_desc.o
                0x0800146c                USBD_FS_SerialStrDescriptor
 .text.USBD_FS_ProductStrDescriptor
                0x08001480       0x24 build/usbd_desc.o
                0x08001480                USBD_FS_ProductStrDescriptor
 .text.USBD_FS_ManufacturerStrDescriptor
                0x080014a4       0x1c build/usbd_desc.o
                0x080014a4                USBD_FS_ManufacturerStrDescriptor
 .text.USBD_FS_ConfigStrDescriptor
                0x080014c0       0x24 build/usbd_desc.o
                0x080014c0                USBD_FS_ConfigStrDescriptor
 .text.USBD_FS_InterfaceStrDescriptor
                0x080014e4       0x24 build/usbd_desc.o
                0x080014e4                USBD_FS_InterfaceStrDescriptor
 .text.CUSTOM_HID_Init_FS
                0x08001508        0x4 build/usbd_custom_hid_if.o
 .text.CUSTOM_HID_DeInit_FS
                0x0800150c        0x4 build/usbd_custom_hid_if.o
 .text.CUSTOM_HID_OutEvent_FS
                0x08001510       0x54 build/usbd_custom_hid_if.o
 .text.USBD_Get_USB_Status
                0x08001564       0x14 build/usbd_conf.o
 .text.HAL_PCD_MspInit
                0x08001578       0x40 build/usbd_conf.o
                0x08001578                HAL_PCD_MspInit
 .text.HAL_PCD_SetupStageCallback
                0x080015b8       0x10 build/usbd_conf.o
                0x080015b8                HAL_PCD_SetupStageCallback
 .text.HAL_PCD_DataOutStageCallback
                0x080015c8       0x18 build/usbd_conf.o
                0x080015c8                HAL_PCD_DataOutStageCallback
 .text.HAL_PCD_DataInStageCallback
                0x080015e0       0x16 build/usbd_conf.o
                0x080015e0                HAL_PCD_DataInStageCallback
 .text.HAL_PCD_SOFCallback
                0x080015f6        0xc build/usbd_conf.o
                0x080015f6                HAL_PCD_SOFCallback
 .text.HAL_PCD_ResetCallback
                0x08001602       0x24 build/usbd_conf.o
                0x08001602                HAL_PCD_ResetCallback
 *fill*         0x08001626        0x2 
 .text.HAL_PCD_SuspendCallback
                0x08001628       0x20 build/usbd_conf.o
                0x08001628                HAL_PCD_SuspendCallback
 .text.HAL_PCD_ResumeCallback
                0x08001648        0xc build/usbd_conf.o
                0x08001648                HAL_PCD_ResumeCallback
 .text.USBD_LL_Init
                0x08001654       0x74 build/usbd_conf.o
                0x08001654                USBD_LL_Init
 .text.USBD_LL_Start
                0x080016c8       0x10 build/usbd_conf.o
                0x080016c8                USBD_LL_Start
 .text.USBD_LL_OpenEP
                0x080016d8       0x16 build/usbd_conf.o
                0x080016d8                USBD_LL_OpenEP
 .text.USBD_LL_CloseEP
                0x080016ee       0x10 build/usbd_conf.o
                0x080016ee                USBD_LL_CloseEP
 .text.USBD_LL_StallEP
                0x080016fe       0x10 build/usbd_conf.o
                0x080016fe                USBD_LL_StallEP
 .text.USBD_LL_ClearStallEP
                0x0800170e       0x10 build/usbd_conf.o
                0x0800170e                USBD_LL_ClearStallEP
 .text.USBD_LL_IsStallEP
                0x0800171e       0x2e build/usbd_conf.o
                0x0800171e                USBD_LL_IsStallEP
 .text.USBD_LL_SetUSBAddress
                0x0800174c       0x10 build/usbd_conf.o
                0x0800174c                USBD_LL_SetUSBAddress
 .text.USBD_LL_Transmit
                0x0800175c       0x10 build/usbd_conf.o
                0x0800175c                USBD_LL_Transmit
 .text.USBD_LL_PrepareReceive
                0x0800176c       0x10 build/usbd_conf.o
                0x0800176c                USBD_LL_PrepareReceive
 .text.USBD_static_malloc
                0x0800177c        0x8 build/usbd_conf.o
                0x0800177c                USBD_static_malloc
 .text.USBD_static_free
                0x08001784        0x2 build/usbd_conf.o
                0x08001784                USBD_static_free
 .text.HAL_PCDEx_SetConnectionState
                0x08001786        0x2 build/usbd_conf.o
                0x08001786                HAL_PCDEx_SetConnectionState
 .text.HAL_PCD_EP_DB_Receive
                0x08001788      0x11c build/stm32f1xx_hal_pcd.o
 .text.HAL_PCD_Init
                0x080018a4      0x118 build/stm32f1xx_hal_pcd.o
                0x080018a4                HAL_PCD_Init
 .text.HAL_PCD_Start
                0x080019bc       0x32 build/stm32f1xx_hal_pcd.o
                0x080019bc                HAL_PCD_Start
 .text.HAL_PCD_EP_DB_Transmit
                0x080019ee      0x420 build/stm32f1xx_hal_pcd.o
 .text.PCD_EP_ISR_Handler
                0x08001e0e      0x438 build/stm32f1xx_hal_pcd.o
 .text.HAL_PCD_SetAddress
                0x08002246       0x28 build/stm32f1xx_hal_pcd.o
                0x08002246                HAL_PCD_SetAddress
 .text.HAL_PCD_IRQHandler
                0x0800226e      0x1d4 build/stm32f1xx_hal_pcd.o
                0x0800226e                HAL_PCD_IRQHandler
 .text.HAL_PCD_EP_Open
                0x08002442       0x84 build/stm32f1xx_hal_pcd.o
                0x08002442                HAL_PCD_EP_Open
 .text.HAL_PCD_EP_Close
                0x080024c6       0x64 build/stm32f1xx_hal_pcd.o
                0x080024c6                HAL_PCD_EP_Close
 .text.HAL_PCD_EP_Receive
                0x0800252a       0x44 build/stm32f1xx_hal_pcd.o
                0x0800252a                HAL_PCD_EP_Receive
 .text.HAL_PCD_EP_Transmit
                0x0800256e       0x50 build/stm32f1xx_hal_pcd.o
                0x0800256e                HAL_PCD_EP_Transmit
 .text.HAL_PCD_EP_SetStall
                0x080025be       0x78 build/stm32f1xx_hal_pcd.o
                0x080025be                HAL_PCD_EP_SetStall
 .text.HAL_PCD_EP_ClrStall
                0x08002636       0x76 build/stm32f1xx_hal_pcd.o
                0x08002636                HAL_PCD_EP_ClrStall
 .text.HAL_PCDEx_PMAConfig
                0x080026ac       0x38 build/stm32f1xx_hal_pcd_ex.o
                0x080026ac                HAL_PCDEx_PMAConfig
 .text.USB_CoreInit
                0x080026e4        0xe build/stm32f1xx_ll_usb.o
                0x080026e4                USB_CoreInit
 .text.USB_EnableGlobalInt
                0x080026f2       0x12 build/stm32f1xx_ll_usb.o
                0x080026f2                USB_EnableGlobalInt
 .text.USB_DisableGlobalInt
                0x08002704       0x14 build/stm32f1xx_ll_usb.o
                0x08002704                USB_DisableGlobalInt
 .text.USB_SetCurrentMode
                0x08002718        0x4 build/stm32f1xx_ll_usb.o
                0x08002718                USB_SetCurrentMode
 .text.USB_DevInit
                0x0800271c       0x22 build/stm32f1xx_ll_usb.o
                0x0800271c                USB_DevInit
 .text.USB_ActivateEndpoint
                0x0800273e      0x378 build/stm32f1xx_ll_usb.o
                0x0800273e                USB_ActivateEndpoint
 .text.USB_DeactivateEndpoint
                0x08002ab6      0x1d6 build/stm32f1xx_ll_usb.o
                0x08002ab6                USB_DeactivateEndpoint
 .text.USB_EPSetStall
                0x08002c8c       0x4a build/stm32f1xx_ll_usb.o
                0x08002c8c                USB_EPSetStall
 .text.USB_EPClearStall
                0x08002cd6       0xa2 build/stm32f1xx_ll_usb.o
                0x08002cd6                USB_EPClearStall
 .text.USB_SetDevAddress
                0x08002d78        0xc build/stm32f1xx_ll_usb.o
                0x08002d78                USB_SetDevAddress
 .text.USB_DevConnect
                0x08002d84        0x4 build/stm32f1xx_ll_usb.o
                0x08002d84                USB_DevConnect
 .text.USB_DevDisconnect
                0x08002d88        0x4 build/stm32f1xx_ll_usb.o
                0x08002d88                USB_DevDisconnect
 .text.USB_ReadInterrupts
                0x08002d8c        0x8 build/stm32f1xx_ll_usb.o
                0x08002d8c                USB_ReadInterrupts
 .text.USB_EP0_OutStart
                0x08002d94        0x4 build/stm32f1xx_ll_usb.o
                0x08002d94                USB_EP0_OutStart
 .text.USB_WritePMA
                0x08002d98       0x28 build/stm32f1xx_ll_usb.o
                0x08002d98                USB_WritePMA
 .text.USB_EPStartXfer
                0x08002dc0      0x8b2 build/stm32f1xx_ll_usb.o
                0x08002dc0                USB_EPStartXfer
 .text.USB_ReadPMA
                0x08003672       0x30 build/stm32f1xx_ll_usb.o
                0x08003672                USB_ReadPMA
 *fill*         0x080036a2        0x2 
 .text.HAL_Init
                0x080036a4       0x24 build/stm32f1xx_hal.o
                0x080036a4                HAL_Init
 .text.HAL_IncTick
                0x080036c8       0x18 build/stm32f1xx_hal.o
                0x080036c8                HAL_IncTick
 .text.HAL_GetTick
                0x080036e0        0xc build/stm32f1xx_hal.o
                0x080036e0                HAL_GetTick
 .text.RCC_Delay
                0x080036ec       0x2c build/stm32f1xx_hal_rcc.o
 .text.HAL_RCC_OscConfig
                0x08003718      0x410 build/stm32f1xx_hal_rcc.o
                0x08003718                HAL_RCC_OscConfig
 .text.HAL_RCC_GetSysClockFreq
                0x08003b28       0x70 build/stm32f1xx_hal_rcc.o
                0x08003b28                HAL_RCC_GetSysClockFreq
 .text.HAL_RCC_ClockConfig
                0x08003b98      0x16c build/stm32f1xx_hal_rcc.o
                0x08003b98                HAL_RCC_ClockConfig
 .text.HAL_RCC_GetHCLKFreq
                0x08003d04        0xc build/stm32f1xx_hal_rcc.o
                0x08003d04                HAL_RCC_GetHCLKFreq
 .text.HAL_RCC_GetPCLK1Freq
                0x08003d10       0x20 build/stm32f1xx_hal_rcc.o
                0x08003d10                HAL_RCC_GetPCLK1Freq
 .text.HAL_RCC_GetPCLK2Freq
                0x08003d30       0x20 build/stm32f1xx_hal_rcc.o
                0x08003d30                HAL_RCC_GetPCLK2Freq
 .text.HAL_RCC_GetClockConfig
                0x08003d50       0x3c build/stm32f1xx_hal_rcc.o
                0x08003d50                HAL_RCC_GetClockConfig
 .text.HAL_RCCEx_PeriphCLKConfig
                0x08003d8c      0x118 build/stm32f1xx_hal_rcc_ex.o
                0x08003d8c                HAL_RCCEx_PeriphCLKConfig
 .text.HAL_GPIO_Init
                0x08003ea4      0x224 build/stm32f1xx_hal_gpio.o
                0x08003ea4                HAL_GPIO_Init
 .text.HAL_GPIO_WritePin
                0x080040c8        0xc build/stm32f1xx_hal_gpio.o
                0x080040c8                HAL_GPIO_WritePin
 .text.HAL_GPIO_EXTI_IRQHandler
                0x080040d4       0x1c build/stm32f1xx_hal_gpio.o
                0x080040d4                HAL_GPIO_EXTI_IRQHandler
 .text.HAL_DMA_Abort
                0x080040f0       0x44 build/stm32f1xx_hal_dma.o
                0x080040f0                HAL_DMA_Abort
 .text.HAL_DMA_Abort_IT
                0x08004134       0x98 build/stm32f1xx_hal_dma.o
                0x08004134                HAL_DMA_Abort_IT
 .text.HAL_DMA_GetState
                0x080041cc        0x6 build/stm32f1xx_hal_dma.o
                0x080041cc                HAL_DMA_GetState
 *fill*         0x080041d2        0x2 
 .text.HAL_NVIC_SetPriorityGrouping
                0x080041d4       0x24 build/stm32f1xx_hal_cortex.o
                0x080041d4                HAL_NVIC_SetPriorityGrouping
 .text.HAL_NVIC_SetPriority
                0x080041f8       0x70 build/stm32f1xx_hal_cortex.o
                0x080041f8                HAL_NVIC_SetPriority
 .text.HAL_NVIC_EnableIRQ
                0x08004268       0x1c build/stm32f1xx_hal_cortex.o
                0x08004268                HAL_NVIC_EnableIRQ
 .text.I2C_Master_SB
                0x08004284       0xa8 build/stm32f1xx_hal_i2c.o
 .text.I2C_Master_ADD10
                0x0800432c       0x2a build/stm32f1xx_hal_i2c.o
 .text.I2C_Master_ADDR
                0x08004356      0x216 build/stm32f1xx_hal_i2c.o
 .text.I2C_SlaveTransmit_BTF
                0x0800456c       0x20 build/stm32f1xx_hal_i2c.o
 .text.I2C_SlaveReceive_BTF
                0x0800458c       0x20 build/stm32f1xx_hal_i2c.o
 .text.I2C_WaitOnSTOPRequestThroughIT
                0x080045ac       0x48 build/stm32f1xx_hal_i2c.o
 .text.I2C_ConvertOtherXferOptions
                0x080045f4       0x1e build/stm32f1xx_hal_i2c.o
 *fill*         0x08004612        0x2 
 .text.HAL_I2C_Init
                0x08004614      0x1bc build/stm32f1xx_hal_i2c.o
                0x08004614                HAL_I2C_Init
 .text.HAL_I2C_MasterTxCpltCallback
                0x080047d0        0x2 build/stm32f1xx_hal_i2c.o
                0x080047d0                HAL_I2C_MasterTxCpltCallback
 .text.HAL_I2C_MasterRxCpltCallback
                0x080047d2        0x2 build/stm32f1xx_hal_i2c.o
                0x080047d2                HAL_I2C_MasterRxCpltCallback
 .text.HAL_I2C_SlaveTxCpltCallback
                0x080047d4        0x2 build/stm32f1xx_hal_i2c.o
                0x080047d4                HAL_I2C_SlaveTxCpltCallback
 .text.I2C_SlaveTransmit_TXE
                0x080047d6       0x4c build/stm32f1xx_hal_i2c.o
 .text.HAL_I2C_SlaveRxCpltCallback
                0x08004822        0x2 build/stm32f1xx_hal_i2c.o
                0x08004822                HAL_I2C_SlaveRxCpltCallback
 .text.I2C_SlaveReceive_RXNE
                0x08004824       0x4c build/stm32f1xx_hal_i2c.o
 .text.HAL_I2C_AddrCallback
                0x08004870        0x2 build/stm32f1xx_hal_i2c.o
                0x08004870                HAL_I2C_AddrCallback
 .text.I2C_Slave_ADDR
                0x08004872       0x5a build/stm32f1xx_hal_i2c.o
 .text.HAL_I2C_ListenCpltCallback
                0x080048cc        0x2 build/stm32f1xx_hal_i2c.o
                0x080048cc                HAL_I2C_ListenCpltCallback
 *fill*         0x080048ce        0x2 
 .text.I2C_Slave_AF
                0x080048d0       0x94 build/stm32f1xx_hal_i2c.o
 .text.HAL_I2C_MemTxCpltCallback
                0x08004964        0x2 build/stm32f1xx_hal_i2c.o
                0x08004964                HAL_I2C_MemTxCpltCallback
 .text.I2C_MasterTransmit_BTF
                0x08004966       0x9e build/stm32f1xx_hal_i2c.o
 .text.I2C_MemoryTransmit_TXE_BTF
                0x08004a04       0xbe build/stm32f1xx_hal_i2c.o
 .text.I2C_MasterTransmit_TXE
                0x08004ac2       0xd0 build/stm32f1xx_hal_i2c.o
 .text.HAL_I2C_MemRxCpltCallback
                0x08004b92        0x2 build/stm32f1xx_hal_i2c.o
                0x08004b92                HAL_I2C_MemRxCpltCallback
 .text.I2C_MasterReceive_BTF
                0x08004b94      0x128 build/stm32f1xx_hal_i2c.o
 .text.HAL_I2C_ErrorCallback
                0x08004cbc        0x2 build/stm32f1xx_hal_i2c.o
                0x08004cbc                HAL_I2C_ErrorCallback
 .text.I2C_MasterReceive_RXNE
                0x08004cbe       0xec build/stm32f1xx_hal_i2c.o
 .text.HAL_I2C_AbortCpltCallback
                0x08004daa        0x2 build/stm32f1xx_hal_i2c.o
                0x08004daa                HAL_I2C_AbortCpltCallback
 .text.I2C_DMAAbort
                0x08004dac       0xe4 build/stm32f1xx_hal_i2c.o
 .text.I2C_ITError
                0x08004e90      0x174 build/stm32f1xx_hal_i2c.o
 .text.I2C_Slave_STOPF
                0x08005004      0x18c build/stm32f1xx_hal_i2c.o
 .text.HAL_I2C_EV_IRQHandler
                0x08005190      0x1a0 build/stm32f1xx_hal_i2c.o
                0x08005190                HAL_I2C_EV_IRQHandler
 .text.HAL_I2C_ER_IRQHandler
                0x08005330       0xce build/stm32f1xx_hal_i2c.o
                0x08005330                HAL_I2C_ER_IRQHandler
 .text.HAL_SPI_ErrorCallback
                0x080053fe        0x2 build/stm32f1xx_hal_spi.o
                0x080053fe                HAL_SPI_ErrorCallback
 .text.HAL_SPI_IRQHandler
                0x08005400      0x108 build/stm32f1xx_hal_spi.o
                0x08005400                HAL_SPI_IRQHandler
 .text.SPI_DMAAbortOnError
                0x08005508       0x10 build/stm32f1xx_hal_spi.o
 .text.HAL_TIM_Base_MspInit
                0x08005518        0x2 build/stm32f1xx_hal_tim.o
                0x08005518                HAL_TIM_Base_MspInit
 *fill*         0x0800551a        0x2 
 .text.HAL_TIM_Base_Start_IT
                0x0800551c       0x68 build/stm32f1xx_hal_tim.o
                0x0800551c                HAL_TIM_Base_Start_IT
 .text.HAL_TIM_OC_DelayElapsedCallback
                0x08005584        0x2 build/stm32f1xx_hal_tim.o
                0x08005584                HAL_TIM_OC_DelayElapsedCallback
 .text.HAL_TIM_IC_CaptureCallback
                0x08005586        0x2 build/stm32f1xx_hal_tim.o
                0x08005586                HAL_TIM_IC_CaptureCallback
 .text.HAL_TIM_PWM_PulseFinishedCallback
                0x08005588        0x2 build/stm32f1xx_hal_tim.o
                0x08005588                HAL_TIM_PWM_PulseFinishedCallback
 .text.HAL_TIM_TriggerCallback
                0x0800558a        0x2 build/stm32f1xx_hal_tim.o
                0x0800558a                HAL_TIM_TriggerCallback
 .text.HAL_TIM_IRQHandler
                0x0800558c      0x17a build/stm32f1xx_hal_tim.o
                0x0800558c                HAL_TIM_IRQHandler
 *fill*         0x08005706        0x2 
 .text.TIM_Base_SetConfig
                0x08005708       0x74 build/stm32f1xx_hal_tim.o
                0x08005708                TIM_Base_SetConfig
 .text.HAL_TIM_Base_Init
                0x0800577c       0x58 build/stm32f1xx_hal_tim.o
                0x0800577c                HAL_TIM_Base_Init
 .text.HAL_TIMEx_CommutCallback
                0x080057d4        0x2 build/stm32f1xx_hal_tim_ex.o
                0x080057d4                HAL_TIMEx_CommutCallback
 .text.HAL_TIMEx_BreakCallback
                0x080057d6        0x2 build/stm32f1xx_hal_tim_ex.o
                0x080057d6                HAL_TIMEx_BreakCallback
 .text.UART_EndRxTransfer
                0x080057d8       0x32 build/stm32f1xx_hal_uart.o
 .text.UART_Transmit_IT
                0x0800580a       0x60 build/stm32f1xx_hal_uart.o
 *fill*         0x0800586a        0x2 
 .text.UART_SetConfig
                0x0800586c       0x94 build/stm32f1xx_hal_uart.o
 .text.UART_WaitOnFlagUntilTimeout
                0x08005900       0x6c build/stm32f1xx_hal_uart.o
 .text.HAL_UART_Init
                0x0800596c       0x5e build/stm32f1xx_hal_uart.o
                0x0800596c                HAL_UART_Init
 .text.HAL_UART_Transmit
                0x080059ca       0xd8 build/stm32f1xx_hal_uart.o
                0x080059ca                HAL_UART_Transmit
 .text.HAL_UART_TxCpltCallback
                0x08005aa2        0x2 build/stm32f1xx_hal_uart.o
                0x08005aa2                HAL_UART_TxCpltCallback
 .text.UART_EndTransmit_IT
                0x08005aa4       0x1a build/stm32f1xx_hal_uart.o
 .text.HAL_UART_ErrorCallback
                0x08005abe        0x2 build/stm32f1xx_hal_uart.o
                0x08005abe                HAL_UART_ErrorCallback
 .text.UART_DMAAbortOnError
                0x08005ac0       0x10 build/stm32f1xx_hal_uart.o
 .text.HAL_UARTEx_RxEventCallback
                0x08005ad0        0x2 build/stm32f1xx_hal_uart.o
                0x08005ad0                HAL_UARTEx_RxEventCallback
 .text.UART_Receive_IT
                0x08005ad2       0xd4 build/stm32f1xx_hal_uart.o
 *fill*         0x08005ba6        0x2 
 .text.HAL_UART_IRQHandler
                0x08005ba8      0x204 build/stm32f1xx_hal_uart.o
                0x08005ba8                HAL_UART_IRQHandler
 .text.UART_Start_Receive_IT
                0x08005dac       0x36 build/stm32f1xx_hal_uart.o
                0x08005dac                UART_Start_Receive_IT
 .text.HAL_UART_Receive_IT
                0x08005de2       0x38 build/stm32f1xx_hal_uart.o
                0x08005de2                HAL_UART_Receive_IT
 .text.SystemInit
                0x08005e1a        0x2 build/system_stm32f1xx.o
                0x08005e1a                SystemInit
 .text.vListInitialise
                0x08005e1c       0x16 build/list.o
                0x08005e1c                vListInitialise
 .text.vListInitialiseItem
                0x08005e32        0x6 build/list.o
                0x08005e32                vListInitialiseItem
 .text.vListInsertEnd
                0x08005e38       0x16 build/list.o
                0x08005e38                vListInsertEnd
 .text.vListInsert
                0x08005e4e       0x32 build/list.o
                0x08005e4e                vListInsert
 .text.uxListRemove
                0x08005e80       0x26 build/list.o
                0x08005e80                uxListRemove
 .text.prvGetDisinheritPriorityAfterTimeout
                0x08005ea6       0x10 build/queue.o
 .text.prvIsQueueFull
                0x08005eb6       0x1e build/queue.o
 .text.prvIsQueueEmpty
                0x08005ed4       0x1a build/queue.o
 .text.prvCopyDataToQueue
                0x08005eee       0x76 build/queue.o
 .text.prvUnlockQueue
                0x08005f64       0x6e build/queue.o
 .text.xQueueGenericReset
                0x08005fd2       0x84 build/queue.o
                0x08005fd2                xQueueGenericReset
 .text.prvInitialiseNewQueue
                0x08006056       0x1c build/queue.o
 .text.xQueueGenericCreate
                0x08006072       0x4e build/queue.o
                0x08006072                xQueueGenericCreate
 .text.xQueueGenericSend
                0x080060c0      0x188 build/queue.o
                0x080060c0                xQueueGenericSend
 .text.xQueueGiveFromISR
                0x08006248       0xb2 build/queue.o
                0x08006248                xQueueGiveFromISR
 .text.xQueueSemaphoreTake
                0x080062fa      0x1a6 build/queue.o
                0x080062fa                xQueueSemaphoreTake
 .text.prvResetNextTaskUnblockTime
                0x080064a0       0x2c build/tasks.o
 .text.prvInitialiseNewTask
                0x080064cc       0x94 build/tasks.o
 .text.prvInitialiseTaskLists
                0x08006560       0x68 build/tasks.o
 .text.prvAddNewTaskToReadyList
                0x080065c8       0xa8 build/tasks.o
 .text.prvDeleteTCB
                0x08006670       0x38 build/tasks.o
 .text.prvCheckTasksWaitingTermination
                0x080066a8       0x4c build/tasks.o
 .text.prvIdleTask
                0x080066f4       0x28 build/tasks.o
 .text.prvAddCurrentTaskToDelayedList
                0x0800671c       0x98 build/tasks.o
 .text.xTaskCreateStatic
                0x080067b4       0x74 build/tasks.o
                0x080067b4                xTaskCreateStatic
 .text.xTaskCreate
                0x08006828       0x68 build/tasks.o
                0x08006828                xTaskCreate
 .text.vTaskStartScheduler
                0x08006890       0x74 build/tasks.o
                0x08006890                vTaskStartScheduler
 .text.vTaskSuspendAll
                0x08006904       0x10 build/tasks.o
                0x08006904                vTaskSuspendAll
 .text.xTaskIncrementTick
                0x08006914      0x118 build/tasks.o
                0x08006914                xTaskIncrementTick
 .text.xTaskResumeAll
                0x08006a2c       0xf8 build/tasks.o
                0x08006a2c                xTaskResumeAll
 .text.vTaskDelay
                0x08006b24       0x4c build/tasks.o
                0x08006b24                vTaskDelay
 .text.vTaskSwitchContext
                0x08006b70       0x98 build/tasks.o
                0x08006b70                vTaskSwitchContext
 .text.vTaskPlaceOnEventList
                0x08006c08       0x30 build/tasks.o
                0x08006c08                vTaskPlaceOnEventList
 .text.xTaskRemoveFromEventList
                0x08006c38       0x8c build/tasks.o
                0x08006c38                xTaskRemoveFromEventList
 .text.vTaskInternalSetTimeOutState
                0x08006cc4       0x18 build/tasks.o
                0x08006cc4                vTaskInternalSetTimeOutState
 .text.xTaskCheckForTimeOut
                0x08006cdc       0x84 build/tasks.o
                0x08006cdc                xTaskCheckForTimeOut
 .text.vTaskMissedYield
                0x08006d60        0xc build/tasks.o
                0x08006d60                vTaskMissedYield
 .text.xTaskGetSchedulerState
                0x08006d6c       0x20 build/tasks.o
                0x08006d6c                xTaskGetSchedulerState
 .text.xTaskPriorityInherit
                0x08006d8c       0xbc build/tasks.o
                0x08006d8c                xTaskPriorityInherit
 .text.xTaskPriorityDisinherit
                0x08006e48       0xb4 build/tasks.o
                0x08006e48                xTaskPriorityDisinherit
 .text.vTaskPriorityDisinheritAfterTimeout
                0x08006efc       0xc0 build/tasks.o
                0x08006efc                vTaskPriorityDisinheritAfterTimeout
 .text.pvTaskIncrementMutexHeldCount
                0x08006fbc       0x1c build/tasks.o
                0x08006fbc                pvTaskIncrementMutexHeldCount
 .text.osDelay  0x08006fd8        0xe build/cmsis_os.o
                0x08006fd8                osDelay
 *fill*         0x08006fe6        0x2 
 .text.prvHeapInit
                0x08006fe8       0x68 build/heap_4.o
 .text.prvInsertBlockIntoFreeList
                0x08007050       0x60 build/heap_4.o
 .text.pvPortMalloc
                0x080070b0       0xf0 build/heap_4.o
                0x080070b0                pvPortMalloc
 .text.vPortFree
                0x080071a0       0x70 build/heap_4.o
                0x080071a0                vPortFree
 .text.prvTaskExitError
                0x08007210       0x40 build/port.o
 .text.prvPortStartFirstTask
                0x08007250       0x20 build/port.o
 .text.pxPortInitialiseStack
                0x08007270       0x24 build/port.o
                0x08007270                pxPortInitialiseStack
 *fill*         0x08007294        0xc 
 .text.SVC_Handler
                0x080072a0       0x24 build/port.o
                0x080072a0                SVC_Handler
 .text.vPortEnterCritical
                0x080072c4       0x44 build/port.o
                0x080072c4                vPortEnterCritical
 .text.vPortExitCritical
                0x08007308       0x2c build/port.o
                0x08007308                vPortExitCritical
 *fill*         0x08007334        0xc 
 .text.PendSV_Handler
                0x08007340       0x44 build/port.o
                0x08007340                PendSV_Handler
 .text.SysTick_Handler
                0x08007384       0x2c build/port.o
                0x08007384                SysTick_Handler
 .text.vPortSetupTimerInterrupt
                0x080073b0       0x28 build/port.o
                0x080073b0                vPortSetupTimerInterrupt
 .text.xPortStartScheduler
                0x080073d8       0xc0 build/port.o
                0x080073d8                xPortStartScheduler
 .text.vPortValidateInterruptPriority
                0x08007498       0x5c build/port.o
                0x08007498                vPortValidateInterruptPriority
 .text.USBD_Init
                0x080074f4       0x2e build/usbd_core.o
                0x080074f4                USBD_Init
 .text.USBD_RegisterClass
                0x08007522        0xe build/usbd_core.o
                0x08007522                USBD_RegisterClass
 .text.USBD_Start
                0x08007530        0xa build/usbd_core.o
                0x08007530                USBD_Start
 .text.USBD_SetClassConfig
                0x0800753a       0x18 build/usbd_core.o
                0x0800753a                USBD_SetClassConfig
 .text.USBD_ClrClassConfig
                0x08007552        0xe build/usbd_core.o
                0x08007552                USBD_ClrClassConfig
 .text.USBD_LL_SetupStage
                0x08007560       0x5a build/usbd_core.o
                0x08007560                USBD_LL_SetupStage
 .text.USBD_LL_DataOutStage
                0x080075ba       0x8c build/usbd_core.o
                0x080075ba                USBD_LL_DataOutStage
 .text.USBD_LL_DataInStage
                0x08007646       0xd0 build/usbd_core.o
                0x08007646                USBD_LL_DataInStage
 .text.USBD_LL_Reset
                0x08007716       0x50 build/usbd_core.o
                0x08007716                USBD_LL_Reset
 .text.USBD_LL_SetSpeed
                0x08007766        0x6 build/usbd_core.o
                0x08007766                USBD_LL_SetSpeed
 .text.USBD_LL_Suspend
                0x0800776c       0x12 build/usbd_core.o
                0x0800776c                USBD_LL_Suspend
 .text.USBD_LL_Resume
                0x0800777e       0x16 build/usbd_core.o
                0x0800777e                USBD_LL_Resume
 .text.USBD_LL_SOF
                0x08007794       0x1c build/usbd_core.o
                0x08007794                USBD_LL_SOF
 .text.USBD_GetLen
                0x080077b0       0x14 build/usbd_ctlreq.o
 .text.USBD_SetFeature
                0x080077c4       0x14 build/usbd_ctlreq.o
 .text.USBD_ParseSetupRequest
                0x080077d8       0x28 build/usbd_ctlreq.o
                0x080077d8                USBD_ParseSetupRequest
 .text.USBD_CtlError
                0x08007800       0x14 build/usbd_ctlreq.o
                0x08007800                USBD_CtlError
 .text.USBD_GetDescriptor
                0x08007814      0x186 build/usbd_ctlreq.o
 .text.USBD_SetAddress
                0x0800799a       0x4e build/usbd_ctlreq.o
 .text.USBD_SetConfig
                0x080079e8       0xb0 build/usbd_ctlreq.o
 .text.USBD_GetConfig
                0x08007a98       0x3e build/usbd_ctlreq.o
 .text.USBD_GetStatus
                0x08007ad6       0x38 build/usbd_ctlreq.o
 .text.USBD_ClrFeature
                0x08007b0e       0x26 build/usbd_ctlreq.o
 .text.USBD_StdDevReq
                0x08007b34       0x68 build/usbd_ctlreq.o
                0x08007b34                USBD_StdDevReq
 .text.USBD_StdItfReq
                0x08007b9c       0x60 build/usbd_ctlreq.o
                0x08007b9c                USBD_StdItfReq
 .text.USBD_StdEPReq
                0x08007bfc      0x1e2 build/usbd_ctlreq.o
                0x08007bfc                USBD_StdEPReq
 .text.USBD_GetString
                0x08007dde       0x3a build/usbd_ctlreq.o
                0x08007dde                USBD_GetString
 .text.USBD_CtlSendData
                0x08007e18       0x1a build/usbd_ioreq.o
                0x08007e18                USBD_CtlSendData
 .text.USBD_CtlContinueSendData
                0x08007e32       0x10 build/usbd_ioreq.o
                0x08007e32                USBD_CtlContinueSendData
 .text.USBD_CtlPrepareRx
                0x08007e42       0x1e build/usbd_ioreq.o
                0x08007e42                USBD_CtlPrepareRx
 .text.USBD_CtlContinueRx
                0x08007e60       0x10 build/usbd_ioreq.o
                0x08007e60                USBD_CtlContinueRx
 .text.USBD_CtlSendStatus
                0x08007e70       0x16 build/usbd_ioreq.o
                0x08007e70                USBD_CtlSendStatus
 .text.USBD_CtlReceiveStatus
                0x08007e86       0x16 build/usbd_ioreq.o
                0x08007e86                USBD_CtlReceiveStatus
 .text.USBD_CUSTOM_HID_GetFSCfgDesc
                0x08007e9c        0xc build/usbd_customhid.o
 .text.USBD_CUSTOM_HID_GetHSCfgDesc
                0x08007ea8        0xc build/usbd_customhid.o
 .text.USBD_CUSTOM_HID_GetOtherSpeedCfgDesc
                0x08007eb4        0xc build/usbd_customhid.o
 .text.USBD_CUSTOM_HID_DataIn
                0x08007ec0        0xc build/usbd_customhid.o
 .text.USBD_CUSTOM_HID_EP0_RxReady
                0x08007ecc       0x22 build/usbd_customhid.o
 *fill*         0x08007eee        0x2 
 .text.USBD_CUSTOM_HID_GetDeviceQualifierDesc
                0x08007ef0        0xc build/usbd_customhid.o
 .text.USBD_CUSTOM_HID_DataOut
                0x08007efc       0x24 build/usbd_customhid.o
 .text.USBD_CUSTOM_HID_Setup
                0x08007f20      0x128 build/usbd_customhid.o
 .text.USBD_CUSTOM_HID_DeInit
                0x08008048       0x38 build/usbd_customhid.o
 .text.USBD_CUSTOM_HID_Init
                0x08008080       0x52 build/usbd_customhid.o
 .text.USBD_CUSTOM_HID_SendReport
                0x080080d2       0x30 build/usbd_customhid.o
                0x080080d2                USBD_CUSTOM_HID_SendReport
 .text.USBD_CUSTOM_HID_RegisterInterface
                0x08008102        0xe build/usbd_customhid.o
                0x08008102                USBD_CUSTOM_HID_RegisterInterface
 .text.InitCNC  0x08008110       0x2e build/TaskCNC.o
                0x08008110                InitCNC
 *fill*         0x0800813e        0x2 
 .text.ProcessBtnPress
                0x08008140       0x38 build/TaskCNC.o
                0x08008140                ProcessBtnPress
 .text.ProcessMode
                0x08008178       0x6c build/TaskCNC.o
                0x08008178                ProcessMode
 .text.ReceiveDataFromGUI
                0x080081e4      0x134 build/TaskCNC.o
                0x080081e4                ReceiveDataFromGUI
 .text.ReceiveDataFromCNC
                0x08008318       0x54 build/TaskCNC.o
                0x08008318                ReceiveDataFromCNC
 .text.Reset_Handler
                0x0800836c       0x48 build/startup_stm32f103xb.o
                0x0800836c                Reset_Handler
 .text.Default_Handler
                0x080083b4        0x2 build/startup_stm32f103xb.o
                0x080083b4                RTC_Alarm_IRQHandler
                0x080083b4                EXTI2_IRQHandler
                0x080083b4                TIM1_CC_IRQHandler
                0x080083b4                PVD_IRQHandler
                0x080083b4                EXTI0_IRQHandler
                0x080083b4                I2C2_EV_IRQHandler
                0x080083b4                ADC1_2_IRQHandler
                0x080083b4                TAMPER_IRQHandler
                0x080083b4                DMA1_Channel4_IRQHandler
                0x080083b4                USART3_IRQHandler
                0x080083b4                RTC_IRQHandler
                0x080083b4                DMA1_Channel7_IRQHandler
                0x080083b4                CAN1_RX1_IRQHandler
                0x080083b4                TIM4_IRQHandler
                0x080083b4                DMA1_Channel6_IRQHandler
                0x080083b4                TIM3_IRQHandler
                0x080083b4                RCC_IRQHandler
                0x080083b4                TIM1_TRG_COM_IRQHandler
                0x080083b4                DMA1_Channel1_IRQHandler
                0x080083b4                Default_Handler
                0x080083b4                SPI2_IRQHandler
                0x080083b4                DMA1_Channel5_IRQHandler
                0x080083b4                USB_HP_CAN1_TX_IRQHandler
                0x080083b4                DMA1_Channel3_IRQHandler
                0x080083b4                WWDG_IRQHandler
                0x080083b4                TIM2_IRQHandler
                0x080083b4                TIM1_BRK_IRQHandler
                0x080083b4                EXTI1_IRQHandler
                0x080083b4                I2C2_ER_IRQHandler
                0x080083b4                DMA1_Channel2_IRQHandler
                0x080083b4                CAN1_SCE_IRQHandler
                0x080083b4                FLASH_IRQHandler
                0x080083b4                USART1_IRQHandler
                0x080083b4                USBWakeUp_IRQHandler
 *fill*         0x080083b6        0x2 
 .text.__libc_init_array
                0x080083b8       0x48 e:/project/program/vscode/tools/gcc-arm-none-eabi-10.3-2021.10/bin/../lib/gcc/arm-none-eabi/10.3.1/../../../../arm-none-eabi/lib/thumb/v7-m/nofp\libc_nano.a(lib_a-init.o)
                0x080083b8                __libc_init_array
 .text.memcpy   0x08008400       0x1c e:/project/program/vscode/tools/gcc-arm-none-eabi-10.3-2021.10/bin/../lib/gcc/arm-none-eabi/10.3.1/../../../../arm-none-eabi/lib/thumb/v7-m/nofp\libc_nano.a(lib_a-memcpy-stub.o)
                0x08008400                memcpy
 .text.memset   0x0800841c       0x10 e:/project/program/vscode/tools/gcc-arm-none-eabi-10.3-2021.10/bin/../lib/gcc/arm-none-eabi/10.3.1/../../../../arm-none-eabi/lib/thumb/v7-m/nofp\libc_nano.a(lib_a-memset.o)
                0x0800841c                memset
 .text.__cvt    0x0800842c       0xbe e:/project/program/vscode/tools/gcc-arm-none-eabi-10.3-2021.10/bin/../lib/gcc/arm-none-eabi/10.3.1/../../../../arm-none-eabi/lib/thumb/v7-m/nofp\libc_nano.a(lib_a-nano-vfprintf_float.o)
                0x0800842c                __cvt
 .text.__exponent
                0x080084ea       0x7c e:/project/program/vscode/tools/gcc-arm-none-eabi-10.3-2021.10/bin/../lib/gcc/arm-none-eabi/10.3.1/../../../../arm-none-eabi/lib/thumb/v7-m/nofp\libc_nano.a(lib_a-nano-vfprintf_float.o)
                0x080084ea                __exponent
 *fill*         0x08008566        0x2 
 .text._printf_float
                0x08008568      0x458 e:/project/program/vscode/tools/gcc-arm-none-eabi-10.3-2021.10/bin/../lib/gcc/arm-none-eabi/10.3.1/../../../../arm-none-eabi/lib/thumb/v7-m/nofp\libc_nano.a(lib_a-nano-vfprintf_float.o)
                0x08008568                _printf_float
 .text._printf_common
                0x080089c0       0xde e:/project/program/vscode/tools/gcc-arm-none-eabi-10.3-2021.10/bin/../lib/gcc/arm-none-eabi/10.3.1/../../../../arm-none-eabi/lib/thumb/v7-m/nofp\libc_nano.a(lib_a-nano-vfprintf_i.o)
                0x080089c0                _printf_common
 *fill*         0x08008a9e        0x2 
 .text._printf_i
                0x08008aa0      0x24c e:/project/program/vscode/tools/gcc-arm-none-eabi-10.3-2021.10/bin/../lib/gcc/arm-none-eabi/10.3.1/../../../../arm-none-eabi/lib/thumb/v7-m/nofp\libc_nano.a(lib_a-nano-vfprintf_i.o)
                0x08008aa0                _printf_i
 .text._scanf_float
                0x08008cec      0x41c e:/project/program/vscode/tools/gcc-arm-none-eabi-10.3-2021.10/bin/../lib/gcc/arm-none-eabi/10.3.1/../../../../arm-none-eabi/lib/thumb/v7-m/nofp\libc_nano.a(lib_a-nano-vfscanf_float.o)
                0x08008cec                _scanf_float
 .text.nanf     0x08009108        0x8 e:/project/program/vscode/tools/gcc-arm-none-eabi-10.3-2021.10/bin/../lib/gcc/arm-none-eabi/10.3.1/../../../../arm-none-eabi/lib/thumb/v7-m/nofp\libc_nano.a(lib_a-sf_nan.o)
                0x08009108                nanf
 .text.sprintf  0x08009110       0x40 e:/project/program/vscode/tools/gcc-arm-none-eabi-10.3-2021.10/bin/../lib/gcc/arm-none-eabi/10.3.1/../../../../arm-none-eabi/lib/thumb/v7-m/nofp\libc_nano.a(lib_a-sprintf.o)
                0x08009110                siprintf
                0x08009110                sprintf
 .text.sscanf   0x08009150       0x54 e:/project/program/vscode/tools/gcc-arm-none-eabi-10.3-2021.10/bin/../lib/gcc/arm-none-eabi/10.3.1/../../../../arm-none-eabi/lib/thumb/v7-m/nofp\libc_nano.a(lib_a-sscanf.o)
                0x08009150                siscanf
                0x08009150                sscanf
 .text.__sread  0x080091a4       0x22 e:/project/program/vscode/tools/gcc-arm-none-eabi-10.3-2021.10/bin/../lib/gcc/arm-none-eabi/10.3.1/../../../../arm-none-eabi/lib/thumb/v7-m/nofp\libc_nano.a(lib_a-stdio.o)
                0x080091a4                __sread
 .text.__seofread
                0x080091c6        0x4 e:/project/program/vscode/tools/gcc-arm-none-eabi-10.3-2021.10/bin/../lib/gcc/arm-none-eabi/10.3.1/../../../../arm-none-eabi/lib/thumb/v7-m/nofp\libc_nano.a(lib_a-stdio.o)
                0x080091c6                __seofread
 .text.__swrite
                0x080091ca       0x38 e:/project/program/vscode/tools/gcc-arm-none-eabi-10.3-2021.10/bin/../lib/gcc/arm-none-eabi/10.3.1/../../../../arm-none-eabi/lib/thumb/v7-m/nofp\libc_nano.a(lib_a-stdio.o)
                0x080091ca                __swrite
 .text.__sseek  0x08009202       0x24 e:/project/program/vscode/tools/gcc-arm-none-eabi-10.3-2021.10/bin/../lib/gcc/arm-none-eabi/10.3.1/../../../../arm-none-eabi/lib/thumb/v7-m/nofp\libc_nano.a(lib_a-stdio.o)
                0x08009202                __sseek
 .text.__sclose
                0x08009226        0x8 e:/project/program/vscode/tools/gcc-arm-none-eabi-10.3-2021.10/bin/../lib/gcc/arm-none-eabi/10.3.1/../../../../arm-none-eabi/lib/thumb/v7-m/nofp\libc_nano.a(lib_a-stdio.o)
                0x08009226                __sclose
 .text.sulp     0x0800922e       0x42 e:/project/program/vscode/tools/gcc-arm-none-eabi-10.3-2021.10/bin/../lib/gcc/arm-none-eabi/10.3.1/../../../../arm-none-eabi/lib/thumb/v7-m/nofp\libc_nano.a(lib_a-strtod.o)
 .text._strtod_l
                0x08009270      0xbd0 e:/project/program/vscode/tools/gcc-arm-none-eabi-10.3-2021.10/bin/../lib/gcc/arm-none-eabi/10.3.1/../../../../arm-none-eabi/lib/thumb/v7-m/nofp\libc_nano.a(lib_a-strtod.o)
                0x08009270                _strtod_l
 .text._strtod_r
                0x08009e40        0xc e:/project/program/vscode/tools/gcc-arm-none-eabi-10.3-2021.10/bin/../lib/gcc/arm-none-eabi/10.3.1/../../../../arm-none-eabi/lib/thumb/v7-m/nofp\libc_nano.a(lib_a-strtod.o)
                0x08009e40                _strtod_r
 .text._strtol_l.constprop.0
                0x08009e4c       0xf8 e:/project/program/vscode/tools/gcc-arm-none-eabi-10.3-2021.10/bin/../lib/gcc/arm-none-eabi/10.3.1/../../../../arm-none-eabi/lib/thumb/v7-m/nofp\libc_nano.a(lib_a-strtol.o)
 .text._strtol_r
                0x08009f44        0x4 e:/project/program/vscode/tools/gcc-arm-none-eabi-10.3-2021.10/bin/../lib/gcc/arm-none-eabi/10.3.1/../../../../arm-none-eabi/lib/thumb/v7-m/nofp\libc_nano.a(lib_a-strtol.o)
                0x08009f44                _strtol_r
 .text._write_r
                0x08009f48       0x24 e:/project/program/vscode/tools/gcc-arm-none-eabi-10.3-2021.10/bin/../lib/gcc/arm-none-eabi/10.3.1/../../../../arm-none-eabi/lib/thumb/v7-m/nofp\libc_nano.a(lib_a-writer.o)
                0x08009f48                _write_r
 .text._close_r
                0x08009f6c       0x20 e:/project/program/vscode/tools/gcc-arm-none-eabi-10.3-2021.10/bin/../lib/gcc/arm-none-eabi/10.3.1/../../../../arm-none-eabi/lib/thumb/v7-m/nofp\libc_nano.a(lib_a-closer.o)
                0x08009f6c                _close_r
 .text.quorem   0x08009f8c      0x118 e:/project/program/vscode/tools/gcc-arm-none-eabi-10.3-2021.10/bin/../lib/gcc/arm-none-eabi/10.3.1/../../../../arm-none-eabi/lib/thumb/v7-m/nofp\libc_nano.a(lib_a-dtoa.o)
 *fill*         0x0800a0a4        0x4 
 .text._dtoa_r  0x0800a0a8      0xbdc e:/project/program/vscode/tools/gcc-arm-none-eabi-10.3-2021.10/bin/../lib/gcc/arm-none-eabi/10.3.1/../../../../arm-none-eabi/lib/thumb/v7-m/nofp\libc_nano.a(lib_a-dtoa.o)
                0x0800a0a8                _dtoa_r
 .text.__errno  0x0800ac84        0xc e:/project/program/vscode/tools/gcc-arm-none-eabi-10.3-2021.10/bin/../lib/gcc/arm-none-eabi/10.3.1/../../../../arm-none-eabi/lib/thumb/v7-m/nofp\libc_nano.a(lib_a-errno.o)
                0x0800ac84                __errno
 .text.rshift   0x0800ac90       0xa6 e:/project/program/vscode/tools/gcc-arm-none-eabi-10.3-2021.10/bin/../lib/gcc/arm-none-eabi/10.3.1/../../../../arm-none-eabi/lib/thumb/v7-m/nofp\libc_nano.a(lib_a-gdtoa-gethex.o)
 .text.__hexdig_fun
                0x0800ad36       0x2a e:/project/program/vscode/tools/gcc-arm-none-eabi-10.3-2021.10/bin/../lib/gcc/arm-none-eabi/10.3.1/../../../../arm-none-eabi/lib/thumb/v7-m/nofp\libc_nano.a(lib_a-gdtoa-gethex.o)
                0x0800ad36                __hexdig_fun
 .text.__gethex
                0x0800ad60      0x478 e:/project/program/vscode/tools/gcc-arm-none-eabi-10.3-2021.10/bin/../lib/gcc/arm-none-eabi/10.3.1/../../../../arm-none-eabi/lib/thumb/v7-m/nofp\libc_nano.a(lib_a-gdtoa-gethex.o)
                0x0800ad60                __gethex
 .text.L_shift  0x0800b1d8       0x24 e:/project/program/vscode/tools/gcc-arm-none-eabi-10.3-2021.10/bin/../lib/gcc/arm-none-eabi/10.3.1/../../../../arm-none-eabi/lib/thumb/v7-m/nofp\libc_nano.a(lib_a-gdtoa-hexnan.o)
 .text.__match  0x0800b1fc       0x28 e:/project/program/vscode/tools/gcc-arm-none-eabi-10.3-2021.10/bin/../lib/gcc/arm-none-eabi/10.3.1/../../../../arm-none-eabi/lib/thumb/v7-m/nofp\libc_nano.a(lib_a-gdtoa-hexnan.o)
                0x0800b1fc                __match
 .text.__hexnan
                0x0800b224      0x138 e:/project/program/vscode/tools/gcc-arm-none-eabi-10.3-2021.10/bin/../lib/gcc/arm-none-eabi/10.3.1/../../../../arm-none-eabi/lib/thumb/v7-m/nofp\libc_nano.a(lib_a-gdtoa-hexnan.o)
                0x0800b224                __hexnan
 .text._localeconv_r
                0x0800b35c        0x8 e:/project/program/vscode/tools/gcc-arm-none-eabi-10.3-2021.10/bin/../lib/gcc/arm-none-eabi/10.3.1/../../../../arm-none-eabi/lib/thumb/v7-m/nofp\libc_nano.a(lib_a-localeconv.o)
                0x0800b35c                _localeconv_r
 .text._lseek_r
                0x0800b364       0x24 e:/project/program/vscode/tools/gcc-arm-none-eabi-10.3-2021.10/bin/../lib/gcc/arm-none-eabi/10.3.1/../../../../arm-none-eabi/lib/thumb/v7-m/nofp\libc_nano.a(lib_a-lseekr.o)
                0x0800b364                _lseek_r
 .text.malloc   0x0800b388       0x10 e:/project/program/vscode/tools/gcc-arm-none-eabi-10.3-2021.10/bin/../lib/gcc/arm-none-eabi/10.3.1/../../../../arm-none-eabi/lib/thumb/v7-m/nofp\libc_nano.a(lib_a-malloc.o)
                0x0800b388                malloc
 .text.__ascii_mbtowc
                0x0800b398       0x24 e:/project/program/vscode/tools/gcc-arm-none-eabi-10.3-2021.10/bin/../lib/gcc/arm-none-eabi/10.3.1/../../../../arm-none-eabi/lib/thumb/v7-m/nofp\libc_nano.a(lib_a-mbtowc_r.o)
                0x0800b398                __ascii_mbtowc
 .text.memchr   0x0800b3bc       0x1c e:/project/program/vscode/tools/gcc-arm-none-eabi-10.3-2021.10/bin/../lib/gcc/arm-none-eabi/10.3.1/../../../../arm-none-eabi/lib/thumb/v7-m/nofp\libc_nano.a(lib_a-memchr-stub.o)
                0x0800b3bc                memchr
 .text._Balloc  0x0800b3d8       0x80 e:/project/program/vscode/tools/gcc-arm-none-eabi-10.3-2021.10/bin/../lib/gcc/arm-none-eabi/10.3.1/../../../../arm-none-eabi/lib/thumb/v7-m/nofp\libc_nano.a(lib_a-mprec.o)
                0x0800b3d8                _Balloc
 .text._Bfree   0x0800b458       0x44 e:/project/program/vscode/tools/gcc-arm-none-eabi-10.3-2021.10/bin/../lib/gcc/arm-none-eabi/10.3.1/../../../../arm-none-eabi/lib/thumb/v7-m/nofp\libc_nano.a(lib_a-mprec.o)
                0x0800b458                _Bfree
 .text.__multadd
                0x0800b49c       0x8c e:/project/program/vscode/tools/gcc-arm-none-eabi-10.3-2021.10/bin/../lib/gcc/arm-none-eabi/10.3.1/../../../../arm-none-eabi/lib/thumb/v7-m/nofp\libc_nano.a(lib_a-mprec.o)
                0x0800b49c                __multadd
 .text.__s2b    0x0800b528       0x94 e:/project/program/vscode/tools/gcc-arm-none-eabi-10.3-2021.10/bin/../lib/gcc/arm-none-eabi/10.3.1/../../../../arm-none-eabi/lib/thumb/v7-m/nofp\libc_nano.a(lib_a-mprec.o)
                0x0800b528                __s2b
 .text.__hi0bits
                0x0800b5bc       0x40 e:/project/program/vscode/tools/gcc-arm-none-eabi-10.3-2021.10/bin/../lib/gcc/arm-none-eabi/10.3.1/../../../../arm-none-eabi/lib/thumb/v7-m/nofp\libc_nano.a(lib_a-mprec.o)
                0x0800b5bc                __hi0bits
 .text.__lo0bits
                0x0800b5fc       0x5a e:/project/program/vscode/tools/gcc-arm-none-eabi-10.3-2021.10/bin/../lib/gcc/arm-none-eabi/10.3.1/../../../../arm-none-eabi/lib/thumb/v7-m/nofp\libc_nano.a(lib_a-mprec.o)
                0x0800b5fc                __lo0bits
 *fill*         0x0800b656        0x2 
 .text.__i2b    0x0800b658       0x2c e:/project/program/vscode/tools/gcc-arm-none-eabi-10.3-2021.10/bin/../lib/gcc/arm-none-eabi/10.3.1/../../../../arm-none-eabi/lib/thumb/v7-m/nofp\libc_nano.a(lib_a-mprec.o)
                0x0800b658                __i2b
 .text.__multiply
                0x0800b684      0x150 e:/project/program/vscode/tools/gcc-arm-none-eabi-10.3-2021.10/bin/../lib/gcc/arm-none-eabi/10.3.1/../../../../arm-none-eabi/lib/thumb/v7-m/nofp\libc_nano.a(lib_a-mprec.o)
                0x0800b684                __multiply
 .text.__pow5mult
                0x0800b7d4       0xb4 e:/project/program/vscode/tools/gcc-arm-none-eabi-10.3-2021.10/bin/../lib/gcc/arm-none-eabi/10.3.1/../../../../arm-none-eabi/lib/thumb/v7-m/nofp\libc_nano.a(lib_a-mprec.o)
                0x0800b7d4                __pow5mult
 .text.__lshift
                0x0800b888       0xe0 e:/project/program/vscode/tools/gcc-arm-none-eabi-10.3-2021.10/bin/../lib/gcc/arm-none-eabi/10.3.1/../../../../arm-none-eabi/lib/thumb/v7-m/nofp\libc_nano.a(lib_a-mprec.o)
                0x0800b888                __lshift
 .text.__mcmp   0x0800b968       0x36 e:/project/program/vscode/tools/gcc-arm-none-eabi-10.3-2021.10/bin/../lib/gcc/arm-none-eabi/10.3.1/../../../../arm-none-eabi/lib/thumb/v7-m/nofp\libc_nano.a(lib_a-mprec.o)
                0x0800b968                __mcmp
 *fill*         0x0800b99e        0x2 
 .text.__mdiff  0x0800b9a0      0x118 e:/project/program/vscode/tools/gcc-arm-none-eabi-10.3-2021.10/bin/../lib/gcc/arm-none-eabi/10.3.1/../../../../arm-none-eabi/lib/thumb/v7-m/nofp\libc_nano.a(lib_a-mprec.o)
                0x0800b9a0                __mdiff
 .text.__ulp    0x0800bab8       0x4c e:/project/program/vscode/tools/gcc-arm-none-eabi-10.3-2021.10/bin/../lib/gcc/arm-none-eabi/10.3.1/../../../../arm-none-eabi/lib/thumb/v7-m/nofp\libc_nano.a(lib_a-mprec.o)
                0x0800bab8                __ulp
 .text.__b2d    0x0800bb04       0xa8 e:/project/program/vscode/tools/gcc-arm-none-eabi-10.3-2021.10/bin/../lib/gcc/arm-none-eabi/10.3.1/../../../../arm-none-eabi/lib/thumb/v7-m/nofp\libc_nano.a(lib_a-mprec.o)
                0x0800bb04                __b2d
 .text.__d2b    0x0800bbac       0xb8 e:/project/program/vscode/tools/gcc-arm-none-eabi-10.3-2021.10/bin/../lib/gcc/arm-none-eabi/10.3.1/../../../../arm-none-eabi/lib/thumb/v7-m/nofp\libc_nano.a(lib_a-mprec.o)
                0x0800bbac                __d2b
 .text.__ratio  0x0800bc64       0x5c e:/project/program/vscode/tools/gcc-arm-none-eabi-10.3-2021.10/bin/../lib/gcc/arm-none-eabi/10.3.1/../../../../arm-none-eabi/lib/thumb/v7-m/nofp\libc_nano.a(lib_a-mprec.o)
                0x0800bc64                __ratio
 .text.__copybits
                0x0800bcc0       0x46 e:/project/program/vscode/tools/gcc-arm-none-eabi-10.3-2021.10/bin/../lib/gcc/arm-none-eabi/10.3.1/../../../../arm-none-eabi/lib/thumb/v7-m/nofp\libc_nano.a(lib_a-mprec.o)
                0x0800bcc0                __copybits
 .text.__any_on
                0x0800bd06       0x42 e:/project/program/vscode/tools/gcc-arm-none-eabi-10.3-2021.10/bin/../lib/gcc/arm-none-eabi/10.3.1/../../../../arm-none-eabi/lib/thumb/v7-m/nofp\libc_nano.a(lib_a-mprec.o)
                0x0800bd06                __any_on
 .text._calloc_r
                0x0800bd48       0x28 e:/project/program/vscode/tools/gcc-arm-none-eabi-10.3-2021.10/bin/../lib/gcc/arm-none-eabi/10.3.1/../../../../arm-none-eabi/lib/thumb/v7-m/nofp\libc_nano.a(lib_a-nano-callocr.o)
                0x0800bd48                _calloc_r
 .text._free_r  0x0800bd70       0x90 e:/project/program/vscode/tools/gcc-arm-none-eabi-10.3-2021.10/bin/../lib/gcc/arm-none-eabi/10.3.1/../../../../arm-none-eabi/lib/thumb/v7-m/nofp\libc_nano.a(lib_a-nano-freer.o)
                0x0800bd70                _free_r
 .text.sbrk_aligned
                0x0800be00       0x40 e:/project/program/vscode/tools/gcc-arm-none-eabi-10.3-2021.10/bin/../lib/gcc/arm-none-eabi/10.3.1/../../../../arm-none-eabi/lib/thumb/v7-m/nofp\libc_nano.a(lib_a-nano-mallocr.o)
 .text._malloc_r
                0x0800be40       0xe8 e:/project/program/vscode/tools/gcc-arm-none-eabi-10.3-2021.10/bin/../lib/gcc/arm-none-eabi/10.3.1/../../../../arm-none-eabi/lib/thumb/v7-m/nofp\libc_nano.a(lib_a-nano-mallocr.o)
                0x0800be40                _malloc_r
 .text.__ssputs_r
                0x0800bf28       0xb6 e:/project/program/vscode/tools/gcc-arm-none-eabi-10.3-2021.10/bin/../lib/gcc/arm-none-eabi/10.3.1/../../../../arm-none-eabi/lib/thumb/v7-m/nofp\libc_nano.a(lib_a-nano-svfprintf.o)
                0x0800bf28                __ssputs_r
 *fill*         0x0800bfde        0x2 
 .text._svfprintf_r
                0x0800bfe0      0x200 e:/project/program/vscode/tools/gcc-arm-none-eabi-10.3-2021.10/bin/../lib/gcc/arm-none-eabi/10.3.1/../../../../arm-none-eabi/lib/thumb/v7-m/nofp\libc_nano.a(lib_a-nano-svfprintf.o)
                0x0800bfe0                _svfiprintf_r
                0x0800bfe0                _svfprintf_r
 .text._sungetc_r
                0x0800c1e0       0x7a e:/project/program/vscode/tools/gcc-arm-none-eabi-10.3-2021.10/bin/../lib/gcc/arm-none-eabi/10.3.1/../../../../arm-none-eabi/lib/thumb/v7-m/nofp\libc_nano.a(lib_a-nano-svfscanf.o)
                0x0800c1e0                _sungetc_r
 .text.__ssrefill_r
                0x0800c25a       0x3a e:/project/program/vscode/tools/gcc-arm-none-eabi-10.3-2021.10/bin/../lib/gcc/arm-none-eabi/10.3.1/../../../../arm-none-eabi/lib/thumb/v7-m/nofp\libc_nano.a(lib_a-nano-svfscanf.o)
                0x0800c25a                __ssrefill_r
 .text.__ssvfscanf_r
                0x0800c294      0x2f4 e:/project/program/vscode/tools/gcc-arm-none-eabi-10.3-2021.10/bin/../lib/gcc/arm-none-eabi/10.3.1/../../../../arm-none-eabi/lib/thumb/v7-m/nofp\libc_nano.a(lib_a-nano-svfscanf.o)
                0x0800c294                __ssvfiscanf_r
                0x0800c294                __ssvfscanf_r
 .text._scanf_chars
                0x0800c588       0xb4 e:/project/program/vscode/tools/gcc-arm-none-eabi-10.3-2021.10/bin/../lib/gcc/arm-none-eabi/10.3.1/../../../../arm-none-eabi/lib/thumb/v7-m/nofp\libc_nano.a(lib_a-nano-vfscanf_i.o)
                0x0800c588                _scanf_chars
 .text._scanf_i
                0x0800c63c      0x1f0 e:/project/program/vscode/tools/gcc-arm-none-eabi-10.3-2021.10/bin/../lib/gcc/arm-none-eabi/10.3.1/../../../../arm-none-eabi/lib/thumb/v7-m/nofp\libc_nano.a(lib_a-nano-vfscanf_i.o)
                0x0800c63c                _scanf_i
 .text._read_r  0x0800c82c       0x24 e:/project/program/vscode/tools/gcc-arm-none-eabi-10.3-2021.10/bin/../lib/gcc/arm-none-eabi/10.3.1/../../../../arm-none-eabi/lib/thumb/v7-m/nofp\libc_nano.a(lib_a-readr.o)
                0x0800c82c                _read_r
 .text.nan      0x0800c850        0xc e:/project/program/vscode/tools/gcc-arm-none-eabi-10.3-2021.10/bin/../lib/gcc/arm-none-eabi/10.3.1/../../../../arm-none-eabi/lib/thumb/v7-m/nofp\libc_nano.a(lib_a-s_nan.o)
                0x0800c850                nan
 .text._sbrk_r  0x0800c85c       0x20 e:/project/program/vscode/tools/gcc-arm-none-eabi-10.3-2021.10/bin/../lib/gcc/arm-none-eabi/10.3.1/../../../../arm-none-eabi/lib/thumb/v7-m/nofp\libc_nano.a(lib_a-sbrkr.o)
                0x0800c85c                _sbrk_r
 .text.__sccl   0x0800c87c       0x70 e:/project/program/vscode/tools/gcc-arm-none-eabi-10.3-2021.10/bin/../lib/gcc/arm-none-eabi/10.3.1/../../../../arm-none-eabi/lib/thumb/v7-m/nofp\libc_nano.a(lib_a-sccl.o)
                0x0800c87c                __sccl
 .text.strncmp  0x0800c8ec       0x28 e:/project/program/vscode/tools/gcc-arm-none-eabi-10.3-2021.10/bin/../lib/gcc/arm-none-eabi/10.3.1/../../../../arm-none-eabi/lib/thumb/v7-m/nofp\libc_nano.a(lib_a-strncmp.o)
                0x0800c8ec                strncmp
 .text._strtoul_l.constprop.0
                0x0800c914       0xe4 e:/project/program/vscode/tools/gcc-arm-none-eabi-10.3-2021.10/bin/../lib/gcc/arm-none-eabi/10.3.1/../../../../arm-none-eabi/lib/thumb/v7-m/nofp\libc_nano.a(lib_a-strtoul.o)
 .text._strtoul_r
                0x0800c9f8        0x4 e:/project/program/vscode/tools/gcc-arm-none-eabi-10.3-2021.10/bin/../lib/gcc/arm-none-eabi/10.3.1/../../../../arm-none-eabi/lib/thumb/v7-m/nofp\libc_nano.a(lib_a-strtoul.o)
                0x0800c9f8                _strtoul_r
 .text.__submore
                0x0800c9fc       0x70 e:/project/program/vscode/tools/gcc-arm-none-eabi-10.3-2021.10/bin/../lib/gcc/arm-none-eabi/10.3.1/../../../../arm-none-eabi/lib/thumb/v7-m/nofp\libc_nano.a(lib_a-ungetc.o)
                0x0800c9fc                __submore
 .text.__ascii_wctomb
                0x0800ca6c       0x1a e:/project/program/vscode/tools/gcc-arm-none-eabi-10.3-2021.10/bin/../lib/gcc/arm-none-eabi/10.3.1/../../../../arm-none-eabi/lib/thumb/v7-m/nofp\libc_nano.a(lib_a-wctomb_r.o)
                0x0800ca6c                __ascii_wctomb
 *fill*         0x0800ca86        0x2 
 .text.__assert_func
                0x0800ca88       0x3c e:/project/program/vscode/tools/gcc-arm-none-eabi-10.3-2021.10/bin/../lib/gcc/arm-none-eabi/10.3.1/../../../../arm-none-eabi/lib/thumb/v7-m/nofp\libc_nano.a(lib_a-assert.o)
                0x0800ca88                __assert_func
 .text.__sflush_r
                0x0800cac4      0x104 e:/project/program/vscode/tools/gcc-arm-none-eabi-10.3-2021.10/bin/../lib/gcc/arm-none-eabi/10.3.1/../../../../arm-none-eabi/lib/thumb/v7-m/nofp\libc_nano.a(lib_a-fflush.o)
                0x0800cac4                __sflush_r
 .text._fflush_r
                0x0800cbc8       0x78 e:/project/program/vscode/tools/gcc-arm-none-eabi-10.3-2021.10/bin/../lib/gcc/arm-none-eabi/10.3.1/../../../../arm-none-eabi/lib/thumb/v7-m/nofp\libc_nano.a(lib_a-fflush.o)
                0x0800cbc8                _fflush_r
 .text.std      0x0800cc40       0x48 e:/project/program/vscode/tools/gcc-arm-none-eabi-10.3-2021.10/bin/../lib/gcc/arm-none-eabi/10.3.1/../../../../arm-none-eabi/lib/thumb/v7-m/nofp\libc_nano.a(lib_a-findfp.o)
 .text._cleanup_r
                0x0800cc88        0xc e:/project/program/vscode/tools/gcc-arm-none-eabi-10.3-2021.10/bin/../lib/gcc/arm-none-eabi/10.3.1/../../../../arm-none-eabi/lib/thumb/v7-m/nofp\libc_nano.a(lib_a-findfp.o)
                0x0800cc88                _cleanup_r
 .text.__sfmoreglue
                0x0800cc94       0x2c e:/project/program/vscode/tools/gcc-arm-none-eabi-10.3-2021.10/bin/../lib/gcc/arm-none-eabi/10.3.1/../../../../arm-none-eabi/lib/thumb/v7-m/nofp\libc_nano.a(lib_a-findfp.o)
                0x0800cc94                __sfmoreglue
 .text.__sfp_lock_acquire
                0x0800ccc0        0xc e:/project/program/vscode/tools/gcc-arm-none-eabi-10.3-2021.10/bin/../lib/gcc/arm-none-eabi/10.3.1/../../../../arm-none-eabi/lib/thumb/v7-m/nofp\libc_nano.a(lib_a-findfp.o)
                0x0800ccc0                __sfp_lock_acquire
 .text.__sfp_lock_release
                0x0800cccc        0xc e:/project/program/vscode/tools/gcc-arm-none-eabi-10.3-2021.10/bin/../lib/gcc/arm-none-eabi/10.3.1/../../../../arm-none-eabi/lib/thumb/v7-m/nofp\libc_nano.a(lib_a-findfp.o)
                0x0800cccc                __sfp_lock_release
 .text.__sinit_lock_acquire
                0x0800ccd8        0xc e:/project/program/vscode/tools/gcc-arm-none-eabi-10.3-2021.10/bin/../lib/gcc/arm-none-eabi/10.3.1/../../../../arm-none-eabi/lib/thumb/v7-m/nofp\libc_nano.a(lib_a-findfp.o)
                0x0800ccd8                __sinit_lock_acquire
 .text.__sinit_lock_release
                0x0800cce4        0xc e:/project/program/vscode/tools/gcc-arm-none-eabi-10.3-2021.10/bin/../lib/gcc/arm-none-eabi/10.3.1/../../../../arm-none-eabi/lib/thumb/v7-m/nofp\libc_nano.a(lib_a-findfp.o)
                0x0800cce4                __sinit_lock_release
 .text.__sinit  0x0800ccf0       0x70 e:/project/program/vscode/tools/gcc-arm-none-eabi-10.3-2021.10/bin/../lib/gcc/arm-none-eabi/10.3.1/../../../../arm-none-eabi/lib/thumb/v7-m/nofp\libc_nano.a(lib_a-findfp.o)
                0x0800ccf0                __sinit
 .text.__sfp    0x0800cd60       0x8c e:/project/program/vscode/tools/gcc-arm-none-eabi-10.3-2021.10/bin/../lib/gcc/arm-none-eabi/10.3.1/../../../../arm-none-eabi/lib/thumb/v7-m/nofp\libc_nano.a(lib_a-findfp.o)
                0x0800cd60                __sfp
 .text.fprintf  0x0800cdec       0x24 e:/project/program/vscode/tools/gcc-arm-none-eabi-10.3-2021.10/bin/../lib/gcc/arm-none-eabi/10.3.1/../../../../arm-none-eabi/lib/thumb/v7-m/nofp\libc_nano.a(lib_a-fprintf.o)
                0x0800cdec                fiprintf
                0x0800cdec                fprintf
 .text._fwalk_reent
                0x0800ce10       0x3e e:/project/program/vscode/tools/gcc-arm-none-eabi-10.3-2021.10/bin/../lib/gcc/arm-none-eabi/10.3.1/../../../../arm-none-eabi/lib/thumb/v7-m/nofp\libc_nano.a(lib_a-fwalk.o)
                0x0800ce10                _fwalk_reent
 .text.__retarget_lock_init_recursive
                0x0800ce4e        0x2 e:/project/program/vscode/tools/gcc-arm-none-eabi-10.3-2021.10/bin/../lib/gcc/arm-none-eabi/10.3.1/../../../../arm-none-eabi/lib/thumb/v7-m/nofp\libc_nano.a(lib_a-lock.o)
                0x0800ce4e                __retarget_lock_init_recursive
 .text.__retarget_lock_acquire_recursive
                0x0800ce50        0x2 e:/project/program/vscode/tools/gcc-arm-none-eabi-10.3-2021.10/bin/../lib/gcc/arm-none-eabi/10.3.1/../../../../arm-none-eabi/lib/thumb/v7-m/nofp\libc_nano.a(lib_a-lock.o)
                0x0800ce50                __retarget_lock_acquire_recursive
 .text.__retarget_lock_release_recursive
                0x0800ce52        0x2 e:/project/program/vscode/tools/gcc-arm-none-eabi-10.3-2021.10/bin/../lib/gcc/arm-none-eabi/10.3.1/../../../../arm-none-eabi/lib/thumb/v7-m/nofp\libc_nano.a(lib_a-lock.o)
                0x0800ce52                __retarget_lock_release_recursive
 .text.memmove  0x0800ce54       0x34 e:/project/program/vscode/tools/gcc-arm-none-eabi-10.3-2021.10/bin/../lib/gcc/arm-none-eabi/10.3.1/../../../../arm-none-eabi/lib/thumb/v7-m/nofp\libc_nano.a(lib_a-memmove.o)
                0x0800ce54                memmove
 .text.__malloc_lock
                0x0800ce88        0xc e:/project/program/vscode/tools/gcc-arm-none-eabi-10.3-2021.10/bin/../lib/gcc/arm-none-eabi/10.3.1/../../../../arm-none-eabi/lib/thumb/v7-m/nofp\libc_nano.a(lib_a-mlock.o)
                0x0800ce88                __malloc_lock
 .text.__malloc_unlock
                0x0800ce94        0xc e:/project/program/vscode/tools/gcc-arm-none-eabi-10.3-2021.10/bin/../lib/gcc/arm-none-eabi/10.3.1/../../../../arm-none-eabi/lib/thumb/v7-m/nofp\libc_nano.a(lib_a-mlock.o)
                0x0800ce94                __malloc_unlock
 .text._realloc_r
                0x0800cea0       0x5e e:/project/program/vscode/tools/gcc-arm-none-eabi-10.3-2021.10/bin/../lib/gcc/arm-none-eabi/10.3.1/../../../../arm-none-eabi/lib/thumb/v7-m/nofp\libc_nano.a(lib_a-nano-reallocr.o)
                0x0800cea0                _realloc_r
 .text.__sfputc_r
                0x0800cefe       0x2a e:/project/program/vscode/tools/gcc-arm-none-eabi-10.3-2021.10/bin/../lib/gcc/arm-none-eabi/10.3.1/../../../../arm-none-eabi/lib/thumb/v7-m/nofp\libc_nano.a(lib_a-nano-vfprintf.o)
 .text.__sfputs_r
                0x0800cf28       0x24 e:/project/program/vscode/tools/gcc-arm-none-eabi-10.3-2021.10/bin/../lib/gcc/arm-none-eabi/10.3.1/../../../../arm-none-eabi/lib/thumb/v7-m/nofp\libc_nano.a(lib_a-nano-vfprintf.o)
                0x0800cf28                __sfputs_r
 .text._vfprintf_r
                0x0800cf4c      0x260 e:/project/program/vscode/tools/gcc-arm-none-eabi-10.3-2021.10/bin/../lib/gcc/arm-none-eabi/10.3.1/../../../../arm-none-eabi/lib/thumb/v7-m/nofp\libc_nano.a(lib_a-nano-vfprintf.o)
                0x0800cf4c                _vfprintf_r
                0x0800cf4c                _vfiprintf_r
 .text.__swbuf_r
                0x0800d1ac       0xa4 e:/project/program/vscode/tools/gcc-arm-none-eabi-10.3-2021.10/bin/../lib/gcc/arm-none-eabi/10.3.1/../../../../arm-none-eabi/lib/thumb/v7-m/nofp\libc_nano.a(lib_a-wbuf.o)
                0x0800d1ac                __swbuf_r
 .text.__swsetup_r
                0x0800d250       0xdc e:/project/program/vscode/tools/gcc-arm-none-eabi-10.3-2021.10/bin/../lib/gcc/arm-none-eabi/10.3.1/../../../../arm-none-eabi/lib/thumb/v7-m/nofp\libc_nano.a(lib_a-wsetup.o)
                0x0800d250                __swsetup_r
 .text.abort    0x0800d32c        0xe e:/project/program/vscode/tools/gcc-arm-none-eabi-10.3-2021.10/bin/../lib/gcc/arm-none-eabi/10.3.1/../../../../arm-none-eabi/lib/thumb/v7-m/nofp\libc_nano.a(lib_a-abort.o)
                0x0800d32c                abort
 .text.__swhatbuf_r
                0x0800d33a       0x4a e:/project/program/vscode/tools/gcc-arm-none-eabi-10.3-2021.10/bin/../lib/gcc/arm-none-eabi/10.3.1/../../../../arm-none-eabi/lib/thumb/v7-m/nofp\libc_nano.a(lib_a-makebuf.o)
                0x0800d33a                __swhatbuf_r
 .text.__smakebuf_r
                0x0800d384       0x80 e:/project/program/vscode/tools/gcc-arm-none-eabi-10.3-2021.10/bin/../lib/gcc/arm-none-eabi/10.3.1/../../../../arm-none-eabi/lib/thumb/v7-m/nofp\libc_nano.a(lib_a-makebuf.o)
                0x0800d384                __smakebuf_r
 .text._malloc_usable_size_r
                0x0800d404       0x10 e:/project/program/vscode/tools/gcc-arm-none-eabi-10.3-2021.10/bin/../lib/gcc/arm-none-eabi/10.3.1/../../../../arm-none-eabi/lib/thumb/v7-m/nofp\libc_nano.a(lib_a-nano-msizer.o)
                0x0800d404                _malloc_usable_size_r
 .text._raise_r
                0x0800d414       0x50 e:/project/program/vscode/tools/gcc-arm-none-eabi-10.3-2021.10/bin/../lib/gcc/arm-none-eabi/10.3.1/../../../../arm-none-eabi/lib/thumb/v7-m/nofp\libc_nano.a(lib_a-signal.o)
                0x0800d414                _raise_r
 .text.raise    0x0800d464       0x10 e:/project/program/vscode/tools/gcc-arm-none-eabi-10.3-2021.10/bin/../lib/gcc/arm-none-eabi/10.3.1/../../../../arm-none-eabi/lib/thumb/v7-m/nofp\libc_nano.a(lib_a-signal.o)
                0x0800d464                raise
 .text._kill_r  0x0800d474       0x24 e:/project/program/vscode/tools/gcc-arm-none-eabi-10.3-2021.10/bin/../lib/gcc/arm-none-eabi/10.3.1/../../../../arm-none-eabi/lib/thumb/v7-m/nofp\libc_nano.a(lib_a-signalr.o)
                0x0800d474                _kill_r
 .text._getpid_r
                0x0800d498        0x4 e:/project/program/vscode/tools/gcc-arm-none-eabi-10.3-2021.10/bin/../lib/gcc/arm-none-eabi/10.3.1/../../../../arm-none-eabi/lib/thumb/v7-m/nofp\libc_nano.a(lib_a-signalr.o)
                0x0800d498                _getpid_r
 .text._fstat_r
                0x0800d49c       0x24 e:/project/program/vscode/tools/gcc-arm-none-eabi-10.3-2021.10/bin/../lib/gcc/arm-none-eabi/10.3.1/../../../../arm-none-eabi/lib/thumb/v7-m/nofp\libc_nano.a(lib_a-fstatr.o)
                0x0800d49c                _fstat_r
 .text._isatty_r
                0x0800d4c0       0x20 e:/project/program/vscode/tools/gcc-arm-none-eabi-10.3-2021.10/bin/../lib/gcc/arm-none-eabi/10.3.1/../../../../arm-none-eabi/lib/thumb/v7-m/nofp\libc_nano.a(lib_a-isattyr.o)
                0x0800d4c0                _isatty_r
 .text._close   0x0800d4e0       0x10 e:/project/program/vscode/tools/gcc-arm-none-eabi-10.3-2021.10/bin/../lib/gcc/arm-none-eabi/10.3.1/../../../../arm-none-eabi/lib/thumb/v7-m/nofp\libnosys.a(close.o)
                0x0800d4e0                _close
 .text._fstat   0x0800d4f0       0x10 e:/project/program/vscode/tools/gcc-arm-none-eabi-10.3-2021.10/bin/../lib/gcc/arm-none-eabi/10.3.1/../../../../arm-none-eabi/lib/thumb/v7-m/nofp\libnosys.a(fstat.o)
                0x0800d4f0                _fstat
 .text._getpid  0x0800d500       0x10 e:/project/program/vscode/tools/gcc-arm-none-eabi-10.3-2021.10/bin/../lib/gcc/arm-none-eabi/10.3.1/../../../../arm-none-eabi/lib/thumb/v7-m/nofp\libnosys.a(getpid.o)
                0x0800d500                _getpid
 .text._isatty  0x0800d510       0x10 e:/project/program/vscode/tools/gcc-arm-none-eabi-10.3-2021.10/bin/../lib/gcc/arm-none-eabi/10.3.1/../../../../arm-none-eabi/lib/thumb/v7-m/nofp\libnosys.a(isatty.o)
                0x0800d510                _isatty
 .text._kill    0x0800d520       0x10 e:/project/program/vscode/tools/gcc-arm-none-eabi-10.3-2021.10/bin/../lib/gcc/arm-none-eabi/10.3.1/../../../../arm-none-eabi/lib/thumb/v7-m/nofp\libnosys.a(kill.o)
                0x0800d520                _kill
 .text._lseek   0x0800d530       0x10 e:/project/program/vscode/tools/gcc-arm-none-eabi-10.3-2021.10/bin/../lib/gcc/arm-none-eabi/10.3.1/../../../../arm-none-eabi/lib/thumb/v7-m/nofp\libnosys.a(lseek.o)
                0x0800d530                _lseek
 .text._read    0x0800d540       0x10 e:/project/program/vscode/tools/gcc-arm-none-eabi-10.3-2021.10/bin/../lib/gcc/arm-none-eabi/10.3.1/../../../../arm-none-eabi/lib/thumb/v7-m/nofp\libnosys.a(read.o)
                0x0800d540                _read
 .text._sbrk    0x0800d550       0x1c e:/project/program/vscode/tools/gcc-arm-none-eabi-10.3-2021.10/bin/../lib/gcc/arm-none-eabi/10.3.1/../../../../arm-none-eabi/lib/thumb/v7-m/nofp\libnosys.a(sbrk.o)
                0x0800d550                _sbrk
 .text._write   0x0800d56c       0x10 e:/project/program/vscode/tools/gcc-arm-none-eabi-10.3-2021.10/bin/../lib/gcc/arm-none-eabi/10.3.1/../../../../arm-none-eabi/lib/thumb/v7-m/nofp\libnosys.a(write.o)
                0x0800d56c                _write
 .text._exit    0x0800d57c        0x4 e:/project/program/vscode/tools/gcc-arm-none-eabi-10.3-2021.10/bin/../lib/gcc/arm-none-eabi/10.3.1/../../../../arm-none-eabi/lib/thumb/v7-m/nofp\libnosys.a(_exit.o)
                0x0800d57c                _exit
 *(.glue_7)
 .glue_7        0x0800d580        0x0 linker stubs
 *(.glue_7t)
 .glue_7t       0x0800d580        0x0 linker stubs
 *(.eh_frame)
 .eh_frame      0x0800d580        0x0 e:/project/program/vscode/tools/gcc-arm-none-eabi-10.3-2021.10/bin/../lib/gcc/arm-none-eabi/10.3.1/thumb/v7-m/nofp/crtbegin.o
 *(.init)
 .init          0x0800d580        0x4 e:/project/program/vscode/tools/gcc-arm-none-eabi-10.3-2021.10/bin/../lib/gcc/arm-none-eabi/10.3.1/thumb/v7-m/nofp/crti.o
                0x0800d580                _init
 .init          0x0800d584        0x8 e:/project/program/vscode/tools/gcc-arm-none-eabi-10.3-2021.10/bin/../lib/gcc/arm-none-eabi/10.3.1/thumb/v7-m/nofp/crtn.o
 *(.fini)
 .fini          0x0800d58c        0x4 e:/project/program/vscode/tools/gcc-arm-none-eabi-10.3-2021.10/bin/../lib/gcc/arm-none-eabi/10.3.1/thumb/v7-m/nofp/crti.o
                0x0800d58c                _fini
 .fini          0x0800d590        0x8 e:/project/program/vscode/tools/gcc-arm-none-eabi-10.3-2021.10/bin/../lib/gcc/arm-none-eabi/10.3.1/thumb/v7-m/nofp/crtn.o
                0x0800d598                . = ALIGN (0x4)
                0x0800d598                _etext = .

.vfp11_veneer   0x0800d598        0x0
 .vfp11_veneer  0x0800d598        0x0 linker stubs

.v4_bx          0x0800d598        0x0
 .v4_bx         0x0800d598        0x0 linker stubs

.iplt           0x0800d598        0x0
 .iplt          0x0800d598        0x0 e:/project/program/vscode/tools/gcc-arm-none-eabi-10.3-2021.10/bin/../lib/gcc/arm-none-eabi/10.3.1/thumb/v7-m/nofp/crtbegin.o

.rodata         0x0800d598      0x674
                0x0800d598                . = ALIGN (0x4)
 *(.rodata)
 .rodata        0x0800d598        0xc e:/project/program/vscode/tools/gcc-arm-none-eabi-10.3-2021.10/bin/../lib/gcc/arm-none-eabi/10.3.1/../../../../arm-none-eabi/lib/thumb/v7-m/nofp\libc_nano.a(lib_a-nano-vfscanf_i.o)
 *(.rodata*)
 .rodata.main.str1.4
                0x0800d5a4       0x5b build/main.o
 *fill*         0x0800d5ff        0x1 
 .rodata.USBD_FS_ProductStrDescriptor.str1.4
                0x0800d600        0x8 build/usbd_desc.o
 .rodata.USBD_FS_ManufacturerStrDescriptor.str1.4
                0x0800d608       0x13 build/usbd_desc.o
 *fill*         0x0800d61b        0x1 
 .rodata.USBD_FS_ConfigStrDescriptor.str1.4
                0x0800d61c       0x12 build/usbd_desc.o
 *fill*         0x0800d62e        0x2 
 .rodata.USBD_FS_InterfaceStrDescriptor.str1.4
                0x0800d630       0x15 build/usbd_desc.o
 *fill*         0x0800d645        0x3 
 .rodata.HAL_RCC_GetSysClockFreq.str1.4
                0x0800d648       0x11 build/stm32f1xx_hal_rcc.o
 *fill*         0x0800d659        0x3 
 .rodata.AHBPrescTable
                0x0800d65c       0x10 build/system_stm32f1xx.o
                0x0800d65c                AHBPrescTable
 .rodata.APBPrescTable
                0x0800d66c        0x8 build/system_stm32f1xx.o
                0x0800d66c                APBPrescTable
 .rodata.vTaskStartScheduler.str1.4
                0x0800d674        0x5 build/tasks.o
 *fill*         0x0800d679        0x3 
 .rodata.ProcessMode.str1.4
                0x0800d67c        0xb build/TaskCNC.o
 *fill*         0x0800d687        0x1 
 .rodata.ReceiveDataFromGUI.str1.4
                0x0800d688       0x54 build/TaskCNC.o
 .rodata.ReceiveDataFromCNC.str1.4
                0x0800d6dc        0xf build/TaskCNC.o
 *fill*         0x0800d6eb        0x1 
 .rodata._global_impure_ptr
                0x0800d6ec        0x4 e:/project/program/vscode/tools/gcc-arm-none-eabi-10.3-2021.10/bin/../lib/gcc/arm-none-eabi/10.3.1/../../../../arm-none-eabi/lib/thumb/v7-m/nofp\libc_nano.a(lib_a-impure.o)
                0x0800d6ec                _global_impure_ptr
 .rodata._printf_float.str1.1
                0x0800d6f0       0x10 e:/project/program/vscode/tools/gcc-arm-none-eabi-10.3-2021.10/bin/../lib/gcc/arm-none-eabi/10.3.1/../../../../arm-none-eabi/lib/thumb/v7-m/nofp\libc_nano.a(lib_a-nano-vfprintf_float.o)
                                 0x12 (size before relaxing)
 .rodata._printf_i.str1.1
                0x0800d700       0x22 e:/project/program/vscode/tools/gcc-arm-none-eabi-10.3-2021.10/bin/../lib/gcc/arm-none-eabi/10.3.1/../../../../arm-none-eabi/lib/thumb/v7-m/nofp\libc_nano.a(lib_a-nano-vfprintf_i.o)
 .rodata._scanf_float.str1.1
                0x0800d722        0x5 e:/project/program/vscode/tools/gcc-arm-none-eabi-10.3-2021.10/bin/../lib/gcc/arm-none-eabi/10.3.1/../../../../arm-none-eabi/lib/thumb/v7-m/nofp\libc_nano.a(lib_a-nano-vfscanf_float.o)
                                  0x6 (size before relaxing)
 .rodata._strtod_l.str1.1
                0x0800d727        0x5 e:/project/program/vscode/tools/gcc-arm-none-eabi-10.3-2021.10/bin/../lib/gcc/arm-none-eabi/10.3.1/../../../../arm-none-eabi/lib/thumb/v7-m/nofp\libc_nano.a(lib_a-strtod.o)
                                  0xd (size before relaxing)
 *fill*         0x0800d727        0x1 
 .rodata.fpi.1  0x0800d728       0x14 e:/project/program/vscode/tools/gcc-arm-none-eabi-10.3-2021.10/bin/../lib/gcc/arm-none-eabi/10.3.1/../../../../arm-none-eabi/lib/thumb/v7-m/nofp\libc_nano.a(lib_a-strtod.o)
 .rodata.fpinan.0
                0x0800d73c       0x14 e:/project/program/vscode/tools/gcc-arm-none-eabi-10.3-2021.10/bin/../lib/gcc/arm-none-eabi/10.3.1/../../../../arm-none-eabi/lib/thumb/v7-m/nofp\libc_nano.a(lib_a-strtod.o)
 .rodata.tinytens
                0x0800d750       0x28 e:/project/program/vscode/tools/gcc-arm-none-eabi-10.3-2021.10/bin/../lib/gcc/arm-none-eabi/10.3.1/../../../../arm-none-eabi/lib/thumb/v7-m/nofp\libc_nano.a(lib_a-strtod.o)
 .rodata._ctype_
                0x0800d778      0x101 e:/project/program/vscode/tools/gcc-arm-none-eabi-10.3-2021.10/bin/../lib/gcc/arm-none-eabi/10.3.1/../../../../arm-none-eabi/lib/thumb/v7-m/nofp\libc_nano.a(lib_a-ctype_.o)
                0x0800d778                _ctype_
 .rodata._dtoa_r.str1.1
                0x0800d879       0xb3 e:/project/program/vscode/tools/gcc-arm-none-eabi-10.3-2021.10/bin/../lib/gcc/arm-none-eabi/10.3.1/../../../../arm-none-eabi/lib/thumb/v7-m/nofp\libc_nano.a(lib_a-dtoa.o)
                                 0xb5 (size before relaxing)
 .rodata.__gethex.str1.1
                0x0800d92c       0x86 e:/project/program/vscode/tools/gcc-arm-none-eabi-10.3-2021.10/bin/../lib/gcc/arm-none-eabi/10.3.1/../../../../arm-none-eabi/lib/thumb/v7-m/nofp\libc_nano.a(lib_a-gdtoa-gethex.o)
                                 0x97 (size before relaxing)
 .rodata.str1.1
                0x0800d9b2        0x2 e:/project/program/vscode/tools/gcc-arm-none-eabi-10.3-2021.10/bin/../lib/gcc/arm-none-eabi/10.3.1/../../../../arm-none-eabi/lib/thumb/v7-m/nofp\libc_nano.a(lib_a-lnumeric.o)
                                  0x3 (size before relaxing)
 .rodata._C_numeric_locale
                0x0800d9b4        0xc e:/project/program/vscode/tools/gcc-arm-none-eabi-10.3-2021.10/bin/../lib/gcc/arm-none-eabi/10.3.1/../../../../arm-none-eabi/lib/thumb/v7-m/nofp\libc_nano.a(lib_a-lnumeric.o)
                0x0800d9b4                _C_numeric_locale
 .rodata._setlocale_r.str1.1
                0x0800d9c0        0x8 e:/project/program/vscode/tools/gcc-arm-none-eabi-10.3-2021.10/bin/../lib/gcc/arm-none-eabi/10.3.1/../../../../arm-none-eabi/lib/thumb/v7-m/nofp\libc_nano.a(lib_a-locale.o)
                                  0x9 (size before relaxing)
 .rodata.str1.1
                0x0800d9c8        0x2 e:/project/program/vscode/tools/gcc-arm-none-eabi-10.3-2021.10/bin/../lib/gcc/arm-none-eabi/10.3.1/../../../../arm-none-eabi/lib/thumb/v7-m/nofp\libc_nano.a(lib_a-locale.o)
 .rodata._Balloc.str1.1
                0x0800d9c8       0x7f e:/project/program/vscode/tools/gcc-arm-none-eabi-10.3-2021.10/bin/../lib/gcc/arm-none-eabi/10.3.1/../../../../arm-none-eabi/lib/thumb/v7-m/nofp\libc_nano.a(lib_a-mprec.o)
                                 0x96 (size before relaxing)
 .rodata.__multadd.str1.1
                0x0800da47       0x11 e:/project/program/vscode/tools/gcc-arm-none-eabi-10.3-2021.10/bin/../lib/gcc/arm-none-eabi/10.3.1/../../../../arm-none-eabi/lib/thumb/v7-m/nofp\libc_nano.a(lib_a-mprec.o)
 *fill*         0x0800da47        0x1 
 .rodata.__mprec_bigtens
                0x0800da48       0x28 e:/project/program/vscode/tools/gcc-arm-none-eabi-10.3-2021.10/bin/../lib/gcc/arm-none-eabi/10.3.1/../../../../arm-none-eabi/lib/thumb/v7-m/nofp\libc_nano.a(lib_a-mprec.o)
                0x0800da48                __mprec_bigtens
 .rodata.__mprec_tens
                0x0800da70       0xc8 e:/project/program/vscode/tools/gcc-arm-none-eabi-10.3-2021.10/bin/../lib/gcc/arm-none-eabi/10.3.1/../../../../arm-none-eabi/lib/thumb/v7-m/nofp\libc_nano.a(lib_a-mprec.o)
                0x0800da70                __mprec_tens
 .rodata.p05.0  0x0800db38        0xc e:/project/program/vscode/tools/gcc-arm-none-eabi-10.3-2021.10/bin/../lib/gcc/arm-none-eabi/10.3.1/../../../../arm-none-eabi/lib/thumb/v7-m/nofp\libc_nano.a(lib_a-mprec.o)
 .rodata._svfprintf_r.str1.1
                0x0800db44       0x11 e:/project/program/vscode/tools/gcc-arm-none-eabi-10.3-2021.10/bin/../lib/gcc/arm-none-eabi/10.3.1/../../../../arm-none-eabi/lib/thumb/v7-m/nofp\libc_nano.a(lib_a-nano-svfprintf.o)
 .rodata.__ssvfscanf_r.str1.1
                0x0800db55        0x4 e:/project/program/vscode/tools/gcc-arm-none-eabi-10.3-2021.10/bin/../lib/gcc/arm-none-eabi/10.3.1/../../../../arm-none-eabi/lib/thumb/v7-m/nofp\libc_nano.a(lib_a-nano-svfscanf.o)
 .rodata.str1.1
                0x0800db55        0x9 e:/project/program/vscode/tools/gcc-arm-none-eabi-10.3-2021.10/bin/../lib/gcc/arm-none-eabi/10.3.1/../../../../arm-none-eabi/lib/thumb/v7-m/nofp\libc_nano.a(lib_a-nano-vfscanf_i.o)
 .rodata._scanf_i.str1.1
                0x0800db5e       0x12 e:/project/program/vscode/tools/gcc-arm-none-eabi-10.3-2021.10/bin/../lib/gcc/arm-none-eabi/10.3.1/../../../../arm-none-eabi/lib/thumb/v7-m/nofp\libc_nano.a(lib_a-nano-vfscanf_i.o)
 .rodata.__assert_func.str1.1
                0x0800db70       0x3c e:/project/program/vscode/tools/gcc-arm-none-eabi-10.3-2021.10/bin/../lib/gcc/arm-none-eabi/10.3.1/../../../../arm-none-eabi/lib/thumb/v7-m/nofp\libc_nano.a(lib_a-assert.o)
                                 0x3d (size before relaxing)
 .rodata.__sf_fake_stderr
                0x0800dbac       0x20 e:/project/program/vscode/tools/gcc-arm-none-eabi-10.3-2021.10/bin/../lib/gcc/arm-none-eabi/10.3.1/../../../../arm-none-eabi/lib/thumb/v7-m/nofp\libc_nano.a(lib_a-findfp.o)
                0x0800dbac                __sf_fake_stderr
 .rodata.__sf_fake_stdin
                0x0800dbcc       0x20 e:/project/program/vscode/tools/gcc-arm-none-eabi-10.3-2021.10/bin/../lib/gcc/arm-none-eabi/10.3.1/../../../../arm-none-eabi/lib/thumb/v7-m/nofp\libc_nano.a(lib_a-findfp.o)
                0x0800dbcc                __sf_fake_stdin
 .rodata.__sf_fake_stdout
                0x0800dbec       0x20 e:/project/program/vscode/tools/gcc-arm-none-eabi-10.3-2021.10/bin/../lib/gcc/arm-none-eabi/10.3.1/../../../../arm-none-eabi/lib/thumb/v7-m/nofp\libc_nano.a(lib_a-findfp.o)