Archive member included to satisfy reference by file (symbol)

e:/project/program/vscode/tools/gcc-arm-none-eabi-10.3-2021.10/bin/../lib/gcc/arm-none-eabi/10.3.1/../../../../arm-none-eabi/lib/thumb/v7-m/nofp\libc_nano.a(lib_a-exit.o)
                              e:/project/program/vscode/tools/gcc-arm-none-eabi-10.3-2021.10/bin/../lib/gcc/arm-none-eabi/10.3.1/../../../../arm-none-eabi/lib/thumb/v7-m/nofp/crt0.o (exit)
e:/project/program/vscode/tools/gcc-arm-none-eabi-10.3-2021.10/bin/../lib/gcc/arm-none-eabi/10.3.1/../../../../arm-none-eabi/lib/thumb/v7-m/nofp\libc_nano.a(lib_a-impure.o)
                              e:/project/program/vscode/tools/gcc-arm-none-eabi-10.3-2021.10/bin/../lib/gcc/arm-none-eabi/10.3.1/../../../../arm-none-eabi/lib/thumb/v7-m/nofp\libc_nano.a(lib_a-exit.o) (_global_impure_ptr)
e:/project/program/vscode/tools/gcc-arm-none-eabi-10.3-2021.10/bin/../lib/gcc/arm-none-eabi/10.3.1/../../../../arm-none-eabi/lib/thumb/v7-m/nofp\libc_nano.a(lib_a-init.o)
                              e:/project/program/vscode/tools/gcc-arm-none-eabi-10.3-2021.10/bin/../lib/gcc/arm-none-eabi/10.3.1/../../../../arm-none-eabi/lib/thumb/v7-m/nofp/crt0.o (__libc_init_array)
e:/project/program/vscode/tools/gcc-arm-none-eabi-10.3-2021.10/bin/../lib/gcc/arm-none-eabi/10.3.1/../../../../arm-none-eabi/lib/thumb/v7-m/nofp\libc_nano.a(lib_a-memset.o)
                              e:/project/program/vscode/tools/gcc-arm-none-eabi-10.3-2021.10/bin/../lib/gcc/arm-none-eabi/10.3.1/../../../../arm-none-eabi/lib/thumb/v7-m/nofp/crt0.o (memset)
e:/project/program/vscode/tools/gcc-arm-none-eabi-10.3-2021.10/bin/../lib/gcc/arm-none-eabi/10.3.1/../../../../arm-none-eabi/lib/thumb/v7-m/nofp\libc_nano.a(lib_a-nano-vfprintf_float.o)
                              (_printf_float)
e:/project/program/vscode/tools/gcc-arm-none-eabi-10.3-2021.10/bin/../lib/gcc/arm-none-eabi/10.3.1/../../../../arm-none-eabi/lib/thumb/v7-m/nofp\libc_nano.a(lib_a-nano-vfprintf_i.o)
                              e:/project/program/vscode/tools/gcc-arm-none-eabi-10.3-2021.10/bin/../lib/gcc/arm-none-eabi/10.3.1/../../../../arm-none-eabi/lib/thumb/v7-m/nofp\libc_nano.a(lib_a-nano-vfprintf_float.o) (_printf_common)
e:/project/program/vscode/tools/gcc-arm-none-eabi-10.3-2021.10/bin/../lib/gcc/arm-none-eabi/10.3.1/../../../../arm-none-eabi/lib/thumb/v7-m/nofp\libc_nano.a(lib_a-nano-vfscanf_float.o)
                              (_scanf_float)
e:/project/program/vscode/tools/gcc-arm-none-eabi-10.3-2021.10/bin/../lib/gcc/arm-none-eabi/10.3.1/../../../../arm-none-eabi/lib/thumb/v7-m/nofp\libc_nano.a(lib_a-sf_nan.o)
                              e:/project/program/vscode/tools/gcc-arm-none-eabi-10.3-2021.10/bin/../lib/gcc/arm-none-eabi/10.3.1/../../../../arm-none-eabi/lib/thumb/v7-m/nofp\libc_nano.a(lib_a-nano-vfscanf_float.o) (nanf)
e:/project/program/vscode/tools/gcc-arm-none-eabi-10.3-2021.10/bin/../lib/gcc/arm-none-eabi/10.3.1/../../../../arm-none-eabi/lib/thumb/v7-m/nofp\libc_nano.a(lib_a-sprintf.o)
                              build/main.o (sprintf)
e:/project/program/vscode/tools/gcc-arm-none-eabi-10.3-2021.10/bin/../lib/gcc/arm-none-eabi/10.3.1/../../../../arm-none-eabi/lib/thumb/v7-m/nofp\libc_nano.a(lib_a-sscanf.o)
                              build/MotorControl.o (sscanf)
e:/project/program/vscode/tools/gcc-arm-none-eabi-10.3-2021.10/bin/../lib/gcc/arm-none-eabi/10.3.1/../../../../arm-none-eabi/lib/thumb/v7-m/nofp\libc_nano.a(lib_a-stdio.o)
                              e:/project/program/vscode/tools/gcc-arm-none-eabi-10.3-2021.10/bin/../lib/gcc/arm-none-eabi/10.3.1/../../../../arm-none-eabi/lib/thumb/v7-m/nofp\libc_nano.a(lib_a-sscanf.o) (__seofread)
e:/project/program/vscode/tools/gcc-arm-none-eabi-10.3-2021.10/bin/../lib/gcc/arm-none-eabi/10.3.1/../../../../arm-none-eabi/lib/thumb/v7-m/nofp\libc_nano.a(lib_a-strlen.o)
                              e:/project/program/vscode/tools/gcc-arm-none-eabi-10.3-2021.10/bin/../lib/gcc/arm-none-eabi/10.3.1/../../../../arm-none-eabi/lib/thumb/v7-m/nofp\libc_nano.a(lib_a-nano-vfprintf_float.o) (strlen)
e:/project/program/vscode/tools/gcc-arm-none-eabi-10.3-2021.10/bin/../lib/gcc/arm-none-eabi/10.3.1/../../../../arm-none-eabi/lib/thumb/v7-m/nofp\libc_nano.a(lib_a-strtod.o)
                              e:/project/program/vscode/tools/gcc-arm-none-eabi-10.3-2021.10/bin/../lib/gcc/arm-none-eabi/10.3.1/../../../../arm-none-eabi/lib/thumb/v7-m/nofp\libc_nano.a(lib_a-nano-vfscanf_float.o) (_strtod_r)
e:/project/program/vscode/tools/gcc-arm-none-eabi-10.3-2021.10/bin/../lib/gcc/arm-none-eabi/10.3.1/../../../../arm-none-eabi/lib/thumb/v7-m/nofp\libc_nano.a(lib_a-strtol.o)
                              e:/project/program/vscode/tools/gcc-arm-none-eabi-10.3-2021.10/bin/../lib/gcc/arm-none-eabi/10.3.1/../../../../arm-none-eabi/lib/thumb/v7-m/nofp\libc_nano.a(lib_a-nano-vfscanf_float.o) (_strtol_r)
[...]
Memory Configuration

Name             Origin             Length             Attributes
RAM              0x20000000         0x00005000         xrw
FLASH            0x08000000         0x00010000         xr
*default*        0x00000000         0xffffffff

Linker script and memory map

LOAD e:/project/program/vscode/tools/gcc-arm-none-eabi-10.3-2021.10/bin/../lib/gcc/arm-none-eabi/10.3.1/thumb/v7-m/nofp/crti.o
LOAD e:/project/program/vscode/tools/gcc-arm-none-eabi-10.3-2021.10/bin/../lib/gcc/arm-none-eabi/10.3.1/thumb/v7-m/nofp/crtbegin.o
LOAD e:/project/program/vscode/tools/gcc-arm-none-eabi-10.3-2021.10/bin/../lib/gcc/arm-none-eabi/10.3.1/../../../../arm-none-eabi/lib/thumb/v7-m/nofp/crt0.o
LOAD build/main.o
LOAD build/stm32f1xx_it.o
LOAD build/stm32f1xx_hal_msp.o
LOAD build/stm32f1xx_hal_gpio_ex.o
LOAD build/stm32f1xx_hal_tim.o
LOAD build/stm32f1xx_hal_tim_ex.o
LOAD build/stm32f1xx_hal.o
LOAD build/stm32f1xx_hal_rcc.o
LOAD build/stm32f1xx_hal_rcc_ex.o
LOAD build/stm32f1xx_hal_gpio.o
LOAD build/stm32f1xx_hal_dma.o
LOAD build/stm32f1xx_hal_cortex.o
LOAD build/stm32f1xx_hal_pwr.o
LOAD build/stm32f1xx_hal_flash.o
LOAD build/stm32f1xx_hal_flash_ex.o
LOAD build/stm32f1xx_hal_exti.o
LOAD build/stm32f1xx_hal_uart.o
LOAD build/system_stm32f1xx.o
LOAD build/MotorControl.o
LOAD build/MyMath.o
LOAD build/startup_stm32f103xb.o
LOAD e:/project/program/vscode/tools/gcc-arm-none-eabi-10.3-2021.10/bin/../lib/gcc/arm-none-eabi/10.3.1/../../../../arm-none-eabi/lib/thumb/v7-m/nofp\libc_nano.a
LOAD e:/project/program/vscode/tools/gcc-arm-none-eabi-10.3-2021.10/bin/../lib/gcc/arm-none-eabi/10.3.1/../../../../arm-none-eabi/lib/thumb/v7-m/nofp\libm.a
LOAD e:/project/program/vscode/tools/gcc-arm-none-eabi-10.3-2021.10/bin/../lib/gcc/arm-none-eabi/10.3.1/../../../../arm-none-eabi/lib/thumb/v7-m/nofp\libnosys.a
START GROUP
LOAD e:/project/program/vscode/tools/gcc-arm-none-eabi-10.3-2021.10/bin/../lib/gcc/arm-none-eabi/10.3.1/thumb/v7-m/nofp\libgcc.a
LOAD e:/project/program/vscode/tools/gcc-arm-none-eabi-10.3-2021.10/bin/../lib/gcc/arm-none-eabi/10.3.1/../../../../arm-none-eabi/lib/thumb/v7-m/nofp\libc_nano.a
END GROUP
START GROUP
LOAD e:/project/program/vscode/tools/gcc-arm-none-eabi-10.3-2021.10/bin/../lib/gcc/arm-none-eabi/10.3.1/thumb/v7-m/nofp\libgcc.a
LOAD e:/project/program/vscode/tools/gcc-arm-none-eabi-10.3-2021.10/bin/../lib/gcc/arm-none-eabi/10.3.1/../../../../arm-none-eabi/lib/thumb/v7-m/nofp\libc_nano.a
END GROUP
LOAD e:/project/program/vscode/tools/gcc-arm-none-eabi-10.3-2021.10/bin/../lib/gcc/arm-none-eabi/10.3.1/thumb/v7-m/nofp/crtend.o
LOAD e:/project/program/vscode/tools/gcc-arm-none-eabi-10.3-2021.10/bin/../lib/gcc/arm-none-eabi/10.3.1/thumb/v7-m/nofp/crtn.o
                0x20005000                _estack = 0x20005000
                0x00000800                _Min_Heap_Size = 0x800
                0x00001000                _Min_Stack_Size = 0x1000

.isr_vector     0x08000000      0x10c
                0x08000000                . = ALIGN (0x4)
 *(.isr_vector)
 .isr_vector    0x08000000      0x10c build/startup_stm32f103xb.o
                0x08000000                g_pfnVectors
                0x0800010c                . = ALIGN (0x4)

.text           0x08000110     0x9194
                0x08000110                . = ALIGN (0x4)
 *(.text)
 .text          0x08000110       0x40 e:/project/program/vscode/tools/gcc-arm-none-eabi-10.3-2021.10/bin/../lib/gcc/arm-none-eabi/10.3.1/thumb/v7-m/nofp/crtbegin.o
 .text          0x08000150       0x10 e:/project/program/vscode/tools/gcc-arm-none-eabi-10.3-2021.10/bin/../lib/gcc/arm-none-eabi/10.3.1/../../../../arm-none-eabi/lib/thumb/v7-m/nofp\libc_nano.a(lib_a-strlen.o)
                0x08000150                strlen
 .text          0x08000160      0x378 e:/project/program/vscode/tools/gcc-arm-none-eabi-10.3-2021.10/bin/../lib/gcc/arm-none-eabi/10.3.1/thumb/v7-m/nofp\libgcc.a(_arm_addsubdf3.o)
                0x08000160                __aeabi_drsub
                0x08000168                __aeabi_dsub
                0x08000168                __subdf3
                0x0800016c                __aeabi_dadd
                0x0800016c                __adddf3
                0x080003e4                __floatunsidf
                0x080003e4                __aeabi_ui2d
                0x08000404                __floatsidf
                0x08000404                __aeabi_i2d
                0x08000428                __aeabi_f2d
                0x08000428                __extendsfdf2
                0x0800046c                __floatundidf
                0x0800046c                __aeabi_ul2d
                0x0800047c                __floatdidf
                0x0800047c                __aeabi_l2d
 .text          0x080004d8      0x424 e:/project/program/vscode/tools/gcc-arm-none-eabi-10.3-2021.10/bin/../lib/gcc/arm-none-eabi/10.3.1/thumb/v7-m/nofp\libgcc.a(_arm_muldivdf3.o)
                0x080004d8                __aeabi_dmul
                0x080004d8                __muldf3
                0x0800072c                __divdf3
                0x0800072c                __aeabi_ddiv
 .text          0x080008fc      0x110 e:/project/program/vscode/tools/gcc-arm-none-eabi-10.3-2021.10/bin/../lib/gcc/arm-none-eabi/10.3.1/thumb/v7-m/nofp\libgcc.a(_arm_cmpdf2.o)
                0x080008fc                __gtdf2
                0x080008fc                __gedf2
                0x08000904                __ltdf2
                0x08000904                __ledf2
                0x0800090c                __nedf2
                0x0800090c                __eqdf2
                0x0800090c                __cmpdf2
                0x08000988                __aeabi_cdrcmple
                0x08000998                __aeabi_cdcmpeq
                0x08000998                __aeabi_cdcmple
                0x080009a8                __aeabi_dcmpeq
                0x080009bc                __aeabi_dcmplt
                0x080009d0                __aeabi_dcmple
                0x080009e4                __aeabi_dcmpge
                0x080009f8                __aeabi_dcmpgt
 .text          0x08000a0c       0x2c e:/project/program/vscode/tools/gcc-arm-none-eabi-10.3-2021.10/bin/../lib/gcc/arm-none-eabi/10.3.1/thumb/v7-m/nofp\libgcc.a(_arm_unorddf2.o)
                0x08000a0c                __unorddf2
                0x08000a0c                __aeabi_dcmpun
 .text          0x08000a38       0x50 e:/project/program/vscode/tools/gcc-arm-none-eabi-10.3-2021.10/bin/../lib/gcc/arm-none-eabi/10.3.1/thumb/v7-m/nofp\libgcc.a(_arm_fixdfsi.o)
                0x08000a38                __aeabi_d2iz
                0x08000a38                __fixdfsi
 .text          0x08000a88       0x40 e:/project/program/vscode/tools/gcc-arm-none-eabi-10.3-2021.10/bin/../lib/gcc/arm-none-eabi/10.3.1/thumb/v7-m/nofp\libgcc.a(_arm_fixunsdfsi.o)
                0x08000a88                __aeabi_d2uiz
                0x08000a88                __fixunsdfsi
 .text          0x08000ac8       0xa0 e:/project/program/vscode/tools/gcc-arm-none-eabi-10.3-2021.10/bin/../lib/gcc/arm-none-eabi/10.3.1/thumb/v7-m/nofp\libgcc.a(_arm_truncdfsf2.o)
                0x08000ac8                __truncdfsf2
                0x08000ac8                __aeabi_d2f
 .text          0x08000b68      0x21c e:/project/program/vscode/tools/gcc-arm-none-eabi-10.3-2021.10/bin/../lib/gcc/arm-none-eabi/10.3.1/thumb/v7-m/nofp\libgcc.a(_arm_addsubsf3.o)
                0x08000b68                __aeabi_frsub
                0x08000b70                __subsf3
                0x08000b70                __aeabi_fsub
                0x08000b74                __aeabi_fadd
                0x08000b74                __addsf3
                0x08000cd4                __aeabi_ui2f
                0x08000cd4                __floatunsisf
                0x08000cdc                __aeabi_i2f
                0x08000cdc                __floatsisf
                0x08000cf8                __aeabi_ul2f
                0x08000cf8                __floatundisf
                0x08000d08                __aeabi_l2f
                0x08000d08                __floatdisf
 .text          0x08000d84      0x2a0 e:/project/program/vscode/tools/gcc-arm-none-eabi-10.3-2021.10/bin/../lib/gcc/arm-none-eabi/10.3.1/thumb/v7-m/nofp\libgcc.a(_arm_muldivsf3.o)
                0x08000d84                __mulsf3
                0x08000d84                __aeabi_fmul
                0x08000eec                __aeabi_fdiv
                0x08000eec                __divsf3
 .text          0x08001024       0xec e:/project/program/vscode/tools/gcc-arm-none-eabi-10.3-2021.10/bin/../lib/gcc/arm-none-eabi/10.3.1/thumb/v7-m/nofp\libgcc.a(_arm_cmpsf2.o)
                0x08001024                __gesf2
                0x08001024                __gtsf2
                0x0800102c                __lesf2
                0x0800102c                __ltsf2
                0x08001034                __nesf2
                0x08001034                __eqsf2
                0x08001034                __cmpsf2
                0x08001094                __aeabi_cfrcmple
                0x0800109c                __aeabi_cfcmpeq
                0x0800109c                __aeabi_cfcmple
                0x080010ac                __aeabi_fcmpeq
                0x080010c0                __aeabi_fcmplt
                0x080010d4                __aeabi_fcmple
                0x080010e8                __aeabi_fcmpge
                0x080010fc                __aeabi_fcmpgt
 .text          0x08001110       0x4c e:/project/program/vscode/tools/gcc-arm-none-eabi-10.3-2021.10/bin/../lib/gcc/arm-none-eabi/10.3.1/thumb/v7-m/nofp\libgcc.a(_arm_fixsfsi.o)
                0x08001110                __aeabi_f2iz
                0x08001110                __fixsfsi
 .text          0x0800115c       0x40 e:/project/program/vscode/tools/gcc-arm-none-eabi-10.3-2021.10/bin/../lib/gcc/arm-none-eabi/10.3.1/thumb/v7-m/nofp\libgcc.a(_arm_fixunssfsi.o)
                0x0800115c                __fixunssfsi
                0x0800115c                __aeabi_f2uiz
 .text          0x0800119c       0x34 e:/project/program/vscode/tools/gcc-arm-none-eabi-10.3-2021.10/bin/../lib/gcc/arm-none-eabi/10.3.1/thumb/v7-m/nofp\libgcc.a(_fixdfdi.o)
                0x0800119c                __fixdfdi
                0x0800119c                __aeabi_d2lz
 .text          0x080011d0       0x3c e:/project/program/vscode/tools/gcc-arm-none-eabi-10.3-2021.10/bin/../lib/gcc/arm-none-eabi/10.3.1/thumb/v7-m/nofp\libgcc.a(_fixunsdfdi.o)
                0x080011d0                __fixunsdfdi
                0x080011d0                __aeabi_d2ulz
 *(.text*)
 .text.MX_GPIO_Init
                0x0800120c       0xcc build/main.o
 .text.HAL_GPIO_EXTI_Callback
                0x080012d8       0x6c build/main.o
                0x080012d8                HAL_GPIO_EXTI_Callback
 .text.HAL_UART_RxCpltCallback
                0x08001344       0x5c build/main.o
                0x08001344                HAL_UART_RxCpltCallback
 .text.axisInit
                0x080013a0      0x148 build/main.o
                0x080013a0                axisInit
 .text.Error_Handler
                0x080014e8        0x4 build/main.o
                0x080014e8                Error_Handler
 .text.MX_TIM1_Init
                0x080014ec       0x64 build/main.o
 .text.MX_TIM2_Init
                0x08001550       0x60 build/main.o
 .text.MX_TIM3_Init
                0x080015b0       0xd8 build/main.o
 .text.MX_TIM4_Init
                0x08001688       0x60 build/main.o
 .text.MX_USART2_UART_Init
                0x080016e8       0x34 build/main.o
 .text.SystemClock_Config
                0x0800171c       0x64 build/main.o
                0x0800171c                SystemClock_Config
 .text.main     0x08001780      0x3e0 build/main.o
                0x08001780                main
 .text.NMI_Handler
                0x08001b60        0x2 build/stm32f1xx_it.o
                0x08001b60                NMI_Handler
 .text.HardFault_Handler
                0x08001b62        0x2 build/stm32f1xx_it.o
                0x08001b62                HardFault_Handler
 .text.MemManage_Handler
                0x08001b64        0x2 build/stm32f1xx_it.o
                0x08001b64                MemManage_Handler
 .text.BusFault_Handler
                0x08001b66        0x2 build/stm32f1xx_it.o
                0x08001b66                BusFault_Handler
 .text.UsageFault_Handler
                0x08001b68        0x2 build/stm32f1xx_it.o
                0x08001b68                UsageFault_Handler
 .text.SVC_Handler
                0x08001b6a        0x2 build/stm32f1xx_it.o
                0x08001b6a                SVC_Handler
 .text.DebugMon_Handler
                0x08001b6c        0x2 build/stm32f1xx_it.o
                0x08001b6c                DebugMon_Handler
 .text.PendSV_Handler
                0x08001b6e        0x2 build/stm32f1xx_it.o
                0x08001b6e                PendSV_Handler
 .text.SysTick_Handler
                0x08001b70       0x24 build/stm32f1xx_it.o
                0x08001b70                SysTick_Handler
 .text.USART2_IRQHandler
                0x08001b94       0x10 build/stm32f1xx_it.o
                0x08001b94                USART2_IRQHandler
 .text.EXTI15_10_IRQHandler
                0x08001ba4       0x1c build/stm32f1xx_it.o
                0x08001ba4                EXTI15_10_IRQHandler
 .text.HAL_MspInit
                0x08001bc0       0x44 build/stm32f1xx_hal_msp.o
                0x08001bc0                HAL_MspInit
 .text.HAL_TIM_Encoder_MspInit
                0x08001c04       0xdc build/stm32f1xx_hal_msp.o
                0x08001c04                HAL_TIM_Encoder_MspInit
 .text.HAL_TIM_Base_MspInit
                0x08001ce0       0x2c build/stm32f1xx_hal_msp.o
                0x08001ce0                HAL_TIM_Base_MspInit
 .text.HAL_TIM_MspPostInit
                0x08001d0c       0x74 build/stm32f1xx_hal_msp.o
                0x08001d0c                HAL_TIM_MspPostInit
 .text.HAL_UART_MspInit
                0x08001d80       0x88 build/stm32f1xx_hal_msp.o
                0x08001d80                HAL_UART_MspInit
 .text.TIM_OC1_SetConfig
                0x08001e08       0x5c build/stm32f1xx_hal_tim.o
 .text.TIM_OC3_SetConfig
                0x08001e64       0x64 build/stm32f1xx_hal_tim.o
 .text.TIM_OC4_SetConfig
                0x08001ec8       0x48 build/stm32f1xx_hal_tim.o
 .text.TIM_TI1_ConfigInputStage
                0x08001f10       0x24 build/stm32f1xx_hal_tim.o
 .text.TIM_TI2_ConfigInputStage
                0x08001f34       0x26 build/stm32f1xx_hal_tim.o
 .text.TIM_ITRx_SetConfig
                0x08001f5a       0x10 build/stm32f1xx_hal_tim.o
 .text.HAL_TIM_PWM_MspInit
                0x08001f6a        0x2 build/stm32f1xx_hal_tim.o
                0x08001f6a                HAL_TIM_PWM_MspInit
 .text.TIM_Base_SetConfig
                0x08001f6c       0x74 build/stm32f1xx_hal_tim.o
                0x08001f6c                TIM_Base_SetConfig
 .text.HAL_TIM_Base_Init
                0x08001fe0       0x58 build/stm32f1xx_hal_tim.o
                0x08001fe0                HAL_TIM_Base_Init
 .text.HAL_TIM_PWM_Init
                0x08002038       0x58 build/stm32f1xx_hal_tim.o
                0x08002038                HAL_TIM_PWM_Init
 .text.HAL_TIM_Encoder_Init
                0x08002090       0xb8 build/stm32f1xx_hal_tim.o
                0x08002090                HAL_TIM_Encoder_Init
 .text.TIM_OC2_SetConfig
                0x08002148       0x64 build/stm32f1xx_hal_tim.o
                0x08002148                TIM_OC2_SetConfig
 .text.HAL_TIM_PWM_ConfigChannel
                0x080021ac       0xd0 build/stm32f1xx_hal_tim.o
                0x080021ac                HAL_TIM_PWM_ConfigChannel
 .text.TIM_ETR_SetConfig
                0x0800227c       0x18 build/stm32f1xx_hal_tim.o
                0x0800227c                TIM_ETR_SetConfig
 .text.HAL_TIM_ConfigClockSource
                0x08002294       0xda build/stm32f1xx_hal_tim.o
                0x08002294                HAL_TIM_ConfigClockSource
 .text.TIM_CCxChannelCmd
                0x0800236e       0x1e build/stm32f1xx_hal_tim.o
                0x0800236e                TIM_CCxChannelCmd
 .text.HAL_TIM_PWM_Start
                0x0800238c       0xdc build/stm32f1xx_hal_tim.o
                0x0800238c                HAL_TIM_PWM_Start
 .text.HAL_TIM_Encoder_Start
                0x08002468       0xcc build/stm32f1xx_hal_tim.o
                0x08002468                HAL_TIM_Encoder_Start
 .text.HAL_TIMEx_MasterConfigSynchronization
                0x08002534       0x6c build/stm32f1xx_hal_tim_ex.o
                0x08002534                HAL_TIMEx_MasterConfigSynchronization
 .text.HAL_InitTick
                0x080025a0       0x4c build/stm32f1xx_hal.o
                0x080025a0                HAL_InitTick
 .text.HAL_Init
                0x080025ec       0x24 build/stm32f1xx_hal.o
                0x080025ec                HAL_Init
 .text.HAL_IncTick
                0x08002610       0x18 build/stm32f1xx_hal.o
                0x08002610                HAL_IncTick
 .text.HAL_GetTick
                0x08002628        0xc build/stm32f1xx_hal.o
                0x08002628                HAL_GetTick
 .text.HAL_Delay
                0x08002634       0x28 build/stm32f1xx_hal.o
                0x08002634                HAL_Delay
 .text.RCC_Delay
                0x0800265c       0x2c build/stm32f1xx_hal_rcc.o
 .text.HAL_RCC_OscConfig
                0x08002688      0x410 build/stm32f1xx_hal_rcc.o
                0x08002688                HAL_RCC_OscConfig
 .text.HAL_RCC_GetSysClockFreq
                0x08002a98       0x70 build/stm32f1xx_hal_rcc.o
                0x08002a98                HAL_RCC_GetSysClockFreq
 .text.HAL_RCC_ClockConfig
                0x08002b08      0x16c build/stm32f1xx_hal_rcc.o
                0x08002b08                HAL_RCC_ClockConfig
 .text.HAL_RCC_GetHCLKFreq
                0x08002c74        0xc build/stm32f1xx_hal_rcc.o
                0x08002c74                HAL_RCC_GetHCLKFreq
 .text.HAL_RCC_GetPCLK1Freq
                0x08002c80       0x20 build/stm32f1xx_hal_rcc.o
                0x08002c80                HAL_RCC_GetPCLK1Freq
 .text.HAL_RCC_GetPCLK2Freq
                0x08002ca0       0x20 build/stm32f1xx_hal_rcc.o
                0x08002ca0                HAL_RCC_GetPCLK2Freq
 .text.HAL_GPIO_Init
                0x08002cc0      0x224 build/stm32f1xx_hal_gpio.o
                0x08002cc0                HAL_GPIO_Init
 .text.HAL_GPIO_ReadPin
                0x08002ee4        0xe build/stm32f1xx_hal_gpio.o
                0x08002ee4                HAL_GPIO_ReadPin
 .text.HAL_GPIO_WritePin
                0x08002ef2        0xc build/stm32f1xx_hal_gpio.o
                0x08002ef2                HAL_GPIO_WritePin
 *fill*         0x08002efe        0x2 
 .text.HAL_GPIO_EXTI_IRQHandler
                0x08002f00       0x1c build/stm32f1xx_hal_gpio.o
                0x08002f00                HAL_GPIO_EXTI_IRQHandler
 .text.HAL_DMA_Abort
                0x08002f1c       0x44 build/stm32f1xx_hal_dma.o
                0x08002f1c                HAL_DMA_Abort
 .text.HAL_DMA_Abort_IT
                0x08002f60       0x98 build/stm32f1xx_hal_dma.o
                0x08002f60                HAL_DMA_Abort_IT
 .text.HAL_NVIC_SetPriorityGrouping
                0x08002ff8       0x24 build/stm32f1xx_hal_cortex.o
                0x08002ff8                HAL_NVIC_SetPriorityGrouping
 .text.HAL_NVIC_SetPriority
                0x0800301c       0x70 build/stm32f1xx_hal_cortex.o
                0x0800301c                HAL_NVIC_SetPriority
 .text.HAL_NVIC_EnableIRQ
                0x0800308c       0x1c build/stm32f1xx_hal_cortex.o
                0x0800308c                HAL_NVIC_EnableIRQ
 .text.HAL_SYSTICK_Config
                0x080030a8       0x28 build/stm32f1xx_hal_cortex.o
                0x080030a8                HAL_SYSTICK_Config
 .text.UART_EndRxTransfer
                0x080030d0       0x32 build/stm32f1xx_hal_uart.o
 .text.UART_Transmit_IT
                0x08003102       0x60 build/stm32f1xx_hal_uart.o
 *fill*         0x08003162        0x2 
 .text.UART_SetConfig
                0x08003164       0x94 build/stm32f1xx_hal_uart.o
 .text.UART_WaitOnFlagUntilTimeout
                0x080031f8       0x6c build/stm32f1xx_hal_uart.o
 .text.HAL_UART_Init
                0x08003264       0x5e build/stm32f1xx_hal_uart.o
                0x08003264                HAL_UART_Init
 .text.HAL_UART_Transmit
                0x080032c2       0xd8 build/stm32f1xx_hal_uart.o
                0x080032c2                HAL_UART_Transmit
 .text.HAL_UART_TxCpltCallback
                0x0800339a        0x2 build/stm32f1xx_hal_uart.o
                0x0800339a                HAL_UART_TxCpltCallback
 .text.UART_EndTransmit_IT
                0x0800339c       0x1a build/stm32f1xx_hal_uart.o
 .text.HAL_UART_ErrorCallback
                0x080033b6        0x2 build/stm32f1xx_hal_uart.o
                0x080033b6                HAL_UART_ErrorCallback
 .text.UART_DMAAbortOnError
                0x080033b8       0x10 build/stm32f1xx_hal_uart.o
 .text.HAL_UARTEx_RxEventCallback
                0x080033c8        0x2 build/stm32f1xx_hal_uart.o
                0x080033c8                HAL_UARTEx_RxEventCallback
 .text.UART_Receive_IT
                0x080033ca       0xd4 build/stm32f1xx_hal_uart.o
 *fill*         0x0800349e        0x2 
 .text.HAL_UART_IRQHandler
                0x080034a0      0x204 build/stm32f1xx_hal_uart.o
                0x080034a0                HAL_UART_IRQHandler
 .text.UART_Start_Receive_IT
                0x080036a4       0x36 build/stm32f1xx_hal_uart.o
                0x080036a4                UART_Start_Receive_IT
 .text.HAL_UART_Receive_IT
                0x080036da       0x38 build/stm32f1xx_hal_uart.o
                0x080036da                HAL_UART_Receive_IT
 .text.SystemInit
                0x08003712        0x2 build/system_stm32f1xx.o
                0x08003712                SystemInit
 .text.ProcessData
                0x08003714      0x2b4 build/MotorControl.o
                0x08003714                ProcessData
 .text.PWM      0x080039c8      0x118 build/MotorControl.o
                0x080039c8                PWM
 .text.readEncoder
                0x08003ae0       0x12 build/MotorControl.o
                0x08003ae0                readEncoder
 .text.sample   0x08003af2       0x1c build/MotorControl.o
                0x08003af2                sample
 *fill*         0x08003b0e        0x2 
 .text.PID_control
                0x08003b10       0xd0 build/MotorControl.o
                0x08003b10                PID_control
 .text.HOME     0x08003be0       0x3c build/MotorControl.o
                0x08003be0                HOME
 .text.move     0x08003c1c       0x5c build/MotorControl.o
                0x08003c1c                move
 .text.moveGcode
                0x08003c78       0x64 build/MotorControl.o
                0x08003c78                moveGcode
 *fill*         0x08003cdc        0x4 
 .text.drawLine
                0x08003ce0      0x1bc build/MotorControl.o
                0x08003ce0                drawLine
 .text.runDrill
                0x08003e9c      0x11c build/MotorControl.o
                0x08003e9c                runDrill
 .text.int_abs  0x08003fb8        0xa build/MyMath.o
                0x08003fb8                int_abs
 .text.int_min  0x08003fc2        0xc build/MyMath.o
                0x08003fc2                int_min
 .text.int_max  0x08003fce        0xc build/MyMath.o
                0x08003fce                int_max
 *fill*         0x08003fda        0x2 
 .text.Reset_Handler
                0x08003fdc       0x48 build/startup_stm32f103xb.o
                0x08003fdc                Reset_Handler
 .text.Default_Handler
                0x08004024        0x2 build/startup_stm32f103xb.o
                0x08004024                RTC_Alarm_IRQHandler
                0x08004024                EXTI2_IRQHandler
                0x08004024                TIM1_CC_IRQHandler
                0x08004024                PVD_IRQHandler
                0x08004024                EXTI3_IRQHandler
                0x08004024                EXTI0_IRQHandler
                0x08004024                I2C2_EV_IRQHandler
                0x08004024                ADC1_2_IRQHandler
                0x08004024                SPI1_IRQHandler
                0x08004024                TAMPER_IRQHandler
                0x08004024                DMA1_Channel4_IRQHandler
                0x08004024                USART3_IRQHandler
                0x08004024                RTC_IRQHandler
                0x08004024                DMA1_Channel7_IRQHandler
                0x08004024                CAN1_RX1_IRQHandler
                0x08004024                TIM4_IRQHandler
                0x08004024                I2C1_EV_IRQHandler
                0x08004024                DMA1_Channel6_IRQHandler
                0x08004024                TIM3_IRQHandler
                0x08004024                RCC_IRQHandler
                0x08004024                TIM1_TRG_COM_IRQHandler
                0x08004024                DMA1_Channel1_IRQHandler
                0x08004024                Default_Handler
                0x08004024                EXTI9_5_IRQHandler
                0x08004024                SPI2_IRQHandler
                0x08004024                DMA1_Channel5_IRQHandler
                0x08004024                EXTI4_IRQHandler
                0x08004024                USB_LP_CAN1_RX0_IRQHandler
                0x08004024                USB_HP_CAN1_TX_IRQHandler
                0x08004024                DMA1_Channel3_IRQHandler
                0x08004024                TIM1_UP_IRQHandler
                0x08004024                WWDG_IRQHandler
                0x08004024                TIM2_IRQHandler
                0x08004024                TIM1_BRK_IRQHandler
                0x08004024                EXTI1_IRQHandler
                0x08004024                I2C2_ER_IRQHandler
                0x08004024                DMA1_Channel2_IRQHandler
                0x08004024                CAN1_SCE_IRQHandler
                0x08004024                FLASH_IRQHandler
                0x08004024                USART1_IRQHandler
                0x08004024                I2C1_ER_IRQHandler
                0x08004024                USBWakeUp_IRQHandler
 *fill*         0x08004026        0x2 
 .text.__libc_init_array
                0x08004028       0x48 e:/project/program/vscode/tools/gcc-arm-none-eabi-10.3-2021.10/bin/../lib/gcc/arm-none-eabi/10.3.1/../../../../arm-none-eabi/lib/thumb/v7-m/nofp\libc_nano.a(lib_a-init.o)
                0x08004028                __libc_init_array
 .text.memset   0x08004070       0x10 e:/project/program/vscode/tools/gcc-arm-none-eabi-10.3-2021.10/bin/../lib/gcc/arm-none-eabi/10.3.1/../../../../arm-none-eabi/lib/thumb/v7-m/nofp\libc_nano.a(lib_a-memset.o)
                0x08004070                memset
 .text.__cvt    0x08004080       0xbe e:/project/program/vscode/tools/gcc-arm-none-eabi-10.3-2021.10/bin/../lib/gcc/arm-none-eabi/10.3.1/../../../../arm-none-eabi/lib/thumb/v7-m/nofp\libc_nano.a(lib_a-nano-vfprintf_float.o)
                0x08004080                __cvt
 .text.__exponent
                0x0800413e       0x7c e:/project/program/vscode/tools/gcc-arm-none-eabi-10.3-2021.10/bin/../lib/gcc/arm-none-eabi/10.3.1/../../../../arm-none-eabi/lib/thumb/v7-m/nofp\libc_nano.a(lib_a-nano-vfprintf_float.o)
                0x0800413e                __exponent
 *fill*         0x080041ba        0x2 
 .text._printf_float
                0x080041bc      0x458 e:/project/program/vscode/tools/gcc-arm-none-eabi-10.3-2021.10/bin/../lib/gcc/arm-none-eabi/10.3.1/../../../../arm-none-eabi/lib/thumb/v7-m/nofp\libc_nano.a(lib_a-nano-vfprintf_float.o)
                0x080041bc                _printf_float
 .text._printf_common
                0x08004614       0xde e:/project/program/vscode/tools/gcc-arm-none-eabi-10.3-2021.10/bin/../lib/gcc/arm-none-eabi/10.3.1/../../../../arm-none-eabi/lib/thumb/v7-m/nofp\libc_nano.a(lib_a-nano-vfprintf_i.o)
                0x08004614                _printf_common
 *fill*         0x080046f2        0x2 
 .text._printf_i
                0x080046f4      0x24c e:/project/program/vscode/tools/gcc-arm-none-eabi-10.3-2021.10/bin/../lib/gcc/arm-none-eabi/10.3.1/../../../../arm-none-eabi/lib/thumb/v7-m/nofp\libc_nano.a(lib_a-nano-vfprintf_i.o)
                0x080046f4                _printf_i
 .text._scanf_float
                0x08004940      0x41c e:/project/program/vscode/tools/gcc-arm-none-eabi-10.3-2021.10/bin/../lib/gcc/arm-none-eabi/10.3.1/../../../../arm-none-eabi/lib/thumb/v7-m/nofp\libc_nano.a(lib_a-nano-vfscanf_float.o)
                0x08004940                _scanf_float
 .text.nanf     0x08004d5c        0x8 e:/project/program/vscode/tools/gcc-arm-none-eabi-10.3-2021.10/bin/../lib/gcc/arm-none-eabi/10.3.1/../../../../arm-none-eabi/lib/thumb/v7-m/nofp\libc_nano.a(lib_a-sf_nan.o)
                0x08004d5c                nanf
 .text.sprintf  0x08004d64       0x40 e:/project/program/vscode/tools/gcc-arm-none-eabi-10.3-2021.10/bin/../lib/gcc/arm-none-eabi/10.3.1/../../../../arm-none-eabi/lib/thumb/v7-m/nofp\libc_nano.a(lib_a-sprintf.o)
                0x08004d64                siprintf
                0x08004d64                sprintf
 .text.sscanf   0x08004da4       0x54 e:/project/program/vscode/tools/gcc-arm-none-eabi-10.3-2021.10/bin/../lib/gcc/arm-none-eabi/10.3.1/../../../../arm-none-eabi/lib/thumb/v7-m/nofp\libc_nano.a(lib_a-sscanf.o)
                0x08004da4                siscanf
                0x08004da4                sscanf
 .text.__sread  0x08004df8       0x22 e:/project/program/vscode/tools/gcc-arm-none-eabi-10.3-2021.10/bin/../lib/gcc/arm-none-eabi/10.3.1/../../../../arm-none-eabi/lib/thumb/v7-m/nofp\libc_nano.a(lib_a-stdio.o)
                0x08004df8                __sread
 .text.__seofread
                0x08004e1a        0x4 e:/project/program/vscode/tools/gcc-arm-none-eabi-10.3-2021.10/bin/../lib/gcc/arm-none-eabi/10.3.1/../../../../arm-none-eabi/lib/thumb/v7-m/nofp\libc_nano.a(lib_a-stdio.o)
                0x08004e1a                __seofread
 .text.__swrite
                0x08004e1e       0x38 e:/project/program/vscode/tools/gcc-arm-none-eabi-10.3-2021.10/bin/../lib/gcc/arm-none-eabi/10.3.1/../../../../arm-none-eabi/lib/thumb/v7-m/nofp\libc_nano.a(lib_a-stdio.o)
                0x08004e1e                __swrite
 .text.__sseek  0x08004e56       0x24 e:/project/program/vscode/tools/gcc-arm-none-eabi-10.3-2021.10/bin/../lib/gcc/arm-none-eabi/10.3.1/../../../../arm-none-eabi/lib/thumb/v7-m/nofp\libc_nano.a(lib_a-stdio.o)
                0x08004e56                __sseek
 .text.__sclose
                0x08004e7a        0x8 e:/project/program/vscode/tools/gcc-arm-none-eabi-10.3-2021.10/bin/../lib/gcc/arm-none-eabi/10.3.1/../../../../arm-none-eabi/lib/thumb/v7-m/nofp\libc_nano.a(lib_a-stdio.o)
                0x08004e7a                __sclose
 .text.sulp     0x08004e82       0x42 e:/project/program/vscode/tools/gcc-arm-none-eabi-10.3-2021.10/bin/../lib/gcc/arm-none-eabi/10.3.1/../../../../arm-none-eabi/lib/thumb/v7-m/nofp\libc_nano.a(lib_a-strtod.o)
 *fill*         0x08004ec4        0x4 
 .text._strtod_l
                0x08004ec8      0xbd0 e:/project/program/vscode/tools/gcc-arm-none-eabi-10.3-2021.10/bin/../lib/gcc/arm-none-eabi/10.3.1/../../../../arm-none-eabi/lib/thumb/v7-m/nofp\libc_nano.a(lib_a-strtod.o)
                0x08004ec8                _strtod_l
 .text._strtod_r
                0x08005a98        0xc e:/project/program/vscode/tools/gcc-arm-none-eabi-10.3-2021.10/bin/../lib/gcc/arm-none-eabi/10.3.1/../../../../arm-none-eabi/lib/thumb/v7-m/nofp\libc_nano.a(lib_a-strtod.o)
                0x08005a98                _strtod_r
 .text._strtol_l.constprop.0
                0x08005aa4       0xf8 e:/project/program/vscode/tools/gcc-arm-none-eabi-10.3-2021.10/bin/../lib/gcc/arm-none-eabi/10.3.1/../../../../arm-none-eabi/lib/thumb/v7-m/nofp\libc_nano.a(lib_a-strtol.o)
 .text._strtol_r
                0x08005b9c        0x4 e:/project/program/vscode/tools/gcc-arm-none-eabi-10.3-2021.10/bin/../lib/gcc/arm-none-eabi/10.3.1/../../../../arm-none-eabi/lib/thumb/v7-m/nofp\libc_nano.a(lib_a-strtol.o)
                0x08005b9c                _strtol_r
 .text._write_r
                0x08005ba0       0x24 e:/project/program/vscode/tools/gcc-arm-none-eabi-10.3-2021.10/bin/../lib/gcc/arm-none-eabi/10.3.1/../../../../arm-none-eabi/lib/thumb/v7-m/nofp\libc_nano.a(lib_a-writer.o)
                0x08005ba0                _write_r
 .text._close_r
                0x08005bc4       0x20 e:/project/program/vscode/tools/gcc-arm-none-eabi-10.3-2021.10/bin/../lib/gcc/arm-none-eabi/10.3.1/../../../../arm-none-eabi/lib/thumb/v7-m/nofp\libc_nano.a(lib_a-closer.o)
                0x08005bc4                _close_r
 .text.quorem   0x08005be4      0x118 e:/project/program/vscode/tools/gcc-arm-none-eabi-10.3-2021.10/bin/../lib/gcc/arm-none-eabi/10.3.1/../../../../arm-none-eabi/lib/thumb/v7-m/nofp\libc_nano.a(lib_a-dtoa.o)
 *fill*         0x08005cfc        0x4 
 .text._dtoa_r  0x08005d00      0xbdc e:/project/program/vscode/tools/gcc-arm-none-eabi-10.3-2021.10/bin/../lib/gcc/arm-none-eabi/10.3.1/../../../../arm-none-eabi/lib/thumb/v7-m/nofp\libc_nano.a(lib_a-dtoa.o)
                0x08005d00                _dtoa_r
 .text.__errno  0x080068dc        0xc e:/project/program/vscode/tools/gcc-arm-none-eabi-10.3-2021.10/bin/../lib/gcc/arm-none-eabi/10.3.1/../../../../arm-none-eabi/lib/thumb/v7-m/nofp\libc_nano.a(lib_a-errno.o)
                0x080068dc                __errno
 .text.rshift   0x080068e8       0xa6 e:/project/program/vscode/tools/gcc-arm-none-eabi-10.3-2021.10/bin/../lib/gcc/arm-none-eabi/10.3.1/../../../../arm-none-eabi/lib/thumb/v7-m/nofp\libc_nano.a(lib_a-gdtoa-gethex.o)
 .text.__hexdig_fun
                0x0800698e       0x2a e:/project/program/vscode/tools/gcc-arm-none-eabi-10.3-2021.10/bin/../lib/gcc/arm-none-eabi/10.3.1/../../../../arm-none-eabi/lib/thumb/v7-m/nofp\libc_nano.a(lib_a-gdtoa-gethex.o)
                0x0800698e                __hexdig_fun
 .text.__gethex
                0x080069b8      0x478 e:/project/program/vscode/tools/gcc-arm-none-eabi-10.3-2021.10/bin/../lib/gcc/arm-none-eabi/10.3.1/../../../../arm-none-eabi/lib/thumb/v7-m/nofp\libc_nano.a(lib_a-gdtoa-gethex.o)
                0x080069b8                __gethex
 .text.L_shift  0x08006e30       0x24 e:/project/program/vscode/tools/gcc-arm-none-eabi-10.3-2021.10/bin/../lib/gcc/arm-none-eabi/10.3.1/../../../../arm-none-eabi/lib/thumb/v7-m/nofp\libc_nano.a(lib_a-gdtoa-hexnan.o)
 .text.__match  0x08006e54       0x28 e:/project/program/vscode/tools/gcc-arm-none-eabi-10.3-2021.10/bin/../lib/gcc/arm-none-eabi/10.3.1/../../../../arm-none-eabi/lib/thumb/v7-m/nofp\libc_nano.a(lib_a-gdtoa-hexnan.o)
                0x08006e54                __match
 .text.__hexnan
                0x08006e7c      0x138 e:/project/program/vscode/tools/gcc-arm-none-eabi-10.3-2021.10/bin/../lib/gcc/arm-none-eabi/10.3.1/../../../../arm-none-eabi/lib/thumb/v7-m/nofp\libc_nano.a(lib_a-gdtoa-hexnan.o)
                0x08006e7c                __hexnan
 .text._localeconv_r
                0x08006fb4        0x8 e:/project/program/vscode/tools/gcc-arm-none-eabi-10.3-2021.10/bin/../lib/gcc/arm-none-eabi/10.3.1/../../../../arm-none-eabi/lib/thumb/v7-m/nofp\libc_nano.a(lib_a-localeconv.o)
                0x08006fb4                _localeconv_r
 .text._lseek_r
                0x08006fbc       0x24 e:/project/program/vscode/tools/gcc-arm-none-eabi-10.3-2021.10/bin/../lib/gcc/arm-none-eabi/10.3.1/../../../../arm-none-eabi/lib/thumb/v7-m/nofp\libc_nano.a(lib_a-lseekr.o)
                0x08006fbc                _lseek_r
 .text.malloc   0x08006fe0       0x10 e:/project/program/vscode/tools/gcc-arm-none-eabi-10.3-2021.10/bin/../lib/gcc/arm-none-eabi/10.3.1/../../../../arm-none-eabi/lib/thumb/v7-m/nofp\libc_nano.a(lib_a-malloc.o)
                0x08006fe0                malloc
 .text.__ascii_mbtowc
                0x08006ff0       0x24 e:/project/program/vscode/tools/gcc-arm-none-eabi-10.3-2021.10/bin/../lib/gcc/arm-none-eabi/10.3.1/../../../../arm-none-eabi/lib/thumb/v7-m/nofp\libc_nano.a(lib_a-mbtowc_r.o)
                0x08006ff0                __ascii_mbtowc
 .text.memchr   0x08007014       0x1c e:/project/program/vscode/tools/gcc-arm-none-eabi-10.3-2021.10/bin/../lib/gcc/arm-none-eabi/10.3.1/../../../../arm-none-eabi/lib/thumb/v7-m/nofp\libc_nano.a(lib_a-memchr-stub.o)
                0x08007014                memchr
 .text.memcpy   0x08007030       0x1c e:/project/program/vscode/tools/gcc-arm-none-eabi-10.3-2021.10/bin/../lib/gcc/arm-none-eabi/10.3.1/../../../../arm-none-eabi/lib/thumb/v7-m/nofp\libc_nano.a(lib_a-memcpy-stub.o)
                0x08007030                memcpy
 .text._Balloc  0x0800704c       0x80 e:/project/program/vscode/tools/gcc-arm-none-eabi-10.3-2021.10/bin/../lib/gcc/arm-none-eabi/10.3.1/../../../../arm-none-eabi/lib/thumb/v7-m/nofp\libc_nano.a(lib_a-mprec.o)
                0x0800704c                _Balloc
 .text._Bfree   0x080070cc       0x44 e:/project/program/vscode/tools/gcc-arm-none-eabi-10.3-2021.10/bin/../lib/gcc/arm-none-eabi/10.3.1/../../../../arm-none-eabi/lib/thumb/v7-m/nofp\libc_nano.a(lib_a-mprec.o)
                0x080070cc                _Bfree
 .text.__multadd
                0x08007110       0x8c e:/project/program/vscode/tools/gcc-arm-none-eabi-10.3-2021.10/bin/../lib/gcc/arm-none-eabi/10.3.1/../../../../arm-none-eabi/lib/thumb/v7-m/nofp\libc_nano.a(lib_a-mprec.o)
                0x08007110                __multadd
 .text.__s2b    0x0800719c       0x94 e:/project/program/vscode/tools/gcc-arm-none-eabi-10.3-2021.10/bin/../lib/gcc/arm-none-eabi/10.3.1/../../../../arm-none-eabi/lib/thumb/v7-m/nofp\libc_nano.a(lib_a-mprec.o)
                0x0800719c                __s2b
 .text.__hi0bits
                0x08007230       0x40 e:/project/program/vscode/tools/gcc-arm-none-eabi-10.3-2021.10/bin/../lib/gcc/arm-none-eabi/10.3.1/../../../../arm-none-eabi/lib/thumb/v7-m/nofp\libc_nano.a(lib_a-mprec.o)
                0x08007230                __hi0bits
 .text.__lo0bits
                0x08007270       0x5a e:/project/program/vscode/tools/gcc-arm-none-eabi-10.3-2021.10/bin/../lib/gcc/arm-none-eabi/10.3.1/../../../../arm-none-eabi/lib/thumb/v7-m/nofp\libc_nano.a(lib_a-mprec.o)
                0x08007270                __lo0bits
 *fill*         0x080072ca        0x2 
 .text.__i2b    0x080072cc       0x2c e:/project/program/vscode/tools/gcc-arm-none-eabi-10.3-2021.10/bin/../lib/gcc/arm-none-eabi/10.3.1/../../../../arm-none-eabi/lib/thumb/v7-m/nofp\libc_nano.a(lib_a-mprec.o)
                0x080072cc                __i2b
 .text.__multiply
                0x080072f8      0x150 e:/project/program/vscode/tools/gcc-arm-none-eabi-10.3-2021.10/bin/../lib/gcc/arm-none-eabi/10.3.1/../../../../arm-none-eabi/lib/thumb/v7-m/nofp\libc_nano.a(lib_a-mprec.o)
                0x080072f8                __multiply
 .text.__pow5mult
                0x08007448       0xb4 e:/project/program/vscode/tools/gcc-arm-none-eabi-10.3-2021.10/bin/../lib/gcc/arm-none-eabi/10.3.1/../../../../arm-none-eabi/lib/thumb/v7-m/nofp\libc_nano.a(lib_a-mprec.o)
                0x08007448                __pow5mult
 .text.__lshift
                0x080074fc       0xe0 e:/project/program/vscode/tools/gcc-arm-none-eabi-10.3-2021.10/bin/../lib/gcc/arm-none-eabi/10.3.1/../../../../arm-none-eabi/lib/thumb/v7-m/nofp\libc_nano.a(lib_a-mprec.o)
                0x080074fc                __lshift
 .text.__mcmp   0x080075dc       0x36 e:/project/program/vscode/tools/gcc-arm-none-eabi-10.3-2021.10/bin/../lib/gcc/arm-none-eabi/10.3.1/../../../../arm-none-eabi/lib/thumb/v7-m/nofp\libc_nano.a(lib_a-mprec.o)
                0x080075dc                __mcmp
 *fill*         0x08007612        0x2 
 .text.__mdiff  0x08007614      0x118 e:/project/program/vscode/tools/gcc-arm-none-eabi-10.3-2021.10/bin/../lib/gcc/arm-none-eabi/10.3.1/../../../../arm-none-eabi/lib/thumb/v7-m/nofp\libc_nano.a(lib_a-mprec.o)
                0x08007614                __mdiff
 .text.__ulp    0x0800772c       0x4c e:/project/program/vscode/tools/gcc-arm-none-eabi-10.3-2021.10/bin/../lib/gcc/arm-none-eabi/10.3.1/../../../../arm-none-eabi/lib/thumb/v7-m/nofp\libc_nano.a(lib_a-mprec.o)
                0x0800772c                __ulp
 .text.__b2d    0x08007778       0xa8 e:/project/program/vscode/tools/gcc-arm-none-eabi-10.3-2021.10/bin/../lib/gcc/arm-none-eabi/10.3.1/../../../../arm-none-eabi/lib/thumb/v7-m/nofp\libc_nano.a(lib_a-mprec.o)
                0x08007778                __b2d
 .text.__d2b    0x08007820       0xb8 e:/project/program/vscode/tools/gcc-arm-none-eabi-10.3-2021.10/bin/../lib/gcc/arm-none-eabi/10.3.1/../../../../arm-none-eabi/lib/thumb/v7-m/nofp\libc_nano.a(lib_a-mprec.o)
                0x08007820                __d2b
 .text.__ratio  0x080078d8       0x5c e:/project/program/vscode/tools/gcc-arm-none-eabi-10.3-2021.10/bin/../lib/gcc/arm-none-eabi/10.3.1/../../../../arm-none-eabi/lib/thumb/v7-m/nofp\libc_nano.a(lib_a-mprec.o)
                0x080078d8                __ratio
 .text.__copybits
                0x08007934       0x46 e:/project/program/vscode/tools/gcc-arm-none-eabi-10.3-2021.10/bin/../lib/gcc/arm-none-eabi/10.3.1/../../../../arm-none-eabi/lib/thumb/v7-m/nofp\libc_nano.a(lib_a-mprec.o)
                0x08007934                __copybits
 .text.__any_on
                0x0800797a       0x42 e:/project/program/vscode/tools/gcc-arm-none-eabi-10.3-2021.10/bin/../lib/gcc/arm-none-eabi/10.3.1/../../../../arm-none-eabi/lib/thumb/v7-m/nofp\libc_nano.a(lib_a-mprec.o)
                0x0800797a                __any_on
 .text._calloc_r
                0x080079bc       0x28 e:/project/program/vscode/tools/gcc-arm-none-eabi-10.3-2021.10/bin/../lib/gcc/arm-none-eabi/10.3.1/../../../../arm-none-eabi/lib/thumb/v7-m/nofp\libc_nano.a(lib_a-nano-callocr.o)
                0x080079bc                _calloc_r
 .text._free_r  0x080079e4       0x90 e:/project/program/vscode/tools/gcc-arm-none-eabi-10.3-2021.10/bin/../lib/gcc/arm-none-eabi/10.3.1/../../../../arm-none-eabi/lib/thumb/v7-m/nofp\libc_nano.a(lib_a-nano-freer.o)
                0x080079e4                _free_r
 .text.sbrk_aligned
                0x08007a74       0x40 e:/project/program/vscode/tools/gcc-arm-none-eabi-10.3-2021.10/bin/../lib/gcc/arm-none-eabi/10.3.1/../../../../arm-none-eabi/lib/thumb/v7-m/nofp\libc_nano.a(lib_a-nano-mallocr.o)
 .text._malloc_r
                0x08007ab4       0xe8 e:/project/program/vscode/tools/gcc-arm-none-eabi-10.3-2021.10/bin/../lib/gcc/arm-none-eabi/10.3.1/../../../../arm-none-eabi/lib/thumb/v7-m/nofp\libc_nano.a(lib_a-nano-mallocr.o)
                0x08007ab4                _malloc_r
 .text.__ssputs_r
                0x08007b9c       0xb6 e:/project/program/vscode/tools/gcc-arm-none-eabi-10.3-2021.10/bin/../lib/gcc/arm-none-eabi/10.3.1/../../../../arm-none-eabi/lib/thumb/v7-m/nofp\libc_nano.a(lib_a-nano-svfprintf.o)
                0x08007b9c                __ssputs_r
 *fill*         0x08007c52        0x2 
 .text._svfprintf_r
                0x08007c54      0x200 e:/project/program/vscode/tools/gcc-arm-none-eabi-10.3-2021.10/bin/../lib/gcc/arm-none-eabi/10.3.1/../../../../arm-none-eabi/lib/thumb/v7-m/nofp\libc_nano.a(lib_a-nano-svfprintf.o)
                0x08007c54                _svfiprintf_r
                0x08007c54                _svfprintf_r
 .text._sungetc_r
                0x08007e54       0x7a e:/project/program/vscode/tools/gcc-arm-none-eabi-10.3-2021.10/bin/../lib/gcc/arm-none-eabi/10.3.1/../../../../arm-none-eabi/lib/thumb/v7-m/nofp\libc_nano.a(lib_a-nano-svfscanf.o)
                0x08007e54                _sungetc_r
 .text.__ssrefill_r
                0x08007ece       0x3a e:/project/program/vscode/tools/gcc-arm-none-eabi-10.3-2021.10/bin/../lib/gcc/arm-none-eabi/10.3.1/../../../../arm-none-eabi/lib/thumb/v7-m/nofp\libc_nano.a(lib_a-nano-svfscanf.o)
                0x08007ece                __ssrefill_r
 .text.__ssvfscanf_r
                0x08007f08      0x2f4 e:/project/program/vscode/tools/gcc-arm-none-eabi-10.3-2021.10/bin/../lib/gcc/arm-none-eabi/10.3.1/../../../../arm-none-eabi/lib/thumb/v7-m/nofp\libc_nano.a(lib_a-nano-svfscanf.o)
                0x08007f08                __ssvfiscanf_r
                0x08007f08                __ssvfscanf_r
 .text._scanf_chars
                0x080081fc       0xb4 e:/project/program/vscode/tools/gcc-arm-none-eabi-10.3-2021.10/bin/../lib/gcc/arm-none-eabi/10.3.1/../../../../arm-none-eabi/lib/thumb/v7-m/nofp\libc_nano.a(lib_a-nano-vfscanf_i.o)
                0x080081fc                _scanf_chars
 .text._scanf_i
                0x080082b0      0x1f0 e:/project/program/vscode/tools/gcc-arm-none-eabi-10.3-2021.10/bin/../lib/gcc/arm-none-eabi/10.3.1/../../../../arm-none-eabi/lib/thumb/v7-m/nofp\libc_nano.a(lib_a-nano-vfscanf_i.o)
                0x080082b0                _scanf_i
 .text._read_r  0x080084a0       0x24 e:/project/program/vscode/tools/gcc-arm-none-eabi-10.3-2021.10/bin/../lib/gcc/arm-none-eabi/10.3.1/../../../../arm-none-eabi/lib/thumb/v7-m/nofp\libc_nano.a(lib_a-readr.o)
                0x080084a0                _read_r
 .text.nan      0x080084c4        0xc e:/project/program/vscode/tools/gcc-arm-none-eabi-10.3-2021.10/bin/../lib/gcc/arm-none-eabi/10.3.1/../../../../arm-none-eabi/lib/thumb/v7-m/nofp\libc_nano.a(lib_a-s_nan.o)
                0x080084c4                nan
 .text._sbrk_r  0x080084d0       0x20 e:/project/program/vscode/tools/gcc-arm-none-eabi-10.3-2021.10/bin/../lib/gcc/arm-none-eabi/10.3.1/../../../../arm-none-eabi/lib/thumb/v7-m/nofp\libc_nano.a(lib_a-sbrkr.o)
                0x080084d0                _sbrk_r
 .text.__sccl   0x080084f0       0x70 e:/project/program/vscode/tools/gcc-arm-none-eabi-10.3-2021.10/bin/../lib/gcc/arm-none-eabi/10.3.1/../../../../arm-none-eabi/lib/thumb/v7-m/nofp\libc_nano.a(lib_a-sccl.o)
                0x080084f0                __sccl
 .text.strncmp  0x08008560       0x28 e:/project/program/vscode/tools/gcc-arm-none-eabi-10.3-2021.10/bin/../lib/gcc/arm-none-eabi/10.3.1/../../../../arm-none-eabi/lib/thumb/v7-m/nofp\libc_nano.a(lib_a-strncmp.o)
                0x08008560                strncmp
 .text._strtoul_l.constprop.0
                0x08008588       0xe4 e:/project/program/vscode/tools/gcc-arm-none-eabi-10.3-2021.10/bin/../lib/gcc/arm-none-eabi/10.3.1/../../../../arm-none-eabi/lib/thumb/v7-m/nofp\libc_nano.a(lib_a-strtoul.o)
 .text._strtoul_r
                0x0800866c        0x4 e:/project/program/vscode/tools/gcc-arm-none-eabi-10.3-2021.10/bin/../lib/gcc/arm-none-eabi/10.3.1/../../../../arm-none-eabi/lib/thumb/v7-m/nofp\libc_nano.a(lib_a-strtoul.o)
                0x0800866c                _strtoul_r
 .text.__submore
                0x08008670       0x70 e:/project/program/vscode/tools/gcc-arm-none-eabi-10.3-2021.10/bin/../lib/gcc/arm-none-eabi/10.3.1/../../../../arm-none-eabi/lib/thumb/v7-m/nofp\libc_nano.a(lib_a-ungetc.o)
                0x08008670                __submore
 .text.__ascii_wctomb
                0x080086e0       0x1a e:/project/program/vscode/tools/gcc-arm-none-eabi-10.3-2021.10/bin/../lib/gcc/arm-none-eabi/10.3.1/../../../../arm-none-eabi/lib/thumb/v7-m/nofp\libc_nano.a(lib_a-wctomb_r.o)
                0x080086e0                __ascii_wctomb
 *fill*         0x080086fa        0x2 
 .text.__assert_func
                0x080086fc       0x3c e:/project/program/vscode/tools/gcc-arm-none-eabi-10.3-2021.10/bin/../lib/gcc/arm-none-eabi/10.3.1/../../../../arm-none-eabi/lib/thumb/v7-m/nofp\libc_nano.a(lib_a-assert.o)
                0x080086fc                __assert_func
 .text.__sflush_r
                0x08008738      0x104 e:/project/program/vscode/tools/gcc-arm-none-eabi-10.3-2021.10/bin/../lib/gcc/arm-none-eabi/10.3.1/../../../../arm-none-eabi/lib/thumb/v7-m/nofp\libc_nano.a(lib_a-fflush.o)
                0x08008738                __sflush_r
 .text._fflush_r
                0x0800883c       0x78 e:/project/program/vscode/tools/gcc-arm-none-eabi-10.3-2021.10/bin/../lib/gcc/arm-none-eabi/10.3.1/../../../../arm-none-eabi/lib/thumb/v7-m/nofp\libc_nano.a(lib_a-fflush.o)
                0x0800883c                _fflush_r
 .text.std      0x080088b4       0x48 e:/project/program/vscode/tools/gcc-arm-none-eabi-10.3-2021.10/bin/../lib/gcc/arm-none-eabi/10.3.1/../../../../arm-none-eabi/lib/thumb/v7-m/nofp\libc_nano.a(lib_a-findfp.o)
 .text._cleanup_r
                0x080088fc        0xc e:/project/program/vscode/tools/gcc-arm-none-eabi-10.3-2021.10/bin/../lib/gcc/arm-none-eabi/10.3.1/../../../../arm-none-eabi/lib/thumb/v7-m/nofp\libc_nano.a(lib_a-findfp.o)
                0x080088fc                _cleanup_r
 .text.__sfmoreglue
                0x08008908       0x2c e:/project/program/vscode/tools/gcc-arm-none-eabi-10.3-2021.10/bin/../lib/gcc/arm-none-eabi/10.3.1/../../../../arm-none-eabi/lib/thumb/v7-m/nofp\libc_nano.a(lib_a-findfp.o)
                0x08008908                __sfmoreglue
 .text.__sfp_lock_acquire
                0x08008934        0xc e:/project/program/vscode/tools/gcc-arm-none-eabi-10.3-2021.10/bin/../lib/gcc/arm-none-eabi/10.3.1/../../../../arm-none-eabi/lib/thumb/v7-m/nofp\libc_nano.a(lib_a-findfp.o)
                0x08008934                __sfp_lock_acquire
 .text.__sfp_lock_release
                0x08008940        0xc e:/project/program/vscode/tools/gcc-arm-none-eabi-10.3-2021.10/bin/../lib/gcc/arm-none-eabi/10.3.1/../../../../arm-none-eabi/lib/thumb/v7-m/nofp\libc_nano.a(lib_a-findfp.o)
                0x08008940                __sfp_lock_release
 .text.__sinit_lock_acquire
                0x0800894c        0xc e:/project/program/vscode/tools/gcc-arm-none-eabi-10.3-2021.10/bin/../lib/gcc/arm-none-eabi/10.3.1/../../../../arm-none-eabi/lib/thumb/v7-m/nofp\libc_nano.a(lib_a-findfp.o)
                0x0800894c                __sinit_lock_acquire
 .text.__sinit_lock_release
                0x08008958        0xc e:/project/program/vscode/tools/gcc-arm-none-eabi-10.3-2021.10/bin/../lib/gcc/arm-none-eabi/10.3.1/../../../../arm-none-eabi/lib/thumb/v7-m/nofp\libc_nano.a(lib_a-findfp.o)
                0x08008958                __sinit_lock_release
 .text.__sinit  0x08008964       0x70 e:/project/program/vscode/tools/gcc-arm-none-eabi-10.3-2021.10/bin/../lib/gcc/arm-none-eabi/10.3.1/../../../../arm-none-eabi/lib/thumb/v7-m/nofp\libc_nano.a(lib_a-findfp.o)
                0x08008964                __sinit
 .text.__sfp    0x080089d4       0x8c e:/project/program/vscode/tools/gcc-arm-none-eabi-10.3-2021.10/bin/../lib/gcc/arm-none-eabi/10.3.1/../../../../arm-none-eabi/lib/thumb/v7-m/nofp\libc_nano.a(lib_a-findfp.o)
                0x080089d4                __sfp
 .text.fprintf  0x08008a60       0x24 e:/project/program/vscode/tools/gcc-arm-none-eabi-10.3-2021.10/bin/../lib/gcc/arm-none-eabi/10.3.1/../../../../arm-none-eabi/lib/thumb/v7-m/nofp\libc_nano.a(lib_a-fprintf.o)
                0x08008a60                fiprintf
                0x08008a60                fprintf
 .text._fwalk_reent
                0x08008a84       0x3e e:/project/program/vscode/tools/gcc-arm-none-eabi-10.3-2021.10/bin/../lib/gcc/arm-none-eabi/10.3.1/../../../../arm-none-eabi/lib/thumb/v7-m/nofp\libc_nano.a(lib_a-fwalk.o)
                0x08008a84                _fwalk_reent
 .text.__retarget_lock_init_recursive
                0x08008ac2        0x2 e:/project/program/vscode/tools/gcc-arm-none-eabi-10.3-2021.10/bin/../lib/gcc/arm-none-eabi/10.3.1/../../../../arm-none-eabi/lib/thumb/v7-m/nofp\libc_nano.a(lib_a-lock.o)
                0x08008ac2                __retarget_lock_init_recursive
 .text.__retarget_lock_acquire_recursive
                0x08008ac4        0x2 e:/project/program/vscode/tools/gcc-arm-none-eabi-10.3-2021.10/bin/../lib/gcc/arm-none-eabi/10.3.1/../../../../arm-none-eabi/lib/thumb/v7-m/nofp\libc_nano.a(lib_a-lock.o)
                0x08008ac4                __retarget_lock_acquire_recursive
 .text.__retarget_lock_release_recursive
                0x08008ac6        0x2 e:/project/program/vscode/tools/gcc-arm-none-eabi-10.3-2021.10/bin/../lib/gcc/arm-none-eabi/10.3.1/../../../../arm-none-eabi/lib/thumb/v7-m/nofp\libc_nano.a(lib_a-lock.o)
                0x08008ac6                __retarget_lock_release_recursive
 .text.memmove  0x08008ac8       0x34 e:/project/program/vscode/tools/gcc-arm-none-eabi-10.3-2021.10/bin/../lib/gcc/arm-none-eabi/10.3.1/../../../../arm-none-eabi/lib/thumb/v7-m/nofp\libc_nano.a(lib_a-memmove.o)
                0x08008ac8                memmove
 .text.__malloc_lock
                0x08008afc        0xc e:/project/program/vscode/tools/gcc-arm-none-eabi-10.3-2021.10/bin/../lib/gcc/arm-none-eabi/10.3.1/../../../../arm-none-eabi/lib/thumb/v7-m/nofp\libc_nano.a(lib_a-mlock.o)
                0x08008afc                __malloc_lock
 .text.__malloc_unlock
                0x08008b08        0xc e:/project/program/vscode/tools/gcc-arm-none-eabi-10.3-2021.10/bin/../lib/gcc/arm-none-eabi/10.3.1/../../../../arm-none-eabi/lib/thumb/v7-m/nofp\libc_nano.a(lib_a-mlock.o)
                0x08008b08                __malloc_unlock
 .text._realloc_r
                0x08008b14       0x5e e:/project/program/vscode/tools/gcc-arm-none-eabi-10.3-2021.10/bin/../lib/gcc/arm-none-eabi/10.3.1/../../../../arm-none-eabi/lib/thumb/v7-m/nofp\libc_nano.a(lib_a-nano-reallocr.o)
                0x08008b14                _realloc_r
 .text.__sfputc_r
                0x08008b72       0x2a e:/project/program/vscode/tools/gcc-arm-none-eabi-10.3-2021.10/bin/../lib/gcc/arm-none-eabi/10.3.1/../../../../arm-none-eabi/lib/thumb/v7-m/nofp\libc_nano.a(lib_a-nano-vfprintf.o)
 .text.__sfputs_r
                0x08008b9c       0x24 e:/project/program/vscode/tools/gcc-arm-none-eabi-10.3-2021.10/bin/../lib/gcc/arm-none-eabi/10.3.1/../../../../arm-none-eabi/lib/thumb/v7-m/nofp\libc_nano.a(lib_a-nano-vfprintf.o)
                0x08008b9c                __sfputs_r
 .text._vfprintf_r
                0x08008bc0      0x260 e:/project/program/vscode/tools/gcc-arm-none-eabi-10.3-2021.10/bin/../lib/gcc/arm-none-eabi/10.3.1/../../../../arm-none-eabi/lib/thumb/v7-m/nofp\libc_nano.a(lib_a-nano-vfprintf.o)
                0x08008bc0                _vfprintf_r
                0x08008bc0                _vfiprintf_r
 .text.__swbuf_r
                0x08008e20       0xa4 e:/project/program/vscode/tools/gcc-arm-none-eabi-10.3-2021.10/bin/../lib/gcc/arm-none-eabi/10.3.1/../../../../arm-none-eabi/lib/thumb/v7-m/nofp\libc_nano.a(lib_a-wbuf.o)
                0x08008e20                __swbuf_r
 .text.__swsetup_r
                0x08008ec4       0xdc e:/project/program/vscode/tools/gcc-arm-none-eabi-10.3-2021.10/bin/../lib/gcc/arm-none-eabi/10.3.1/../../../../arm-none-eabi/lib/thumb/v7-m/nofp\libc_nano.a(lib_a-wsetup.o)
                0x08008ec4                __swsetup_r
 .text.abort    0x08008fa0        0xe e:/project/program/vscode/tools/gcc-arm-none-eabi-10.3-2021.10/bin/../lib/gcc/arm-none-eabi/10.3.1/../../../../arm-none-eabi/lib/thumb/v7-m/nofp\libc_nano.a(lib_a-abort.o)
                0x08008fa0                abort
 .text.__swhatbuf_r
                0x08008fae       0x4a e:/project/program/vscode/tools/gcc-arm-none-eabi-10.3-2021.10/bin/../lib/gcc/arm-none-eabi/10.3.1/../../../../arm-none-eabi/lib/thumb/v7-m/nofp\libc_nano.a(lib_a-makebuf.o)
                0x08008fae                __swhatbuf_r
 .text.__smakebuf_r
                0x08008ff8       0x80 e:/project/program/vscode/tools/gcc-arm-none-eabi-10.3-2021.10/bin/../lib/gcc/arm-none-eabi/10.3.1/../../../../arm-none-eabi/lib/thumb/v7-m/nofp\libc_nano.a(lib_a-makebuf.o)
                0x08008ff8                __smakebuf_r
 .text._malloc_usable_size_r
                0x08009078       0x10 e:/project/program/vscode/tools/gcc-arm-none-eabi-10.3-2021.10/bin/../lib/gcc/arm-none-eabi/10.3.1/../../../../arm-none-eabi/lib/thumb/v7-m/nofp\libc_nano.a(lib_a-nano-msizer.o)
                0x08009078                _malloc_usable_size_r
 .text._raise_r
                0x08009088       0x50 e:/project/program/vscode/tools/gcc-arm-none-eabi-10.3-2021.10/bin/../lib/gcc/arm-none-eabi/10.3.1/../../../../arm-none-eabi/lib/thumb/v7-m/nofp\libc_nano.a(lib_a-signal.o)
                0x08009088                _raise_r
 .text.raise    0x080090d8       0x10 e:/project/program/vscode/tools/gcc-arm-none-eabi-10.3-2021.10/bin/../lib/gcc/arm-none-eabi/10.3.1/../../../../arm-none-eabi/lib/thumb/v7-m/nofp\libc_nano.a(lib_a-signal.o)
                0x080090d8                raise
 .text._kill_r  0x080090e8       0x24 e:/project/program/vscode/tools/gcc-arm-none-eabi-10.3-2021.10/bin/../lib/gcc/arm-none-eabi/10.3.1/../../../../arm-none-eabi/lib/thumb/v7-m/nofp\libc_nano.a(lib_a-signalr.o)
                0x080090e8                _kill_r
 .text._getpid_r
                0x0800910c        0x4 e:/project/program/vscode/tools/gcc-arm-none-eabi-10.3-2021.10/bin/../lib/gcc/arm-none-eabi/10.3.1/../../../../arm-none-eabi/lib/thumb/v7-m/nofp\libc_nano.a(lib_a-signalr.o)
                0x0800910c                _getpid_r
 .text._fstat_r
                0x08009110       0x24 e:/project/program/vscode/tools/gcc-arm-none-eabi-10.3-2021.10/bin/../lib/gcc/arm-none-eabi/10.3.1/../../../../arm-none-eabi/lib/thumb/v7-m/nofp\libc_nano.a(lib_a-fstatr.o)
                0x08009110                _fstat_r
 .text._isatty_r
                0x08009134       0x20 e:/project/program/vscode/tools/gcc-arm-none-eabi-10.3-2021.10/bin/../lib/gcc/arm-none-eabi/10.3.1/../../../../arm-none-eabi/lib/thumb/v7-m/nofp\libc_nano.a(lib_a-isattyr.o)
                0x08009134                _isatty_r
 .text.round    0x08009154       0x98 e:/project/program/vscode/tools/gcc-arm-none-eabi-10.3-2021.10/bin/../lib/gcc/arm-none-eabi/10.3.1/../../../../arm-none-eabi/lib/thumb/v7-m/nofp\libm.a(lib_a-s_round.o)
                0x08009154                round
 .text._close   0x080091ec       0x10 e:/project/program/vscode/tools/gcc-arm-none-eabi-10.3-2021.10/bin/../lib/gcc/arm-none-eabi/10.3.1/../../../../arm-none-eabi/lib/thumb/v7-m/nofp\libnosys.a(close.o)
                0x080091ec                _close
 .text._fstat   0x080091fc       0x10 e:/project/program/vscode/tools/gcc-arm-none-eabi-10.3-2021.10/bin/../lib/gcc/arm-none-eabi/10.3.1/../../../../arm-none-eabi/lib/thumb/v7-m/nofp\libnosys.a(fstat.o)
                0x080091fc                _fstat
 .text._getpid  0x0800920c       0x10 e:/project/program/vscode/tools/gcc-arm-none-eabi-10.3-2021.10/bin/../lib/gcc/arm-none-eabi/10.3.1/../../../../arm-none-eabi/lib/thumb/v7-m/nofp\libnosys.a(getpid.o)
                0x0800920c                _getpid
 .text._isatty  0x0800921c       0x10 e:/project/program/vscode/tools/gcc-arm-none-eabi-10.3-2021.10/bin/../lib/gcc/arm-none-eabi/10.3.1/../../../../arm-none-eabi/lib/thumb/v7-m/nofp\libnosys.a(isatty.o)
                0x0800921c                _isatty
 .text._kill    0x0800922c       0x10 e:/project/program/vscode/tools/gcc-arm-none-eabi-10.3-2021.10/bin/../lib/gcc/arm-none-eabi/10.3.1/../../../../arm-none-eabi/lib/thumb/v7-m/nofp\libnosys.a(kill.o)
                0x0800922c                _kill
 .text._lseek   0x0800923c       0x10 e:/project/program/vscode/tools/gcc-arm-none-eabi-10.3-2021.10/bin/../lib/gcc/arm-none-eabi/10.3.1/../../../../arm-none-eabi/lib/thumb/v7-m/nofp\libnosys.a(lseek.o)
                0x0800923c                _lseek
 .text._read    0x0800924c       0x10 e:/project/program/vscode/tools/gcc-arm-none-eabi-10.3-2021.10/bin/../lib/gcc/arm-none-eabi/10.3.1/../../../../arm-none-eabi/lib/thumb/v7-m/nofp\libnosys.a(read.o)
                0x0800924c                _read
 .text._sbrk    0x0800925c       0x1c e:/project/program/vscode/tools/gcc-arm-none-eabi-10.3-2021.10/bin/../lib/gcc/arm-none-eabi/10.3.1/../../../../arm-none-eabi/lib/thumb/v7-m/nofp\libnosys.a(sbrk.o)
                0x0800925c                _sbrk
 .text._write   0x08009278       0x10 e:/project/program/vscode/tools/gcc-arm-none-eabi-10.3-2021.10/bin/../lib/gcc/arm-none-eabi/10.3.1/../../../../arm-none-eabi/lib/thumb/v7-m/nofp\libnosys.a(write.o)
                0x08009278                _write
 .text._exit    0x08009288        0x4 e:/project/program/vscode/tools/gcc-arm-none-eabi-10.3-2021.10/bin/../lib/gcc/arm-none-eabi/10.3.1/../../../../arm-none-eabi/lib/thumb/v7-m/nofp\libnosys.a(_exit.o)
                0x08009288                _exit
 *(.glue_7)
 .glue_7        0x0800928c        0x0 linker stubs
 *(.glue_7t)
 .glue_7t       0x0800928c        0x0 linker stubs
 *(.eh_frame)
 .eh_frame      0x0800928c        0x0 e:/project/program/vscode/tools/gcc-arm-none-eabi-10.3-2021.10/bin/../lib/gcc/arm-none-eabi/10.3.1/thumb/v7-m/nofp/crtbegin.o
 *(.init)
 .init          0x0800928c        0x4 e:/project/program/vscode/tools/gcc-arm-none-eabi-10.3-2021.10/bin/../lib/gcc/arm-none-eabi/10.3.1/thumb/v7-m/nofp/crti.o
                0x0800928c                _init
 .init          0x08009290        0x8 e:/project/program/vscode/tools/gcc-arm-none-eabi-10.3-2021.10/bin/../lib/gcc/arm-none-eabi/10.3.1/thumb/v7-m/nofp/crtn.o
 *(.fini)
 .fini          0x08009298        0x4 e:/project/program/vscode/tools/gcc-arm-none-eabi-10.3-2021.10/bin/../lib/gcc/arm-none-eabi/10.3.1/thumb/v7-m/nofp/crti.o
                0x08009298                _fini
 .fini          0x0800929c        0x8 e:/project/program/vscode/tools/gcc-arm-none-eabi-10.3-2021.10/bin/../lib/gcc/arm-none-eabi/10.3.1/thumb/v7-m/nofp/crtn.o
                0x080092a4                . = ALIGN (0x4)
                0x080092a4                _etext = .

.vfp11_veneer   0x080092a4        0x0
 .vfp11_veneer  0x080092a4        0x0 linker stubs

.v4_bx          0x080092a4        0x0
 .v4_bx         0x080092a4        0x0 linker stubs

.iplt           0x080092a4        0x0
 .iplt          0x080092a4        0x0 e:/project/program/vscode/tools/gcc-arm-none-eabi-10.3-2021.10/bin/../lib/gcc/arm-none-eabi/10.3.1/thumb/v7-m/nofp/crtbegin.o

.rodata         0x080092a8      0x5f4
                0x080092a8                . = ALIGN (0x4)
 *(.rodata)
 .rodata        0x080092a8        0xc e:/project/program/vscode/tools/gcc-arm-none-eabi-10.3-2021.10/bin/../lib/gcc/arm-none-eabi/10.3.1/../../../../arm-none-eabi/lib/thumb/v7-m/nofp\libc_nano.a(lib_a-nano-vfscanf_i.o)
 *(.rodata*)
 .rodata.main.str1.4
                0x080092b4       0x1f build/main.o
 *fill*         0x080092d3        0x1 
 .rodata.HAL_RCC_GetSysClockFreq.str1.4
                0x080092d4       0x11 build/stm32f1xx_hal_rcc.o
 *fill*         0x080092e5        0x3 
 .rodata.AHBPrescTable
                0x080092e8       0x10 build/system_stm32f1xx.o
                0x080092e8                AHBPrescTable
 .rodata.APBPrescTable
                0x080092f8        0x8 build/system_stm32f1xx.o
                0x080092f8                APBPrescTable
 .rodata.ProcessData.str1.4
                0x08009300       0x79 build/MotorControl.o
 *fill*         0x08009379        0x3 
 .rodata._global_impure_ptr
                0x0800937c        0x4 e:/project/program/vscode/tools/gcc-arm-none-eabi-10.3-2021.10/bin/../lib/gcc/arm-none-eabi/10.3.1/../../../../arm-none-eabi/lib/thumb/v7-m/nofp\libc_nano.a(lib_a-impure.o)
                0x0800937c                _global_impure_ptr
 .rodata._printf_float.str1.1
                0x08009380       0x10 e:/project/program/vscode/tools/gcc-arm-none-eabi-10.3-2021.10/bin/../lib/gcc/arm-none-eabi/10.3.1/../../../../arm-none-eabi/lib/thumb/v7-m/nofp\libc_nano.a(lib_a-nano-vfprintf_float.o)
                                 0x12 (size before relaxing)
 .rodata._printf_i.str1.1
                0x08009390       0x22 e:/project/program/vscode/tools/gcc-arm-none-eabi-10.3-2021.10/bin/../lib/gcc/arm-none-eabi/10.3.1/../../../../arm-none-eabi/lib/thumb/v7-m/nofp\libc_nano.a(lib_a-nano-vfprintf_i.o)
 .rodata._scanf_float.str1.1
                0x080093b2        0x5 e:/project/program/vscode/tools/gcc-arm-none-eabi-10.3-2021.10/bin/../lib/gcc/arm-none-eabi/10.3.1/../../../../arm-none-eabi/lib/thumb/v7-m/nofp\libc_nano.a(lib_a-nano-vfscanf_float.o)
                                  0x6 (size before relaxing)
 .rodata._strtod_l.str1.1
                0x080093b7        0x5 e:/project/program/vscode/tools/gcc-arm-none-eabi-10.3-2021.10/bin/../lib/gcc/arm-none-eabi/10.3.1/../../../../arm-none-eabi/lib/thumb/v7-m/nofp\libc_nano.a(lib_a-strtod.o)
                                  0xd (size before relaxing)
 *fill*         0x080093b7        0x1 
 .rodata.fpi.1  0x080093b8       0x14 e:/project/program/vscode/tools/gcc-arm-none-eabi-10.3-2021.10/bin/../lib/gcc/arm-none-eabi/10.3.1/../../../../arm-none-eabi/lib/thumb/v7-m/nofp\libc_nano.a(lib_a-strtod.o)
 .rodata.fpinan.0
                0x080093cc       0x14 e:/project/program/vscode/tools/gcc-arm-none-eabi-10.3-2021.10/bin/../lib/gcc/arm-none-eabi/10.3.1/../../../../arm-none-eabi/lib/thumb/v7-m/nofp\libc_nano.a(lib_a-strtod.o)
 .rodata.tinytens
                0x080093e0       0x28 e:/project/program/vscode/tools/gcc-arm-none-eabi-10.3-2021.10/bin/../lib/gcc/arm-none-eabi/10.3.1/../../../../arm-none-eabi/lib/thumb/v7-m/nofp\libc_nano.a(lib_a-strtod.o)
 .rodata._ctype_
                0x08009408      0x101 e:/project/program/vscode/tools/gcc-arm-none-eabi-10.3-2021.10/bin/../lib/gcc/arm-none-eabi/10.3.1/../../../../arm-none-eabi/lib/thumb/v7-m/nofp\libc_nano.a(lib_a-ctype_.o)
                0x08009408                _ctype_
 .rodata._dtoa_r.str1.1
                0x08009509       0xb3 e:/project/program/vscode/tools/gcc-arm-none-eabi-10.3-2021.10/bin/../lib/gcc/arm-none-eabi/10.3.1/../../../../arm-none-eabi/lib/thumb/v7-m/nofp\libc_nano.a(lib_a-dtoa.o)
                                 0xb5 (size before relaxing)
 .rodata.__gethex.str1.1
                0x080095bc       0x86 e:/project/program/vscode/tools/gcc-arm-none-eabi-10.3-2021.10/bin/../lib/gcc/arm-none-eabi/10.3.1/../../../../arm-none-eabi/lib/thumb/v7-m/nofp\libc_nano.a(lib_a-gdtoa-gethex.o)
                                 0x97 (size before relaxing)
 .rodata.str1.1
                0x08009642        0x2 e:/project/program/vscode/tools/gcc-arm-none-eabi-10.3-2021.10/bin/../lib/gcc/arm-none-eabi/10.3.1/../../../../arm-none-eabi/lib/thumb/v7-m/nofp\libc_nano.a(lib_a-lnumeric.o)
                                  0x3 (size before relaxing)
 .rodata._C_numeric_locale
                0x08009644        0xc e:/project/program/vscode/tools/gcc-arm-none-eabi-10.3-2021.10/bin/../lib/gcc/arm-none-eabi/10.3.1/../../../../arm-none-eabi/lib/thumb/v7-m/nofp\libc_nano.a(lib_a-lnumeric.o)
                0x08009644                _C_numeric_locale
 .rodata._setlocale_r.str1.1
                0x08009650        0x8 e:/project/program/vscode/tools/gcc-arm-none-eabi-10.3-2021.10/bin/../lib/gcc/arm-none-eabi/10.3.1/../../../../arm-none-eabi/lib/thumb/v7-m/nofp\libc_nano.a(lib_a-locale.o)
                                  0x9 (size before relaxing)
 .rodata.str1.1
                0x08009658        0x2 e:/project/program/vscode/tools/gcc-arm-none-eabi-10.3-2021.10/bin/../lib/gcc/arm-none-eabi/10.3.1/../../../../arm-none-eabi/lib/thumb/v7-m/nofp\libc_nano.a(lib_a-locale.o)
 .rodata._Balloc.str1.1
                0x08009658       0x7f e:/project/program/vscode/tools/gcc-arm-none-eabi-10.3-2021.10/bin/../lib/gcc/arm-none-eabi/10.3.1/../../../../arm-none-eabi/lib/thumb/v7-m/nofp\libc_nano.a(lib_a-mprec.o)
                                 0x96 (size before relaxing)
 .rodata.__multadd.str1.1
                0x080096d7       0x11 e:/project/program/vscode/tools/gcc-arm-none-eabi-10.3-2021.10/bin/../lib/gcc/arm-none-eabi/10.3.1/../../../../arm-none-eabi/lib/thumb/v7-m/nofp\libc_nano.a(lib_a-mprec.o)
 *fill*         0x080096d7        0x1 
 .rodata.__mprec_bigtens
                0x080096d8       0x28 e:/project/program/vscode/tools/gcc-arm-none-eabi-10.3-2021.10/bin/../lib/gcc/arm-none-eabi/10.3.1/../../../../arm-none-eabi/lib/thumb/v7-m/nofp\libc_nano.a(lib_a-mprec.o)
                0x080096d8                __mprec_bigtens
 .rodata.__mprec_tens
                0x08009700       0xc8 e:/project/program/vscode/tools/gcc-arm-none-eabi-10.3-2021.10/bin/../lib/gcc/arm-none-eabi/10.3.1/../../../../arm-none-eabi/lib/thumb/v7-m/nofp\libc_nano.a(lib_a-mprec.o)
                0x08009700                __mprec_tens
 .rodata.p05.0  0x080097c8        0xc e:/project/program/vscode/tools/gcc-arm-none-eabi-10.3-2021.10/bin/../lib/gcc/arm-none-eabi/10.3.1/../../../../arm-none-eabi/lib/thumb/v7-m/nofp\libc_nano.a(lib_a-mprec.o)
 .rodata._svfprintf_r.str1.1
                0x080097d4       0x11 e:/project/program/vscode/tools/gcc-arm-none-eabi-10.3-2021.10/bin/../lib/gcc/arm-none-eabi/10.3.1/../../../../arm-none-eabi/lib/thumb/v7-m/nofp\libc_nano.a(lib_a-nano-svfprintf.o)
 .rodata.__ssvfscanf_r.str1.1
                0x080097e5        0x4 e:/project/program/vscode/tools/gcc-arm-none-eabi-10.3-2021.10/bin/../lib/gcc/arm-none-eabi/10.3.1/../../../../arm-none-eabi/lib/thumb/v7-m/nofp\libc_nano.a(lib_a-nano-svfscanf.o)
 .rodata.str1.1
                0x080097e5        0x9 e:/project/program/vscode/tools/gcc-arm-none-eabi-10.3-2021.10/bin/../lib/gcc/arm-none-eabi/10.3.1/../../../../arm-none-eabi/lib/thumb/v7-m/nofp\libc_nano.a(lib_a-nano-vfscanf_i.o)
 .rodata._scanf_i.str1.1
                0x080097ee       0x12 e:/project/program/vscode/tools/gcc-arm-none-eabi-10.3-2021.10/bin/../lib/gcc/arm-none-eabi/10.3.1/../../../../arm-none-eabi/lib/thumb/v7-m/nofp\libc_nano.a(lib_a-nano-vfscanf_i.o)
 .rodata.__assert_func.str1.1
                0x08009800       0x3c e:/project/program/vscode/tools/gcc-arm-none-eabi-10.3-2021.10/bin/../lib/gcc/arm-none-eabi/10.3.1/../../../../arm-none-eabi/lib/thumb/v7-m/nofp\libc_nano.a(lib_a-assert.o)
                                 0x3d (size before relaxing)
 .rodata.__sf_fake_stderr
                0x0800983c       0x20 e:/project/program/vscode/tools/gcc-arm-none-eabi-10.3-2021.10/bin/../lib/gcc/arm-none-eabi/10.3.1/../../../../arm-none-eabi/lib/thumb/v7-m/nofp\libc_nano.a(lib_a-findfp.o)
                0x0800983c                __sf_fake_stderr
 .rodata.__sf_fake_stdin
                0x0800985c       0x20 e:/project/program/vscode/tools/gcc-arm-none-eabi-10.3-2021.10/bin/../lib/gcc/arm-none-eabi/10.3.1/../../../../arm-none-eabi/lib/thumb/v7-m/nofp\libc_nano.a(lib_a-findfp.o)
                0x0800985c                __sf_fake_stdin
 .rodata.__sf_fake_stdout
                0x0800987c       0x20 e:/project/program/vscode/tools/gcc-arm-none-eabi-10.3-2021.10/bin/../lib/gcc/arm-none-eabi/10.3.1/../../../../arm-none-eabi/lib/thumb/v7-m/nofp\libc_nano.a(lib_a-findfp.o)
                0x0800987c                __sf_fake_stdout
 .rodata._vfprintf_r.str1.1
                0x0800989c       0x11 e:/project/program/vscode/tools/gcc-arm-none-eabi-10.3-2021.10/bin/../lib/gcc/arm-none-eabi/10.3.1/../../../../arm-none-eabi/lib/thumb/v7-m/nofp\libc_nano.a(lib_a-nano-vfprintf.o)
                0x080098b0                . = ALIGN (0x4)

.rel.dyn        0x0800989c        0x0
 .rel.iplt      0x0800989c        0x0 e:/project/program/vscode/tools/gcc-arm-none-eabi-10.3-2021.10/bin/../lib/gcc/arm-none-eabi/10.3.1/thumb/v7-m/nofp/crtbegin.o

.ARM.extab
 *(.ARM.extab* .gnu.linkonce.armextab.*)

.ARM            0x0800989c        0x0
                0x0800989c                __exidx_start = .
 *(.ARM.exidx*)
                0x0800989c                __exidx_end = .

.preinit_array  0x0800989c        0x0
                0x0800989c                PROVIDE (__preinit_array_start = .)
 *(.preinit_array*)
                0x0800989c                PROVIDE (__preinit_array_end = .)

.init_array     0x0800989c        0x4
                0x0800989c                PROVIDE (__init_array_start = .)
 *(SORT_BY_NAME(.init_array.*))
 *(.init_array*)
 .init_array    0x0800989c        0x4 e:/project/program/vscode/tools/gcc-arm-none-eabi-10.3-2021.10/bin/../lib/gcc/arm-none-eabi/10.3.1/thumb/v7-m/nofp/crtbegin.o
                0x080098a0                PROVIDE (__init_array_end = .)

.fini_array     0x080098a0        0x4
                [!provide]                PROVIDE (__fini_array_start = .)
 *(SORT_BY_NAME(.fini_array.*))
 *(.fini_array*)
 .fini_array    0x080098a0        0x4 e:/project/program/vscode/tools/gcc-arm-none-eabi-10.3-2021.10/bin/../lib/gcc/arm-none-eabi/10.3.1/thumb/v7-m/nofp/crtbegin.o
                [!provide]                PROVIDE (__fini_array_end = .)
                0x080098a4                _sidata = LOADADDR (.data)

.data           0x20000000      0x1e0 load address 0x080098a4
                0x20000000                . = ALIGN (0x4)
                0x20000000                _sdata = .
 *(.data)
 *(.data*)
 .data.uwTickFreq
                0x20000000        0x1 build/stm32f1xx_hal.o
                0x20000000                uwTickFreq
 *fill*         0x20000001        0x3 
 .data.uwTickPrio
                0x20000004        0x4 build/stm32f1xx_hal.o
                0x20000004                uwTickPrio
 .data.SystemCoreClock
                0x20000008        0x4 build/system_stm32f1xx.o
                0x20000008                SystemCoreClock
 .data._impure_ptr
                0x2000000c        0x4 e:/project/program/vscode/tools/gcc-arm-none-eabi-10.3-2021.10/bin/../lib/gcc/arm-none-eabi/10.3.1/../../../../arm-none-eabi/lib/thumb/v7-m/nofp\libc_nano.a(lib_a-impure.o)
                0x2000000c                _impure_ptr
 .data.impure_data
                0x20000010       0x60 e:/project/program/vscode/tools/gcc-arm-none-eabi-10.3-2021.10/bin/../lib/gcc/arm-none-eabi/10.3.1/../../../../arm-none-eabi/lib/thumb/v7-m/nofp\libc_nano.a(lib_a-impure.o)
 .data.numempty
                0x20000070        0x2 e:/project/program/vscode/tools/gcc-arm-none-eabi-10.3-2021.10/bin/../lib/gcc/arm-none-eabi/10.3.1/../../../../arm-none-eabi/lib/thumb/v7-m/nofp\libc_nano.a(lib_a-lnumeric.o)
 *fill*         0x20000072        0x2 
 .data.__global_locale
                0x20000074      0x16c e:/project/program/vscode/tools/gcc-arm-none-eabi-10.3-2021.10/bin/../lib/gcc/arm-none-eabi/10.3.1/../../../../arm-none-eabi/lib/thumb/v7-m/nofp\libc_nano.a(lib_a-locale.o)
                0x20000074                __global_locale
                0x200001e0                . = ALIGN (0x4)
                0x200001e0                _edata = .

.igot.plt       0x200001e0        0x0 load address 0x08009a84
 .igot.plt      0x200001e0        0x0 e:/project/program/vscode/tools/gcc-arm-none-eabi-10.3-2021.10/bin/../lib/gcc/arm-none-eabi/10.3.1/thumb/v7-m/nofp/crtbegin.o
                0x200001e0                . = ALIGN (0x4)

.bss            0x200001e0      0x310 load address 0x08009a84
                0x200001e0                _sbss = .
                0x200001e0                __bss_start__ = _sbss
 *(.bss)
 .bss           0x200001e0       0x1c e:/project/program/vscode/tools/gcc-arm-none-eabi-10.3-2021.10/bin/../lib/gcc/arm-none-eabi/10.3.1/thumb/v7-m/nofp/crtbegin.o
 *(.bss*)
 .bss.cnc       0x200001fc      0x178 build/main.o
                0x200001fc                cnc
 .bss.htim1     0x20000374       0x48 build/main.o
                0x20000374                htim1
 .bss.htim2     0x200003bc       0x48 build/main.o
                0x200003bc                htim2
 .bss.htim3     0x20000404       0x48 build/main.o
                0x20000404                htim3
 .bss.htim4     0x2000044c       0x48 build/main.o
                0x2000044c                htim4
 .bss.huart2    0x20000494       0x44 build/main.o
                0x20000494                huart2
 .bss.uwTick    0x200004d8        0x4 build/stm32f1xx_hal.o
                0x200004d8                uwTick
 .bss.__malloc_free_list
                0x200004dc        0x4 e:/project/program/vscode/tools/gcc-arm-none-eabi-10.3-2021.10/bin/../lib/gcc/arm-none-eabi/10.3.1/../../../../arm-none-eabi/lib/thumb/v7-m/nofp\libc_nano.a(lib_a-nano-mallocr.o)
                0x200004dc                __malloc_free_list
 .bss.__malloc_sbrk_start
                0x200004e0        0x4 e:/project/program/vscode/tools/gcc-arm-none-eabi-10.3-2021.10/bin/../lib/gcc/arm-none-eabi/10.3.1/../../../../arm-none-eabi/lib/thumb/v7-m/nofp\libc_nano.a(lib_a-nano-mallocr.o)
                0x200004e0                __malloc_sbrk_start
 .bss.errno     0x200004e4        0x4 e:/project/program/vscode/tools/gcc-arm-none-eabi-10.3-2021.10/bin/../lib/gcc/arm-none-eabi/10.3.1/../../../../arm-none-eabi/lib/thumb/v7-m/nofp\libc_nano.a(lib_a-reent.o)
                0x200004e4                errno
 .bss.__lock___malloc_recursive_mutex
                0x200004e8        0x1 e:/project/program/vscode/tools/gcc-arm-none-eabi-10.3-2021.10/bin/../lib/gcc/arm-none-eabi/10.3.1/../../../../arm-none-eabi/lib/thumb/v7-m/nofp\libc_nano.a(lib_a-lock.o)
                0x200004e8                __lock___malloc_recursive_mutex
 .bss.__lock___sfp_recursive_mutex
                0x200004e9        0x1 e:/project/program/vscode/tools/gcc-arm-none-eabi-10.3-2021.10/bin/../lib/gcc/arm-none-eabi/10.3.1/../../../../arm-none-eabi/lib/thumb/v7-m/nofp\libc_nano.a(lib_a-lock.o)
                0x200004e9                __lock___sfp_recursive_mutex
 .bss.__lock___sinit_recursive_mutex
                0x200004ea        0x1 e:/project/program/vscode/tools/gcc-arm-none-eabi-10.3-2021.10/bin/../lib/gcc/arm-none-eabi/10.3.1/../../../../arm-none-eabi/lib/thumb/v7-m/nofp\libc_nano.a(lib_a-lock.o)
                0x200004ea                __lock___sinit_recursive_mutex
 *fill*         0x200004eb        0x1 
 .bss.heap_end.0
                0x200004ec        0x4 e:/project/program/vscode/tools/gcc-arm-none-eabi-10.3-2021.10/bin/../lib/gcc/arm-none-eabi/10.3.1/../../../../arm-none-eabi/lib/thumb/v7-m/nofp\libnosys.a(sbrk.o)
 *(COMMON)
                0x200004f0                . = ALIGN (0x4)
                0x200004f0                _ebss = .
                0x200004f0                __bss_end__ = _ebss

._user_heap_stack
                0x200004f0     0x1800 load address 0x08009a84
                0x200004f0                . = ALIGN (0x8)
                0x200004f0                PROVIDE (end = .)
                [!provide]                PROVIDE (_end = .)
                0x20000cf0                . = (. + _Min_Heap_Size)
 *fill*         0x200004f0      0x800 
                0x20001cf0                . = (. + _Min_Stack_Size)
 *fill*         0x20000cf0     0x1000 
                0x20001cf0                . = ALIGN (0x8)

/DISCARD/
 libc.a(*)
 libm.a(*)
 libgcc.a(*)

.ARM.attributes
                0x00000000       0x29
 *(.ARM.attributes)
 .ARM.attributes
                0x00000000       0x1d e:/project/program/vscode/tools/gcc-arm-none-eabi-10.3-2021.10/bin/../lib/gcc/arm-none-eabi/10.3.1/thumb/v7-m/nofp/crti.o
 .ARM.attributes
                0x0000001d       0x2d e:/project/program/vscode/tools/gcc-arm-none-eabi-10.3-2021.10/bin/../lib/gcc/arm-none-eabi/10.3.1/thumb/v7-m/nofp/crtbegin.o
 .ARM.attributes
                0x0000004a       0x2d build/main.o
 .ARM.attributes
                0x00000077       0x2d build/stm32f1xx_it.o
 .ARM.attributes
                0x000000a4       0x2d build/stm32f1xx_hal_msp.o
 .ARM.attributes
                0x000000d1       0x2d build/stm32f1xx_hal_tim.o
 .ARM.attributes
                0x000000fe       0x2d build/stm32f1xx_hal_tim_ex.o
 .ARM.attributes
                0x0000012b       0x2d build/stm32f1xx_hal.o
 .ARM.attributes
                0x00000158       0x2d build/stm32f1xx_hal_rcc.o
 .ARM.attributes
                0x00000185       0x2d build/stm32f1xx_hal_gpio.o
 .ARM.attributes
                0x000001b2       0x2d build/stm32f1xx_hal_dma.o
 .ARM.attributes
                0x000001df       0x2d build/stm32f1xx_hal_cortex.o
 .ARM.attributes
                0x0000020c       0x2d build/stm32f1xx_hal_uart.o
 .ARM.attributes
                0x00000239       0x2d build/system_stm32f1xx.o
 .ARM.attributes
                0x00000266       0x2d build/MotorControl.o
 .ARM.attributes
                0x00000293       0x2d build/MyMath.o
 .ARM.attributes
                0x000002c0       0x21 build/startup_stm32f103xb.o
 .ARM.attributes
                0x000002e1       0x2d e:/project/program/vscode/tools/gcc-arm-none-eabi-10.3-2021.10/bin/../lib/gcc/arm-none-eabi/10.3.1/../../../../arm-none-eabi/lib/thumb/v7-m/nofp\libc_nano.a(lib_a-impure.o)
 .ARM.attributes
                0x0000030e       0x2d e:/project/program/vscode/tools/gcc-arm-none-eabi-10.3-2021.10/bin/../lib/gcc/arm-none-eabi/10.3.1/../../../../arm-none-eabi/lib/thumb/v7-m/nofp\libc_nano.a(lib_a-init.o)
 .ARM.attributes
                0x0000033b       0x2d e:/project/program/vscode/tools/gcc-arm-none-eabi-10.3-2021.10/bin/../lib/gcc/arm-none-eabi/10.3.1/../../../../arm-none-eabi/lib/thumb/v7-m/nofp\libc_nano.a(lib_a-memset.o)
 .ARM.attributes
                0x00000368       0x2d e:/project/program/vscode/tools/gcc-arm-none-eabi-10.3-2021.10/bin/../lib/gcc/arm-none-eabi/10.3.1/../../../../arm-none-eabi/lib/thumb/v7-m/nofp\libc_nano.a(lib_a-nano-vfprintf_float.o)
 .ARM.attributes
                0x00000395       0x2d e:/project/program/vscode/tools/gcc-arm-none-eabi-10.3-2021.10/bin/../lib/gcc/arm-none-eabi/10.3.1/../../../../arm-none-eabi/lib/thumb/v7-m/nofp\libc_nano.a(lib_a-nano-vfprintf_i.o)
 .ARM.attributes
                0x000003c2       0x2d e:/project/program/vscode/tools/gcc-arm-none-eabi-10.3-2021.10/bin/../lib/gcc/arm-none-eabi/10.3.1/../../../../arm-none-eabi/lib/thumb/v7-m/nofp\libc_nano.a(lib_a-nano-vfscanf_float.o)
 .ARM.attributes
                0x000003ef       0x2d e:/project/program/vscode/tools/gcc-arm-none-eabi-10.3-2021.10/bin/../lib/gcc/arm-none-eabi/10.3.1/../../../../arm-none-eabi/lib/thumb/v7-m/nofp\libc_nano.a(lib_a-sf_nan.o)
 .ARM.attributes
                0x0000041c       0x2d e:/project/program/vscode/tools/gcc-arm-none-eabi-10.3-2021.10/bin/../lib/gcc/arm-none-eabi/10.3.1/../../../../arm-none-eabi/lib/thumb/v7-m/nofp\libc_nano.a(lib_a-sprintf.o)
 .ARM.attributes
                0x00000449       0x2d e:/project/program/vscode/tools/gcc-arm-none-eabi-10.3-2021.10/bin/../lib/gcc/arm-none-eabi/10.3.1/../../../../arm-none-eabi/lib/thumb/v7-m/nofp\libc_nano.a(lib_a-sscanf.o)
 .ARM.attributes
                0x00000476       0x2d e:/project/program/vscode/tools/gcc-arm-none-eabi-10.3-2021.10/bin/../lib/gcc/arm-none-eabi/10.3.1/../../../../arm-none-eabi/lib/thumb/v7-m/nofp\libc_nano.a(lib_a-stdio.o)
 .ARM.attributes
                0x000004a3       0x17 e:/project/program/vscode/tools/gcc-arm-none-eabi-10.3-2021.10/bin/../lib/gcc/arm-none-eabi/10.3.1/../../../../arm-none-eabi/lib/thumb/v7-m/nofp\libc_nano.a(lib_a-strlen.o)
 .ARM.attributes
                0x000004ba       0x2d e:/project/program/vscode/tools/gcc-arm-none-eabi-10.3-2021.10/bin/../lib/gcc/arm-none-eabi/10.3.1/../../../../arm-none-eabi/lib/thumb/v7-m/nofp\libc_nano.a(lib_a-strtod.o)
 .ARM.attributes
                0x000004e7       0x2d e:/project/program/vscode/tools/gcc-arm-none-eabi-10.3-2021.10/bin/../lib/gcc/arm-none-eabi/10.3.1/../../../../arm-none-eabi/lib/thumb/v7-m/nofp\libc_nano.a(lib_a-strtol.o)
 .ARM.attributes
                0x00000514       0x2d e:/project/program/vscode/tools/gcc-arm-none-eabi-10.3-2021.10/bin/../lib/gcc/arm-none-eabi/10.3.1/../../../../arm-none-eabi/lib/thumb/v7-m/nofp\libc_nano.a(lib_a-writer.o)
 .ARM.attributes
                0x00000541       0x2d e:/project/program/vscode/tools/gcc-arm-none-eabi-10.3-2021.10/bin/../lib/gcc/arm-none-eabi/10.3.1/../../../../arm-none-eabi/lib/thumb/v7-m/nofp\libc_nano.a(lib_a-closer.o)
 .ARM.attributes
                0x0000056e       0x2d e:/project/program/vscode/tools/gcc-arm-none-eabi-10.3-2021.10/bin/../lib/gcc/arm-none-eabi/10.3.1/../../../../arm-none-eabi/lib/thumb/v7-m/nofp\libc_nano.a(lib_a-ctype_.o)
 .ARM.attributes
                0x0000059b       0x2d e:/project/program/vscode/tools/gcc-arm-none-eabi-10.3-2021.10/bin/../lib/gcc/arm-none-eabi/10.3.1/../../../../arm-none-eabi/lib/thumb/v7-m/nofp\libc_nano.a(lib_a-dtoa.o)
 .ARM.attributes
                0x000005c8       0x2d e:/project/program/vscode/tools/gcc-arm-none-eabi-10.3-2021.10/bin/../lib/gcc/arm-none-eabi/10.3.1/../../../../arm-none-eabi/lib/thumb/v7-m/nofp\libc_nano.a(lib_a-errno.o)
 .ARM.attributes
                0x000005f5       0x2d e:/project/program/vscode/tools/gcc-arm-none-eabi-10.3-2021.10/bin/../lib/gcc/arm-none-eabi/10.3.1/../../../../arm-none-eabi/lib/thumb/v7-m/nofp\libc_nano.a(lib_a-gdtoa-gethex.o)
 .ARM.attributes
                0x00000622       0x2d e:/project/program/vscode/tools/gcc-arm-none-eabi-10.3-2021.10/bin/../lib/gcc/arm-none-eabi/10.3.1/../../../../arm-none-eabi/lib/thumb/v7-m/nofp\libc_nano.a(lib_a-gdtoa-hexnan.o)
 .ARM.attributes
                0x0000064f       0x2d e:/project/program/vscode/tools/gcc-arm-none-eabi-10.3-2021.10/bin/../lib/gcc/arm-none-eabi/10.3.1/../../../../arm-none-eabi/lib/thumb/v7-m/nofp\libc_nano.a(lib_a-lnumeric.o)
 .ARM.attributes
                0x0000067c       0x2d e:/project/program/vscode/tools/gcc-arm-none-eabi-10.3-2021.10/bin/../lib/gcc/arm-none-eabi/10.3.1/../../../../arm-none-eabi/lib/thumb/v7-m/nofp\libc_nano.a(lib_a-locale.o)
 .ARM.attributes
                0x000006a9       0x2d e:/project/program/vscode/tools/gcc-arm-none-eabi-10.3-2021.10/bin/../lib/gcc/arm-none-eabi/10.3.1/../../../../arm-none-eabi/lib/thumb/v7-m/nofp\libc_nano.a(lib_a-localeconv.o)
 .ARM.attributes
                0x000006d6       0x2d e:/project/program/vscode/tools/gcc-arm-none-eabi-10.3-2021.10/bin/../lib/gcc/arm-none-eabi/10.3.1/../../../../arm-none-eabi/lib/thumb/v7-m/nofp\libc_nano.a(lib_a-lseekr.o)
 .ARM.attributes
                0x00000703       0x2d e:/project/program/vscode/tools/gcc-arm-none-eabi-10.3-2021.10/bin/../lib/gcc/arm-none-eabi/10.3.1/../../../../arm-none-eabi/lib/thumb/v7-m/nofp\libc_nano.a(lib_a-malloc.o)
 .ARM.attributes
                0x00000730       0x2d e:/project/program/vscode/tools/gcc-arm-none-eabi-10.3-2021.10/bin/../lib/gcc/arm-none-eabi/10.3.1/../../../../arm-none-eabi/lib/thumb/v7-m/nofp\libc_nano.a(lib_a-mbtowc_r.o)
 .ARM.attributes
                0x0000075d       0x2d e:/project/program/vscode/tools/gcc-arm-none-eabi-10.3-2021.10/bin/../lib/gcc/arm-none-eabi/10.3.1/../../../../arm-none-eabi/lib/thumb/v7-m/nofp\libc_nano.a(lib_a-memchr-stub.o)
 .ARM.attributes
                0x0000078a       0x2d e:/project/program/vscode/tools/gcc-arm-none-eabi-10.3-2021.10/bin/../lib/gcc/arm-none-eabi/10.3.1/../../../../arm-none-eabi/lib/thumb/v7-m/nofp\libc_nano.a(lib_a-memcpy-stub.o)
 .ARM.attributes
                0x000007b7       0x2d e:/project/program/vscode/tools/gcc-arm-none-eabi-10.3-2021.10/bin/../lib/gcc/arm-none-eabi/10.3.1/../../../../arm-none-eabi/lib/thumb/v7-m/nofp\libc_nano.a(lib_a-mprec.o)
 .ARM.attributes
                0x000007e4       0x2d e:/project/program/vscode/tools/gcc-arm-none-eabi-10.3-2021.10/bin/../lib/gcc/arm-none-eabi/10.3.1/../../../../arm-none-eabi/lib/thumb/v7-m/nofp\libc_nano.a(lib_a-nano-callocr.o)
 .ARM.attributes
                0x00000811       0x2d e:/project/program/vscode/tools/gcc-arm-none-eabi-10.3-2021.10/bin/../lib/gcc/arm-none-eabi/10.3.1/../../../../arm-none-eabi/lib/thumb/v7-m/nofp\libc_nano.a(lib_a-nano-freer.o)
 .ARM.attributes
                0x0000083e       0x2d e:/project/program/vscode/tools/gcc-arm-none-eabi-10.3-2021.10/bin/../lib/gcc/arm-none-eabi/10.3.1/../../../../arm-none-eabi/lib/thumb/v7-m/nofp\libc_nano.a(lib_a-nano-mallocr.o)
 .ARM.attributes
                0x0000086b       0x2d e:/project/program/vscode/tools/gcc-arm-none-eabi-10.3-2021.10/bin/../lib/gcc/arm-none-eabi/10.3.1/../../../../arm-none-eabi/lib/thumb/v7-m/nofp\libc_nano.a(lib_a-nano-svfprintf.o)
 .ARM.attributes
                0x00000898       0x2d e:/project/program/vscode/tools/gcc-arm-none-eabi-10.3-2021.10/bin/../lib/gcc/arm-none-eabi/10.3.1/../../../../arm-none-eabi/lib/thumb/v7-m/nofp\libc_nano.a(lib_a-nano-svfscanf.o)
 .ARM.attributes
                0x000008c5       0x2d e:/project/program/vscode/tools/gcc-arm-none-eabi-10.3-2021.10/bin/../lib/gcc/arm-none-eabi/10.3.1/../../../../arm-none-eabi/lib/thumb/v7-m/nofp\libc_nano.a(lib_a-nano-vfscanf_i.o)
 .ARM.attributes
                0x000008f2       0x2d e:/project/program/vscode/tools/gcc-arm-none-eabi-10.3-2021.10/bin/../lib/gcc/arm-none-eabi/10.3.1/../../../../arm-none-eabi/lib/thumb/v7-m/nofp\libc_nano.a(lib_a-readr.o)
 .ARM.attributes
                0x0000091f       0x2d e:/project/program/vscode/tools/gcc-arm-none-eabi-10.3-2021.10/bin/../lib/gcc/arm-none-eabi/10.3.1/../../../../arm-none-eabi/lib/thumb/v7-m/nofp\libc_nano.a(lib_a-reent.o)
 .ARM.attributes
                0x0000094c       0x2d e:/project/program/vscode/tools/gcc-arm-none-eabi-10.3-2021.10/bin/../lib/gcc/arm-none-eabi/10.3.1/../../../../arm-none-eabi/lib/thumb/v7-m/nofp\libc_nano.a(lib_a-s_nan.o)
 .ARM.attributes
                0x00000979       0x2d e:/project/program/vscode/tools/gcc-arm-none-eabi-10.3-2021.10/bin/../lib/gcc/arm-none-eabi/10.3.1/../../../../arm-none-eabi/lib/thumb/v7-m/nofp\libc_nano.a(lib_a-sbrkr.o)
 .ARM.attributes
                0x000009a6       0x2d e:/project/program/vscode/tools/gcc-arm-none-eabi-10.3-2021.10/bin/../lib/gcc/arm-none-eabi/10.3.1/../../../../arm-none-eabi/lib/thumb/v7-m/nofp\libc_nano.a(lib_a-sccl.o)
 .ARM.attributes
                0x000009d3       0x2d e:/project/program/vscode/tools/gcc-arm-none-eabi-10.3-2021.10/bin/../lib/gcc/arm-none-eabi/10.3.1/../../../../arm-none-eabi/lib/thumb/v7-m/nofp\libc_nano.a(lib_a-strncmp.o)
 .ARM.attributes
                0x00000a00       0x2d e:/project/program/vscode/tools/gcc-arm-none-eabi-10.3-2021.10/bin/../lib/gcc/arm-none-eabi/10.3.1/../../../../arm-none-eabi/lib/thumb/v7-m/nofp\libc_nano.a(lib_a-strtoul.o)
 .ARM.attributes
                0x00000a2d       0x2d e:/project/program/vscode/tools/gcc-arm-none-eabi-10.3-2021.10/bin/../lib/gcc/arm-none-eabi/10.3.1/../../../../arm-none-eabi/lib/thumb/v7-m/nofp\libc_nano.a(lib_a-ungetc.o)
 .ARM.attributes
                0x00000a5a       0x2d e:/project/program/vscode/tools/gcc-arm-none-eabi-10.3-2021.10/bin/../lib/gcc/arm-none-eabi/10.3.1/../../../../arm-none-eabi/lib/thumb/v7-m/nofp\libc_nano.a(lib_a-wctomb_r.o)
 .ARM.attributes
                0x00000a87       0x2d e:/project/program/vscode/tools/gcc-arm-none-eabi-10.3-2021.10/bin/../lib/gcc/arm-none-eabi/10.3.1/../../../../arm-none-eabi/lib/thumb/v7-m/nofp\libc_nano.a(lib_a-assert.o)
 .ARM.attributes
                0x00000ab4       0x2d e:/project/program/vscode/tools/gcc-arm-none-eabi-10.3-2021.10/bin/../lib/gcc/arm-none-eabi/10.3.1/../../../../arm-none-eabi/lib/thumb/v7-m/nofp\libc_nano.a(lib_a-fflush.o)
 .ARM.attributes
                0x00000ae1       0x2d e:/project/program/vscode/tools/gcc-arm-none-eabi-10.3-2021.10/bin/../lib/gcc/arm-none-eabi/10.3.1/../../../../arm-none-eabi/lib/thumb/v7-m/nofp\libc_nano.a(lib_a-findfp.o)
 .ARM.attributes
                0x00000b0e       0x2d e:/project/program/vscode/tools/gcc-arm-none-eabi-10.3-2021.10/bin/../lib/gcc/arm-none-eabi/10.3.1/../../../../arm-none-eabi/lib/thumb/v7-m/nofp\libc_nano.a(lib_a-fprintf.o)
 .ARM.attributes
                0x00000b3b       0x2d e:/project/program/vscode/tools/gcc-arm-none-eabi-10.3-2021.10/bin/../lib/gcc/arm-none-eabi/10.3.1/../../../../arm-none-eabi/lib/thumb/v7-m/nofp\libc_nano.a(lib_a-fwalk.o)
 .ARM.attributes
                0x00000b68       0x2d e:/project/program/vscode/tools/gcc-arm-none-eabi-10.3-2021.10/bin/../lib/gcc/arm-none-eabi/10.3.1/../../../../arm-none-eabi/lib/thumb/v7-m/nofp\libc_nano.a(lib_a-lock.o)
 .ARM.attributes
                0x00000b95       0x2d e:/project/program/vscode/tools/gcc-arm-none-eabi-10.3-2021.10/bin/../lib/gcc/arm-none-eabi/10.3.1/../../../../arm-none-eabi/lib/thumb/v7-m/nofp\libc_nano.a(lib_a-memmove.o)
 .ARM.attributes
                0x00000bc2       0x2d e:/project/program/vscode/tools/gcc-arm-none-eabi-10.3-2021.10/bin/../lib/gcc/arm-none-eabi/10.3.1/../../../../arm-none-eabi/lib/thumb/v7-m/nofp\libc_nano.a(lib_a-mlock.o)
 .ARM.attributes
                0x00000bef       0x2d e:/project/program/vscode/tools/gcc-arm-none-eabi-10.3-2021.10/bin/../lib/gcc/arm-none-eabi/10.3.1/../../../../arm-none-eabi/lib/thumb/v7-m/nofp\libc_nano.a(lib_a-nano-reallocr.o)
 .ARM.attributes
                0x00000c1c       0x2d e:/project/program/vscode/tools/gcc-arm-none-eabi-10.3-2021.10/bin/../lib/gcc/arm-none-eabi/10.3.1/../../../../arm-none-eabi/lib/thumb/v7-m/nofp\libc_nano.a(lib_a-nano-vfprintf.o)
 .ARM.attributes
                0x00000c49       0x2d e:/project/program/vscode/tools/gcc-arm-none-eabi-10.3-2021.10/bin/../lib/gcc/arm-none-eabi/10.3.1/../../../../arm-none-eabi/lib/thumb/v7-m/nofp\libc_nano.a(lib_a-wbuf.o)
 .ARM.attributes
                0x00000c76       0x2d e:/project/program/vscode/tools/gcc-arm-none-eabi-10.3-2021.10/bin/../lib/gcc/arm-none-eabi/10.3.1/../../../../arm-none-eabi/lib/thumb/v7-m/nofp\libc_nano.a(lib_a-wsetup.o)
 .ARM.attributes
                0x00000ca3       0x2d e:/project/program/vscode/tools/gcc-arm-none-eabi-10.3-2021.10/bin/../lib/gcc/arm-none-eabi/10.3.1/../../../../arm-none-eabi/lib/thumb/v7-m/nofp\libc_nano.a(lib_a-abort.o)
 .ARM.attributes
                0x00000cd0       0x2d e:/project/program/vscode/tools/gcc-arm-none-eabi-10.3-2021.10/bin/../lib/gcc/arm-none-eabi/10.3.1/../../../../arm-none-eabi/lib/thumb/v7-m/nofp\libc_nano.a(lib_a-makebuf.o)
 .ARM.attributes
                0x00000cfd       0x2d e:/project/program/vscode/tools/gcc-arm-none-eabi-10.3-2021.10/bin/../lib/gcc/arm-none-eabi/10.3.1/../../../../arm-none-eabi/lib/thumb/v7-m/nofp\libc_nano.a(lib_a-nano-msizer.o)
 .ARM.attributes
                0x00000d2a       0x2d e:/project/program/vscode/tools/gcc-arm-none-eabi-10.3-2021.10/bin/../lib/gcc/arm-none-eabi/10.3.1/../../../../arm-none-eabi/lib/thumb/v7-m/nofp\libc_nano.a(lib_a-signal.o)
 .ARM.attributes
                0x00000d57       0x2d e:/project/program/vscode/tools/gcc-arm-none-eabi-10.3-2021.10/bin/../lib/gcc/arm-none-eabi/10.3.1/../../../../arm-none-eabi/lib/thumb/v7-m/nofp\libc_nano.a(lib_a-signalr.o)
 .ARM.attributes
                0x00000d84       0x2d e:/project/program/vscode/tools/gcc-arm-none-eabi-10.3-2021.10/bin/../lib/gcc/arm-none-eabi/10.3.1/../../../../arm-none-eabi/lib/thumb/v7-m/nofp\libc_nano.a(lib_a-fstatr.o)
 .ARM.attributes
                0x00000db1       0x2d e:/project/program/vscode/tools/gcc-arm-none-eabi-10.3-2021.10/bin/../lib/gcc/arm-none-eabi/10.3.1/../../../../arm-none-eabi/lib/thumb/v7-m/nofp\libc_nano.a(lib_a-isattyr.o)
 .ARM.attributes