Archive member included to satisfy reference by file (symbol)

e:/project/program/vscode/tools/gcc-arm-none-eabi-10.3-2021.10/bin/../lib/gcc/arm-none-eabi/10.3.1/../../../../arm-none-eabi/lib/thumb/v7-m/nofp\libc_nano.a(lib_a-exit.o)
                              e:/project/program/vscode/tools/gcc-arm-none-eabi-10.3-2021.10/bin/../lib/gcc/arm-none-eabi/10.3.1/../../../../arm-none-eabi/lib/thumb/v7-m/nofp/crt0.o (exit)
e:/project/program/vscode/tools/gcc-arm-none-eabi-10.3-2021.10/bin/../lib/gcc/arm-none-eabi/10.3.1/../../../../arm-none-eabi/lib/thumb/v7-m/nofp\libc_nano.a(lib_a-impure.o)
                              e:/project/program/vscode/tools/gcc-arm-none-eabi-10.3-2021.10/bin/../lib/gcc/arm-none-eabi/10.3.1/../../../../arm-none-eabi/lib/thumb/v7-m/nofp\libc_nano.a(lib_a-exit.o) (_global_impure_ptr)
e:/project/program/vscode/tools/gcc-arm-none-eabi-10.3-2021.10/bin/../lib/gcc/arm-none-eabi/10.3.1/../../../../arm-none-eabi/lib/thumb/v7-m/nofp\libc_nano.a(lib_a-init.o)
                              e:/project/program/vscode/tools/gcc-arm-none-eabi-10.3-2021.10/bin/../lib/gcc/arm-none-eabi/10.3.1/../../../../arm-none-eabi/lib/thumb/v7-m/nofp/crt0.o (__libc_init_array)
e:/project/program/vscode/tools/gcc-arm-none-eabi-10.3-2021.10/bin/../lib/gcc/arm-none-eabi/10.3.1/../../../../arm-none-eabi/lib/thumb/v7-m/nofp\libc_nano.a(lib_a-memset.o)
                              e:/project/program/vscode/tools/gcc-arm-none-eabi-10.3-2021.10/bin/../lib/gcc/arm-none-eabi/10.3.1/../../../../arm-none-eabi/lib/thumb/v7-m/nofp/crt0.o (memset)
e:/project/program/vscode/tools/gcc-arm-none-eabi-10.3-2021.10/bin/../lib/gcc/arm-none-eabi/10.3.1/../../../../arm-none-eabi/lib/thumb/v7-m/nofp\libc_nano.a(lib_a-nano-vfprintf_float.o)
                              (_printf_float)
e:/project/program/vscode/tools/gcc-arm-none-eabi-10.3-2021.10/bin/../lib/gcc/arm-none-eabi/10.3.1/../../../../arm-none-eabi/lib/thumb/v7-m/nofp\libc_nano.a(lib_a-nano-vfprintf_i.o)
                              e:/project/program/vscode/tools/gcc-arm-none-eabi-10.3-2021.10/bin/../lib/gcc/arm-none-eabi/10.3.1/../../../../arm-none-eabi/lib/thumb/v7-m/nofp\libc_nano.a(lib_a-nano-vfprintf_float.o) (_printf_common)
e:/project/program/vscode/tools/gcc-arm-none-eabi-10.3-2021.10/bin/../lib/gcc/arm-none-eabi/10.3.1/../../../../arm-none-eabi/lib/thumb/v7-m/nofp\libc_nano.a(lib_a-nano-vfscanf_float.o)
                              (_scanf_float)
e:/project/program/vscode/tools/gcc-arm-none-eabi-10.3-2021.10/bin/../lib/gcc/arm-none-eabi/10.3.1/../../../../arm-none-eabi/lib/thumb/v7-m/nofp\libc_nano.a(lib_a-sf_nan.o)
                              e:/project/program/vscode/tools/gcc-arm-none-eabi-10.3-2021.10/bin/../lib/gcc/arm-none-eabi/10.3.1/../../../../arm-none-eabi/lib/thumb/v7-m/nofp\libc_nano.a(lib_a-nano-vfscanf_float.o) (nanf)
e:/project/program/vscode/tools/gcc-arm-none-eabi-10.3-2021.10/bin/../lib/gcc/arm-none-eabi/10.3.1/../../../../arm-none-eabi/lib/thumb/v7-m/nofp\libc_nano.a(lib_a-sprintf.o)
                              build/main.o (sprintf)
e:/project/program/vscode/tools/gcc-arm-none-eabi-10.3-2021.10/bin/../lib/gcc/arm-none-eabi/10.3.1/../../../../arm-none-eabi/lib/thumb/v7-m/nofp\libc_nano.a(lib_a-sscanf.o)
                              build/MotorControl.o (sscanf)
e:/project/program/vscode/tools/gcc-arm-none-eabi-10.3-2021.10/bin/../lib/gcc/arm-none-eabi/10.3.1/../../../../arm-none-eabi/lib/thumb/v7-m/nofp\libc_nano.a(lib_a-stdio.o)
                              e:/project/program/vscode/tools/gcc-arm-none-eabi-10.3-2021.10/bin/../lib/gcc/arm-none-eabi/10.3.1/../../../../arm-none-eabi/lib/thumb/v7-m/nofp\libc_nano.a(lib_a-sscanf.o) (__seofread)
e:/project/program/vscode/tools/gcc-arm-none-eabi-10.3-2021.10/bin/../lib/gcc/arm-none-eabi/10.3.1/../../../../arm-none-eabi/lib/thumb/v7-m/nofp\libc_nano.a(lib_a-strlen.o)
                              build/MotorControl.o (strlen)
e:/project/program/vscode/tools/gcc-arm-none-eabi-10.3-2021.10/bin/../lib/gcc/arm-none-eabi/10.3.1/../../../../arm-none-eabi/lib/thumb/v7-m/nofp\libc_nano.a(lib_a-strtod.o)
                              e:/project/program/vscode/tools/gcc-arm-none-eabi-10.3-2021.10/bin/../lib/gcc/arm-none-eabi/10.3.1/../../../../arm-none-eabi/lib/thumb/v7-m/nofp\libc_nano.a(lib_a-nano-vfscanf_float.o) (_strtod_r)
e:/project/program/vscode/tools/gcc-arm-none-eabi-10.3-2021.10/bin/../lib/gcc/arm-none-eabi/10.3.1/../../../../arm-none-eabi/lib/thumb/v7-m/nofp\libc_nano.a(lib_a-strtol.o)
                              e:/project/program/vscode/tools/gcc-arm-none-eabi-10.3-2021.10/bin/../lib/gcc/arm-none-eabi/10.3.1/../../../../arm-none-eabi/lib/thumb/v7-m/nofp\libc_nano.a(lib_a-nano-vfscanf_float.o) (_strtol_r)
e:/project/program/vscode/tools/gcc-arm-none-eabi-10.3-2021.10/bin/../lib/gcc/arm-none-eabi/10.3.1/../../../../arm-none-eabi/lib/thumb/v7-m/nofp\libc_nano.a(lib_a-writer.o)
[...]
Memory Configuration

Name             Origin             Length             Attributes
RAM              0x20000000         0x00005000         xrw
FLASH            0x08000000         0x00010000         xr
*default*        0x00000000         0xffffffff

Linker script and memory map

LOAD e:/project/program/vscode/tools/gcc-arm-none-eabi-10.3-2021.10/bin/../lib/gcc/arm-none-eabi/10.3.1/thumb/v7-m/nofp/crti.o
LOAD e:/project/program/vscode/tools/gcc-arm-none-eabi-10.3-2021.10/bin/../lib/gcc/arm-none-eabi/10.3.1/thumb/v7-m/nofp/crtbegin.o
LOAD e:/project/program/vscode/tools/gcc-arm-none-eabi-10.3-2021.10/bin/../lib/gcc/arm-none-eabi/10.3.1/../../../../arm-none-eabi/lib/thumb/v7-m/nofp/crt0.o
LOAD build/main.o
LOAD build/stm32f1xx_it.o
LOAD build/stm32f1xx_hal_msp.o
LOAD build/stm32f1xx_hal_gpio_ex.o
LOAD build/stm32f1xx_hal_tim.o
LOAD build/stm32f1xx_hal_tim_ex.o
LOAD build/stm32f1xx_hal.o
LOAD build/stm32f1xx_hal_rcc.o
LOAD build/stm32f1xx_hal_rcc_ex.o
LOAD build/stm32f1xx_hal_gpio.o
LOAD build/stm32f1xx_hal_dma.o
LOAD build/stm32f1xx_hal_cortex.o
LOAD build/stm32f1xx_hal_pwr.o
LOAD build/stm32f1xx_hal_flash.o
LOAD build/stm32f1xx_hal_flash_ex.o
LOAD build/stm32f1xx_hal_exti.o
LOAD build/stm32f1xx_hal_uart.o
LOAD build/system_stm32f1xx.o
LOAD build/MotorControl.o
LOAD build/MyMath.o
LOAD build/startup_stm32f103xb.o
LOAD e:/project/program/vscode/tools/gcc-arm-none-eabi-10.3-2021.10/bin/../lib/gcc/arm-none-eabi/10.3.1/../../../../arm-none-eabi/lib/thumb/v7-m/nofp\libc_nano.a
LOAD e:/project/program/vscode/tools/gcc-arm-none-eabi-10.3-2021.10/bin/../lib/gcc/arm-none-eabi/10.3.1/../../../../arm-none-eabi/lib/thumb/v7-m/nofp\libm.a
LOAD e:/project/program/vscode/tools/gcc-arm-none-eabi-10.3-2021.10/bin/../lib/gcc/arm-none-eabi/10.3.1/../../../../arm-none-eabi/lib/thumb/v7-m/nofp\libnosys.a
START GROUP
LOAD e:/project/program/vscode/tools/gcc-arm-none-eabi-10.3-2021.10/bin/../lib/gcc/arm-none-eabi/10.3.1/thumb/v7-m/nofp\libgcc.a
LOAD e:/project/program/vscode/tools/gcc-arm-none-eabi-10.3-2021.10/bin/../lib/gcc/arm-none-eabi/10.3.1/../../../../arm-none-eabi/lib/thumb/v7-m/nofp\libc_nano.a
END GROUP
START GROUP
LOAD e:/project/program/vscode/tools/gcc-arm-none-eabi-10.3-2021.10/bin/../lib/gcc/arm-none-eabi/10.3.1/thumb/v7-m/nofp\libgcc.a
LOAD e:/project/program/vscode/tools/gcc-arm-none-eabi-10.3-2021.10/bin/../lib/gcc/arm-none-eabi/10.3.1/../../../../arm-none-eabi/lib/thumb/v7-m/nofp\libc_nano.a
END GROUP
LOAD e:/project/program/vscode/tools/gcc-arm-none-eabi-10.3-2021.10/bin/../lib/gcc/arm-none-eabi/10.3.1/thumb/v7-m/nofp/crtend.o
LOAD e:/project/program/vscode/tools/gcc-arm-none-eabi-10.3-2021.10/bin/../lib/gcc/arm-none-eabi/10.3.1/thumb/v7-m/nofp/crtn.o
                0x20005000                _estack = 0x20005000
                0x00000800                _Min_Heap_Size = 0x800
                0x00001000                _Min_Stack_Size = 0x1000

.isr_vector     0x08000000      0x10c
                0x08000000                . = ALIGN (0x4)
 *(.isr_vector)
 .isr_vector    0x08000000      0x10c build/startup_stm32f103xb.o
                0x08000000                g_pfnVectors
                0x0800010c                . = ALIGN (0x4)

.text           0x08000110     0x8eac
                0x08000110                . = ALIGN (0x4)
 *(.text)
 .text          0x08000110       0x40 e:/project/program/vscode/tools/gcc-arm-none-eabi-10.3-2021.10/bin/../lib/gcc/arm-none-eabi/10.3.1/thumb/v7-m/nofp/crtbegin.o
 .text          0x08000150       0x10 e:/project/program/vscode/tools/gcc-arm-none-eabi-10.3-2021.10/bin/../lib/gcc/arm-none-eabi/10.3.1/../../../../arm-none-eabi/lib/thumb/v7-m/nofp\libc_nano.a(lib_a-strlen.o)
                0x08000150                strlen
 .text          0x08000160      0x378 e:/project/program/vscode/tools/gcc-arm-none-eabi-10.3-2021.10/bin/../lib/gcc/arm-none-eabi/10.3.1/thumb/v7-m/nofp\libgcc.a(_arm_addsubdf3.o)
                0x08000160                __aeabi_drsub
                0x08000168                __aeabi_dsub
                0x08000168                __subdf3
                0x0800016c                __aeabi_dadd
                0x0800016c                __adddf3
                0x080003e4                __floatunsidf
                0x080003e4                __aeabi_ui2d
                0x08000404                __floatsidf
                0x08000404                __aeabi_i2d
                0x08000428                __aeabi_f2d
                0x08000428                __extendsfdf2
                0x0800046c                __floatundidf
                0x0800046c                __aeabi_ul2d
                0x0800047c                __floatdidf
                0x0800047c                __aeabi_l2d
 .text          0x080004d8      0x424 e:/project/program/vscode/tools/gcc-arm-none-eabi-10.3-2021.10/bin/../lib/gcc/arm-none-eabi/10.3.1/thumb/v7-m/nofp\libgcc.a(_arm_muldivdf3.o)
                0x080004d8                __aeabi_dmul
                0x080004d8                __muldf3
                0x0800072c                __divdf3
                0x0800072c                __aeabi_ddiv
 .text          0x080008fc      0x110 e:/project/program/vscode/tools/gcc-arm-none-eabi-10.3-2021.10/bin/../lib/gcc/arm-none-eabi/10.3.1/thumb/v7-m/nofp\libgcc.a(_arm_cmpdf2.o)
                0x080008fc                __gtdf2
                0x080008fc                __gedf2
                0x08000904                __ltdf2
                0x08000904                __ledf2
                0x0800090c                __nedf2
                0x0800090c                __eqdf2
                0x0800090c                __cmpdf2
                0x08000988                __aeabi_cdrcmple
                0x08000998                __aeabi_cdcmpeq
                0x08000998                __aeabi_cdcmple
                0x080009a8                __aeabi_dcmpeq
                0x080009bc                __aeabi_dcmplt
                0x080009d0                __aeabi_dcmple
                0x080009e4                __aeabi_dcmpge
                0x080009f8                __aeabi_dcmpgt
 .text          0x08000a0c       0x2c e:/project/program/vscode/tools/gcc-arm-none-eabi-10.3-2021.10/bin/../lib/gcc/arm-none-eabi/10.3.1/thumb/v7-m/nofp\libgcc.a(_arm_unorddf2.o)
                0x08000a0c                __unorddf2
                0x08000a0c                __aeabi_dcmpun
 .text          0x08000a38       0x50 e:/project/program/vscode/tools/gcc-arm-none-eabi-10.3-2021.10/bin/../lib/gcc/arm-none-eabi/10.3.1/thumb/v7-m/nofp\libgcc.a(_arm_fixdfsi.o)
                0x08000a38                __aeabi_d2iz
                0x08000a38                __fixdfsi
 .text          0x08000a88       0x40 e:/project/program/vscode/tools/gcc-arm-none-eabi-10.3-2021.10/bin/../lib/gcc/arm-none-eabi/10.3.1/thumb/v7-m/nofp\libgcc.a(_arm_fixunsdfsi.o)
                0x08000a88                __aeabi_d2uiz
                0x08000a88                __fixunsdfsi
 .text          0x08000ac8       0xa0 e:/project/program/vscode/tools/gcc-arm-none-eabi-10.3-2021.10/bin/../lib/gcc/arm-none-eabi/10.3.1/thumb/v7-m/nofp\libgcc.a(_arm_truncdfsf2.o)
                0x08000ac8                __truncdfsf2
                0x08000ac8                __aeabi_d2f
 .text          0x08000b68      0x21c e:/project/program/vscode/tools/gcc-arm-none-eabi-10.3-2021.10/bin/../lib/gcc/arm-none-eabi/10.3.1/thumb/v7-m/nofp\libgcc.a(_arm_addsubsf3.o)
                0x08000b68                __aeabi_frsub
                0x08000b70                __subsf3
                0x08000b70                __aeabi_fsub
                0x08000b74                __aeabi_fadd
                0x08000b74                __addsf3
                0x08000cd4                __aeabi_ui2f
                0x08000cd4                __floatunsisf
                0x08000cdc                __aeabi_i2f
                0x08000cdc                __floatsisf
                0x08000cf8                __aeabi_ul2f
                0x08000cf8                __floatundisf
                0x08000d08                __aeabi_l2f
                0x08000d08                __floatdisf
 .text          0x08000d84      0x2a0 e:/project/program/vscode/tools/gcc-arm-none-eabi-10.3-2021.10/bin/../lib/gcc/arm-none-eabi/10.3.1/thumb/v7-m/nofp\libgcc.a(_arm_muldivsf3.o)
                0x08000d84                __mulsf3
                0x08000d84                __aeabi_fmul
                0x08000eec                __aeabi_fdiv
                0x08000eec                __divsf3
 .text          0x08001024       0xec e:/project/program/vscode/tools/gcc-arm-none-eabi-10.3-2021.10/bin/../lib/gcc/arm-none-eabi/10.3.1/thumb/v7-m/nofp\libgcc.a(_arm_cmpsf2.o)
                0x08001024                __gesf2
                0x08001024                __gtsf2
                0x0800102c                __lesf2
                0x0800102c                __ltsf2
                0x08001034                __nesf2
                0x08001034                __eqsf2
                0x08001034                __cmpsf2
                0x08001094                __aeabi_cfrcmple
                0x0800109c                __aeabi_cfcmpeq
                0x0800109c                __aeabi_cfcmple
                0x080010ac                __aeabi_fcmpeq
                0x080010c0                __aeabi_fcmplt
                0x080010d4                __aeabi_fcmple
                0x080010e8                __aeabi_fcmpge
                0x080010fc                __aeabi_fcmpgt
 .text          0x08001110       0x4c e:/project/program/vscode/tools/gcc-arm-none-eabi-10.3-2021.10/bin/../lib/gcc/arm-none-eabi/10.3.1/thumb/v7-m/nofp\libgcc.a(_arm_fixsfsi.o)
                0x08001110                __aeabi_f2iz
                0x08001110                __fixsfsi
 .text          0x0800115c       0x40 e:/project/program/vscode/tools/gcc-arm-none-eabi-10.3-2021.10/bin/../lib/gcc/arm-none-eabi/10.3.1/thumb/v7-m/nofp\libgcc.a(_arm_fixunssfsi.o)
                0x0800115c                __fixunssfsi
                0x0800115c                __aeabi_f2uiz
 .text          0x0800119c       0x34 e:/project/program/vscode/tools/gcc-arm-none-eabi-10.3-2021.10/bin/../lib/gcc/arm-none-eabi/10.3.1/thumb/v7-m/nofp\libgcc.a(_fixdfdi.o)
                0x0800119c                __fixdfdi
                0x0800119c                __aeabi_d2lz
 .text          0x080011d0       0x3c e:/project/program/vscode/tools/gcc-arm-none-eabi-10.3-2021.10/bin/../lib/gcc/arm-none-eabi/10.3.1/thumb/v7-m/nofp\libgcc.a(_fixunsdfdi.o)
                0x080011d0                __fixunsdfdi
                0x080011d0                __aeabi_d2ulz
 *(.text*)
 .text.MX_GPIO_Init
                0x0800120c       0xcc build/main.o
 .text.HAL_GPIO_EXTI_Callback
                0x080012d8       0x68 build/main.o
                0x080012d8                HAL_GPIO_EXTI_Callback
 .text.HAL_UART_RxCpltCallback
                0x08001340       0x5c build/main.o
                0x08001340                HAL_UART_RxCpltCallback
 .text.axisInit
                0x0800139c      0x118 build/main.o
                0x0800139c                axisInit
 .text.Error_Handler
                0x080014b4        0x4 build/main.o
                0x080014b4                Error_Handler
 .text.MX_TIM1_Init
                0x080014b8       0x64 build/main.o
 .text.MX_TIM2_Init
                0x0800151c       0x60 build/main.o
 .text.MX_TIM3_Init
                0x0800157c       0xd8 build/main.o
 .text.MX_TIM4_Init
                0x08001654       0x60 build/main.o
 .text.MX_USART2_UART_Init
                0x080016b4       0x34 build/main.o
 .text.SystemClock_Config
                0x080016e8       0x64 build/main.o
                0x080016e8                SystemClock_Config
 *fill*         0x0800174c        0x4 
 .text.main     0x08001750      0x334 build/main.o
                0x08001750                main
 .text.NMI_Handler
                0x08001a84        0x2 build/stm32f1xx_it.o
                0x08001a84                NMI_Handler
 .text.HardFault_Handler
                0x08001a86        0x2 build/stm32f1xx_it.o
                0x08001a86                HardFault_Handler
 .text.MemManage_Handler
                0x08001a88        0x2 build/stm32f1xx_it.o
                0x08001a88                MemManage_Handler
 .text.BusFault_Handler
                0x08001a8a        0x2 build/stm32f1xx_it.o
                0x08001a8a                BusFault_Handler
 .text.UsageFault_Handler
                0x08001a8c        0x2 build/stm32f1xx_it.o
                0x08001a8c                UsageFault_Handler
 .text.SVC_Handler
                0x08001a8e        0x2 build/stm32f1xx_it.o
                0x08001a8e                SVC_Handler
 .text.DebugMon_Handler
                0x08001a90        0x2 build/stm32f1xx_it.o
                0x08001a90                DebugMon_Handler
 .text.PendSV_Handler
                0x08001a92        0x2 build/stm32f1xx_it.o
                0x08001a92                PendSV_Handler
 .text.SysTick_Handler
                0x08001a94       0x24 build/stm32f1xx_it.o
                0x08001a94                SysTick_Handler
 .text.USART2_IRQHandler
                0x08001ab8       0x10 build/stm32f1xx_it.o
                0x08001ab8                USART2_IRQHandler
 .text.EXTI15_10_IRQHandler
                0x08001ac8       0x1c build/stm32f1xx_it.o
                0x08001ac8                EXTI15_10_IRQHandler
 .text.HAL_MspInit
                0x08001ae4       0x44 build/stm32f1xx_hal_msp.o
                0x08001ae4                HAL_MspInit
 .text.HAL_TIM_Encoder_MspInit
                0x08001b28       0xdc build/stm32f1xx_hal_msp.o
                0x08001b28                HAL_TIM_Encoder_MspInit
 .text.HAL_TIM_Base_MspInit
                0x08001c04       0x2c build/stm32f1xx_hal_msp.o
                0x08001c04                HAL_TIM_Base_MspInit
 .text.HAL_TIM_MspPostInit
                0x08001c30       0x74 build/stm32f1xx_hal_msp.o
                0x08001c30                HAL_TIM_MspPostInit
 .text.HAL_UART_MspInit
                0x08001ca4       0x88 build/stm32f1xx_hal_msp.o
                0x08001ca4                HAL_UART_MspInit
 .text.TIM_OC1_SetConfig
                0x08001d2c       0x5c build/stm32f1xx_hal_tim.o
 .text.TIM_OC3_SetConfig
                0x08001d88       0x64 build/stm32f1xx_hal_tim.o
 .text.TIM_OC4_SetConfig
                0x08001dec       0x48 build/stm32f1xx_hal_tim.o
 .text.TIM_TI1_ConfigInputStage
                0x08001e34       0x24 build/stm32f1xx_hal_tim.o
 .text.TIM_TI2_ConfigInputStage
                0x08001e58       0x26 build/stm32f1xx_hal_tim.o
 .text.TIM_ITRx_SetConfig
                0x08001e7e       0x10 build/stm32f1xx_hal_tim.o
 .text.HAL_TIM_PWM_MspInit
                0x08001e8e        0x2 build/stm32f1xx_hal_tim.o
                0x08001e8e                HAL_TIM_PWM_MspInit
 .text.TIM_Base_SetConfig
                0x08001e90       0x74 build/stm32f1xx_hal_tim.o
                0x08001e90                TIM_Base_SetConfig
 .text.HAL_TIM_Base_Init
                0x08001f04       0x58 build/stm32f1xx_hal_tim.o
                0x08001f04                HAL_TIM_Base_Init
 .text.HAL_TIM_PWM_Init
                0x08001f5c       0x58 build/stm32f1xx_hal_tim.o
                0x08001f5c                HAL_TIM_PWM_Init
 .text.HAL_TIM_Encoder_Init
                0x08001fb4       0xb8 build/stm32f1xx_hal_tim.o
                0x08001fb4                HAL_TIM_Encoder_Init
 .text.TIM_OC2_SetConfig
                0x0800206c       0x64 build/stm32f1xx_hal_tim.o
                0x0800206c                TIM_OC2_SetConfig
 .text.HAL_TIM_PWM_ConfigChannel
                0x080020d0       0xd0 build/stm32f1xx_hal_tim.o
                0x080020d0                HAL_TIM_PWM_ConfigChannel
 .text.TIM_ETR_SetConfig
                0x080021a0       0x18 build/stm32f1xx_hal_tim.o
                0x080021a0                TIM_ETR_SetConfig
 .text.HAL_TIM_ConfigClockSource
                0x080021b8       0xda build/stm32f1xx_hal_tim.o
                0x080021b8                HAL_TIM_ConfigClockSource
 .text.TIM_CCxChannelCmd
                0x08002292       0x1e build/stm32f1xx_hal_tim.o
                0x08002292                TIM_CCxChannelCmd
 .text.HAL_TIM_PWM_Start
                0x080022b0       0xdc build/stm32f1xx_hal_tim.o
                0x080022b0                HAL_TIM_PWM_Start
 .text.HAL_TIM_Encoder_Start
                0x0800238c       0xcc build/stm32f1xx_hal_tim.o
                0x0800238c                HAL_TIM_Encoder_Start
 .text.HAL_TIMEx_MasterConfigSynchronization
                0x08002458       0x6c build/stm32f1xx_hal_tim_ex.o
                0x08002458                HAL_TIMEx_MasterConfigSynchronization
 .text.HAL_InitTick
                0x080024c4       0x4c build/stm32f1xx_hal.o
                0x080024c4                HAL_InitTick
 .text.HAL_Init
                0x08002510       0x24 build/stm32f1xx_hal.o
                0x08002510                HAL_Init
 .text.HAL_IncTick
                0x08002534       0x18 build/stm32f1xx_hal.o
                0x08002534                HAL_IncTick
 .text.HAL_GetTick
                0x0800254c        0xc build/stm32f1xx_hal.o
                0x0800254c                HAL_GetTick
 .text.HAL_Delay
                0x08002558       0x28 build/stm32f1xx_hal.o
                0x08002558                HAL_Delay
 .text.RCC_Delay
                0x08002580       0x2c build/stm32f1xx_hal_rcc.o
 .text.HAL_RCC_OscConfig
                0x080025ac      0x410 build/stm32f1xx_hal_rcc.o
                0x080025ac                HAL_RCC_OscConfig
 .text.HAL_RCC_GetSysClockFreq
                0x080029bc       0x70 build/stm32f1xx_hal_rcc.o
                0x080029bc                HAL_RCC_GetSysClockFreq
 .text.HAL_RCC_ClockConfig
                0x08002a2c      0x16c build/stm32f1xx_hal_rcc.o
                0x08002a2c                HAL_RCC_ClockConfig
 .text.HAL_RCC_GetHCLKFreq
                0x08002b98        0xc build/stm32f1xx_hal_rcc.o
                0x08002b98                HAL_RCC_GetHCLKFreq
 .text.HAL_RCC_GetPCLK1Freq
                0x08002ba4       0x20 build/stm32f1xx_hal_rcc.o
                0x08002ba4                HAL_RCC_GetPCLK1Freq
 .text.HAL_RCC_GetPCLK2Freq
                0x08002bc4       0x20 build/stm32f1xx_hal_rcc.o
                0x08002bc4                HAL_RCC_GetPCLK2Freq
 .text.HAL_GPIO_Init
                0x08002be4      0x224 build/stm32f1xx_hal_gpio.o
                0x08002be4                HAL_GPIO_Init
 .text.HAL_GPIO_ReadPin
                0x08002e08        0xe build/stm32f1xx_hal_gpio.o
                0x08002e08                HAL_GPIO_ReadPin
 .text.HAL_GPIO_WritePin
                0x08002e16        0xc build/stm32f1xx_hal_gpio.o
                0x08002e16                HAL_GPIO_WritePin
 *fill*         0x08002e22        0x2 
 .text.HAL_GPIO_EXTI_IRQHandler
                0x08002e24       0x1c build/stm32f1xx_hal_gpio.o
                0x08002e24                HAL_GPIO_EXTI_IRQHandler
 .text.HAL_DMA_Abort
                0x08002e40       0x44 build/stm32f1xx_hal_dma.o
                0x08002e40                HAL_DMA_Abort
 .text.HAL_DMA_Abort_IT
                0x08002e84       0x98 build/stm32f1xx_hal_dma.o
                0x08002e84                HAL_DMA_Abort_IT
 .text.HAL_NVIC_SetPriorityGrouping
                0x08002f1c       0x24 build/stm32f1xx_hal_cortex.o
                0x08002f1c                HAL_NVIC_SetPriorityGrouping
 .text.HAL_NVIC_SetPriority
                0x08002f40       0x70 build/stm32f1xx_hal_cortex.o
                0x08002f40                HAL_NVIC_SetPriority
 .text.HAL_NVIC_EnableIRQ
                0x08002fb0       0x1c build/stm32f1xx_hal_cortex.o
                0x08002fb0                HAL_NVIC_EnableIRQ
 .text.HAL_SYSTICK_Config
                0x08002fcc       0x28 build/stm32f1xx_hal_cortex.o
                0x08002fcc                HAL_SYSTICK_Config
 .text.UART_EndRxTransfer
                0x08002ff4       0x32 build/stm32f1xx_hal_uart.o
 .text.UART_Transmit_IT
                0x08003026       0x60 build/stm32f1xx_hal_uart.o
 *fill*         0x08003086        0x2 
 .text.UART_SetConfig
                0x08003088       0x94 build/stm32f1xx_hal_uart.o
 .text.UART_WaitOnFlagUntilTimeout
                0x0800311c       0x6c build/stm32f1xx_hal_uart.o
 .text.HAL_UART_Init
                0x08003188       0x5e build/stm32f1xx_hal_uart.o
                0x08003188                HAL_UART_Init
 .text.HAL_UART_Transmit
                0x080031e6       0xd8 build/stm32f1xx_hal_uart.o
                0x080031e6                HAL_UART_Transmit
 .text.HAL_UART_TxCpltCallback
                0x080032be        0x2 build/stm32f1xx_hal_uart.o
                0x080032be                HAL_UART_TxCpltCallback
 .text.UART_EndTransmit_IT
                0x080032c0       0x1a build/stm32f1xx_hal_uart.o
 .text.HAL_UART_ErrorCallback
                0x080032da        0x2 build/stm32f1xx_hal_uart.o
                0x080032da                HAL_UART_ErrorCallback
 .text.UART_DMAAbortOnError
                0x080032dc       0x10 build/stm32f1xx_hal_uart.o
 .text.HAL_UARTEx_RxEventCallback
                0x080032ec        0x2 build/stm32f1xx_hal_uart.o
                0x080032ec                HAL_UARTEx_RxEventCallback
 .text.UART_Receive_IT
                0x080032ee       0xd4 build/stm32f1xx_hal_uart.o
 *fill*         0x080033c2        0x2 
 .text.HAL_UART_IRQHandler
                0x080033c4      0x204 build/stm32f1xx_hal_uart.o
                0x080033c4                HAL_UART_IRQHandler
 .text.UART_Start_Receive_IT
                0x080035c8       0x36 build/stm32f1xx_hal_uart.o
                0x080035c8                UART_Start_Receive_IT
 .text.HAL_UART_Receive_IT
                0x080035fe       0x38 build/stm32f1xx_hal_uart.o
                0x080035fe                HAL_UART_Receive_IT
 .text.SystemInit
                0x08003636        0x2 build/system_stm32f1xx.o
                0x08003636                SystemInit
 .text.ProcessData
                0x08003638       0x94 build/MotorControl.o
                0x08003638                ProcessData
 .text.PWM      0x080036cc      0x118 build/MotorControl.o
                0x080036cc                PWM
 .text.readEncoder
                0x080037e4       0x12 build/MotorControl.o
                0x080037e4                readEncoder
 .text.sample   0x080037f6       0x1e build/MotorControl.o
                0x080037f6                sample
 *fill*         0x08003814        0x4 
 .text.PID_control
                0x08003818       0xb8 build/MotorControl.o
                0x08003818                PID_control
 .text.HOME     0x080038d0       0x38 build/MotorControl.o
                0x080038d0                HOME
 .text.move     0x08003908       0x5c build/MotorControl.o
                0x08003908                move
 .text.moveGcode
                0x08003964       0x64 build/MotorControl.o
                0x08003964                moveGcode
 .text.drawLine
                0x080039c8      0x1f0 build/MotorControl.o
                0x080039c8                drawLine
 .text.runDrill
                0x08003bb8      0x11c build/MotorControl.o
                0x08003bb8                runDrill
 .text.int_abs  0x08003cd4        0xa build/MyMath.o
                0x08003cd4                int_abs
 .text.int_min  0x08003cde        0xc build/MyMath.o
                0x08003cde                int_min
 .text.int_max  0x08003cea        0xc build/MyMath.o
                0x08003cea                int_max
 *fill*         0x08003cf6        0x2 
 .text.Reset_Handler
                0x08003cf8       0x48 build/startup_stm32f103xb.o
                0x08003cf8                Reset_Handler
 .text.Default_Handler
                0x08003d40        0x2 build/startup_stm32f103xb.o
                0x08003d40                RTC_Alarm_IRQHandler
                0x08003d40                EXTI2_IRQHandler
                0x08003d40                TIM1_CC_IRQHandler
                0x08003d40                PVD_IRQHandler
                0x08003d40                EXTI3_IRQHandler
                0x08003d40                EXTI0_IRQHandler
                0x08003d40                I2C2_EV_IRQHandler
                0x08003d40                ADC1_2_IRQHandler
                0x08003d40                SPI1_IRQHandler
                0x08003d40                TAMPER_IRQHandler
                0x08003d40                DMA1_Channel4_IRQHandler
                0x08003d40                USART3_IRQHandler
                0x08003d40                RTC_IRQHandler
                0x08003d40                DMA1_Channel7_IRQHandler
                0x08003d40                CAN1_RX1_IRQHandler
                0x08003d40                TIM4_IRQHandler
                0x08003d40                I2C1_EV_IRQHandler
                0x08003d40                DMA1_Channel6_IRQHandler
                0x08003d40                TIM3_IRQHandler
                0x08003d40                RCC_IRQHandler
                0x08003d40                TIM1_TRG_COM_IRQHandler
                0x08003d40                DMA1_Channel1_IRQHandler
                0x08003d40                Default_Handler
                0x08003d40                EXTI9_5_IRQHandler
                0x08003d40                SPI2_IRQHandler
                0x08003d40                DMA1_Channel5_IRQHandler
                0x08003d40                EXTI4_IRQHandler
                0x08003d40                USB_LP_CAN1_RX0_IRQHandler
                0x08003d40                USB_HP_CAN1_TX_IRQHandler
                0x08003d40                DMA1_Channel3_IRQHandler
                0x08003d40                TIM1_UP_IRQHandler
                0x08003d40                WWDG_IRQHandler
                0x08003d40                TIM2_IRQHandler
                0x08003d40                TIM1_BRK_IRQHandler
                0x08003d40                EXTI1_IRQHandler
                0x08003d40                I2C2_ER_IRQHandler
                0x08003d40                DMA1_Channel2_IRQHandler
                0x08003d40                CAN1_SCE_IRQHandler
                0x08003d40                FLASH_IRQHandler
                0x08003d40                USART1_IRQHandler
                0x08003d40                I2C1_ER_IRQHandler
                0x08003d40                USBWakeUp_IRQHandler
 *fill*         0x08003d42        0x2 
 .text.__libc_init_array
                0x08003d44       0x48 e:/project/program/vscode/tools/gcc-arm-none-eabi-10.3-2021.10/bin/../lib/gcc/arm-none-eabi/10.3.1/../../../../arm-none-eabi/lib/thumb/v7-m/nofp\libc_nano.a(lib_a-init.o)
                0x08003d44                __libc_init_array
 .text.memset   0x08003d8c       0x10 e:/project/program/vscode/tools/gcc-arm-none-eabi-10.3-2021.10/bin/../lib/gcc/arm-none-eabi/10.3.1/../../../../arm-none-eabi/lib/thumb/v7-m/nofp\libc_nano.a(lib_a-memset.o)
                0x08003d8c                memset
 .text.__cvt    0x08003d9c       0xbe e:/project/program/vscode/tools/gcc-arm-none-eabi-10.3-2021.10/bin/../lib/gcc/arm-none-eabi/10.3.1/../../../../arm-none-eabi/lib/thumb/v7-m/nofp\libc_nano.a(lib_a-nano-vfprintf_float.o)
                0x08003d9c                __cvt
 .text.__exponent
                0x08003e5a       0x7c e:/project/program/vscode/tools/gcc-arm-none-eabi-10.3-2021.10/bin/../lib/gcc/arm-none-eabi/10.3.1/../../../../arm-none-eabi/lib/thumb/v7-m/nofp\libc_nano.a(lib_a-nano-vfprintf_float.o)
                0x08003e5a                __exponent
 *fill*         0x08003ed6        0x2 
 .text._printf_float
                0x08003ed8      0x458 e:/project/program/vscode/tools/gcc-arm-none-eabi-10.3-2021.10/bin/../lib/gcc/arm-none-eabi/10.3.1/../../../../arm-none-eabi/lib/thumb/v7-m/nofp\libc_nano.a(lib_a-nano-vfprintf_float.o)
                0x08003ed8                _printf_float
 .text._printf_common
                0x08004330       0xde e:/project/program/vscode/tools/gcc-arm-none-eabi-10.3-2021.10/bin/../lib/gcc/arm-none-eabi/10.3.1/../../../../arm-none-eabi/lib/thumb/v7-m/nofp\libc_nano.a(lib_a-nano-vfprintf_i.o)
                0x08004330                _printf_common
 *fill*         0x0800440e        0x2 
 .text._printf_i
                0x08004410      0x24c e:/project/program/vscode/tools/gcc-arm-none-eabi-10.3-2021.10/bin/../lib/gcc/arm-none-eabi/10.3.1/../../../../arm-none-eabi/lib/thumb/v7-m/nofp\libc_nano.a(lib_a-nano-vfprintf_i.o)
                0x08004410                _printf_i
 .text._scanf_float
                0x0800465c      0x41c e:/project/program/vscode/tools/gcc-arm-none-eabi-10.3-2021.10/bin/../lib/gcc/arm-none-eabi/10.3.1/../../../../arm-none-eabi/lib/thumb/v7-m/nofp\libc_nano.a(lib_a-nano-vfscanf_float.o)
                0x0800465c                _scanf_float
 .text.nanf     0x08004a78        0x8 e:/project/program/vscode/tools/gcc-arm-none-eabi-10.3-2021.10/bin/../lib/gcc/arm-none-eabi/10.3.1/../../../../arm-none-eabi/lib/thumb/v7-m/nofp\libc_nano.a(lib_a-sf_nan.o)
                0x08004a78                nanf
 .text.sprintf  0x08004a80       0x40 e:/project/program/vscode/tools/gcc-arm-none-eabi-10.3-2021.10/bin/../lib/gcc/arm-none-eabi/10.3.1/../../../../arm-none-eabi/lib/thumb/v7-m/nofp\libc_nano.a(lib_a-sprintf.o)
                0x08004a80                siprintf
                0x08004a80                sprintf
 .text.sscanf   0x08004ac0       0x54 e:/project/program/vscode/tools/gcc-arm-none-eabi-10.3-2021.10/bin/../lib/gcc/arm-none-eabi/10.3.1/../../../../arm-none-eabi/lib/thumb/v7-m/nofp\libc_nano.a(lib_a-sscanf.o)
                0x08004ac0                siscanf
                0x08004ac0                sscanf
 .text.__sread  0x08004b14       0x22 e:/project/program/vscode/tools/gcc-arm-none-eabi-10.3-2021.10/bin/../lib/gcc/arm-none-eabi/10.3.1/../../../../arm-none-eabi/lib/thumb/v7-m/nofp\libc_nano.a(lib_a-stdio.o)
                0x08004b14                __sread
 .text.__seofread
                0x08004b36        0x4 e:/project/program/vscode/tools/gcc-arm-none-eabi-10.3-2021.10/bin/../lib/gcc/arm-none-eabi/10.3.1/../../../../arm-none-eabi/lib/thumb/v7-m/nofp\libc_nano.a(lib_a-stdio.o)
                0x08004b36                __seofread
 .text.__swrite
                0x08004b3a       0x38 e:/project/program/vscode/tools/gcc-arm-none-eabi-10.3-2021.10/bin/../lib/gcc/arm-none-eabi/10.3.1/../../../../arm-none-eabi/lib/thumb/v7-m/nofp\libc_nano.a(lib_a-stdio.o)
                0x08004b3a                __swrite
 .text.__sseek  0x08004b72       0x24 e:/project/program/vscode/tools/gcc-arm-none-eabi-10.3-2021.10/bin/../lib/gcc/arm-none-eabi/10.3.1/../../../../arm-none-eabi/lib/thumb/v7-m/nofp\libc_nano.a(lib_a-stdio.o)
                0x08004b72                __sseek
 .text.__sclose
                0x08004b96        0x8 e:/project/program/vscode/tools/gcc-arm-none-eabi-10.3-2021.10/bin/../lib/gcc/arm-none-eabi/10.3.1/../../../../arm-none-eabi/lib/thumb/v7-m/nofp\libc_nano.a(lib_a-stdio.o)
                0x08004b96                __sclose
 .text.sulp     0x08004b9e       0x42 e:/project/program/vscode/tools/gcc-arm-none-eabi-10.3-2021.10/bin/../lib/gcc/arm-none-eabi/10.3.1/../../../../arm-none-eabi/lib/thumb/v7-m/nofp\libc_nano.a(lib_a-strtod.o)
 .text._strtod_l
                0x08004be0      0xbd0 e:/project/program/vscode/tools/gcc-arm-none-eabi-10.3-2021.10/bin/../lib/gcc/arm-none-eabi/10.3.1/../../../../arm-none-eabi/lib/thumb/v7-m/nofp\libc_nano.a(lib_a-strtod.o)
                0x08004be0                _strtod_l
 .text._strtod_r
                0x080057b0        0xc e:/project/program/vscode/tools/gcc-arm-none-eabi-10.3-2021.10/bin/../lib/gcc/arm-none-eabi/10.3.1/../../../../arm-none-eabi/lib/thumb/v7-m/nofp\libc_nano.a(lib_a-strtod.o)
                0x080057b0                _strtod_r
 .text._strtol_l.constprop.0
                0x080057bc       0xf8 e:/project/program/vscode/tools/gcc-arm-none-eabi-10.3-2021.10/bin/../lib/gcc/arm-none-eabi/10.3.1/../../../../arm-none-eabi/lib/thumb/v7-m/nofp\libc_nano.a(lib_a-strtol.o)
 .text._strtol_r
                0x080058b4        0x4 e:/project/program/vscode/tools/gcc-arm-none-eabi-10.3-2021.10/bin/../lib/gcc/arm-none-eabi/10.3.1/../../../../arm-none-eabi/lib/thumb/v7-m/nofp\libc_nano.a(lib_a-strtol.o)
                0x080058b4                _strtol_r
 .text._write_r
                0x080058b8       0x24 e:/project/program/vscode/tools/gcc-arm-none-eabi-10.3-2021.10/bin/../lib/gcc/arm-none-eabi/10.3.1/../../../../arm-none-eabi/lib/thumb/v7-m/nofp\libc_nano.a(lib_a-writer.o)
                0x080058b8                _write_r
 .text._close_r
                0x080058dc       0x20 e:/project/program/vscode/tools/gcc-arm-none-eabi-10.3-2021.10/bin/../lib/gcc/arm-none-eabi/10.3.1/../../../../arm-none-eabi/lib/thumb/v7-m/nofp\libc_nano.a(lib_a-closer.o)
                0x080058dc                _close_r
 .text.quorem   0x080058fc      0x118 e:/project/program/vscode/tools/gcc-arm-none-eabi-10.3-2021.10/bin/../lib/gcc/arm-none-eabi/10.3.1/../../../../arm-none-eabi/lib/thumb/v7-m/nofp\libc_nano.a(lib_a-dtoa.o)
 *fill*         0x08005a14        0x4 
 .text._dtoa_r  0x08005a18      0xbdc e:/project/program/vscode/tools/gcc-arm-none-eabi-10.3-2021.10/bin/../lib/gcc/arm-none-eabi/10.3.1/../../../../arm-none-eabi/lib/thumb/v7-m/nofp\libc_nano.a(lib_a-dtoa.o)
                0x08005a18                _dtoa_r
 .text.__errno  0x080065f4        0xc e:/project/program/vscode/tools/gcc-arm-none-eabi-10.3-2021.10/bin/../lib/gcc/arm-none-eabi/10.3.1/../../../../arm-none-eabi/lib/thumb/v7-m/nofp\libc_nano.a(lib_a-errno.o)
                0x080065f4                __errno
 .text.rshift   0x08006600       0xa6 e:/project/program/vscode/tools/gcc-arm-none-eabi-10.3-2021.10/bin/../lib/gcc/arm-none-eabi/10.3.1/../../../../arm-none-eabi/lib/thumb/v7-m/nofp\libc_nano.a(lib_a-gdtoa-gethex.o)
 .text.__hexdig_fun
                0x080066a6       0x2a e:/project/program/vscode/tools/gcc-arm-none-eabi-10.3-2021.10/bin/../lib/gcc/arm-none-eabi/10.3.1/../../../../arm-none-eabi/lib/thumb/v7-m/nofp\libc_nano.a(lib_a-gdtoa-gethex.o)
                0x080066a6                __hexdig_fun
 .text.__gethex
                0x080066d0      0x478 e:/project/program/vscode/tools/gcc-arm-none-eabi-10.3-2021.10/bin/../lib/gcc/arm-none-eabi/10.3.1/../../../../arm-none-eabi/lib/thumb/v7-m/nofp\libc_nano.a(lib_a-gdtoa-gethex.o)
                0x080066d0                __gethex
 .text.L_shift  0x08006b48       0x24 e:/project/program/vscode/tools/gcc-arm-none-eabi-10.3-2021.10/bin/../lib/gcc/arm-none-eabi/10.3.1/../../../../arm-none-eabi/lib/thumb/v7-m/nofp\libc_nano.a(lib_a-gdtoa-hexnan.o)
 .text.__match  0x08006b6c       0x28 e:/project/program/vscode/tools/gcc-arm-none-eabi-10.3-2021.10/bin/../lib/gcc/arm-none-eabi/10.3.1/../../../../arm-none-eabi/lib/thumb/v7-m/nofp\libc_nano.a(lib_a-gdtoa-hexnan.o)
                0x08006b6c                __match
 .text.__hexnan
                0x08006b94      0x138 e:/project/program/vscode/tools/gcc-arm-none-eabi-10.3-2021.10/bin/../lib/gcc/arm-none-eabi/10.3.1/../../../../arm-none-eabi/lib/thumb/v7-m/nofp\libc_nano.a(lib_a-gdtoa-hexnan.o)
                0x08006b94                __hexnan
 .text._localeconv_r
                0x08006ccc        0x8 e:/project/program/vscode/tools/gcc-arm-none-eabi-10.3-2021.10/bin/../lib/gcc/arm-none-eabi/10.3.1/../../../../arm-none-eabi/lib/thumb/v7-m/nofp\libc_nano.a(lib_a-localeconv.o)
                0x08006ccc                _localeconv_r
 .text._lseek_r
                0x08006cd4       0x24 e:/project/program/vscode/tools/gcc-arm-none-eabi-10.3-2021.10/bin/../lib/gcc/arm-none-eabi/10.3.1/../../../../arm-none-eabi/lib/thumb/v7-m/nofp\libc_nano.a(lib_a-lseekr.o)
                0x08006cd4                _lseek_r
 .text.malloc   0x08006cf8       0x10 e:/project/program/vscode/tools/gcc-arm-none-eabi-10.3-2021.10/bin/../lib/gcc/arm-none-eabi/10.3.1/../../../../arm-none-eabi/lib/thumb/v7-m/nofp\libc_nano.a(lib_a-malloc.o)
                0x08006cf8                malloc
 .text.__ascii_mbtowc
                0x08006d08       0x24 e:/project/program/vscode/tools/gcc-arm-none-eabi-10.3-2021.10/bin/../lib/gcc/arm-none-eabi/10.3.1/../../../../arm-none-eabi/lib/thumb/v7-m/nofp\libc_nano.a(lib_a-mbtowc_r.o)
                0x08006d08                __ascii_mbtowc
 .text.memchr   0x08006d2c       0x1c e:/project/program/vscode/tools/gcc-arm-none-eabi-10.3-2021.10/bin/../lib/gcc/arm-none-eabi/10.3.1/../../../../arm-none-eabi/lib/thumb/v7-m/nofp\libc_nano.a(lib_a-memchr-stub.o)
                0x08006d2c                memchr
 .text.memcpy   0x08006d48       0x1c e:/project/program/vscode/tools/gcc-arm-none-eabi-10.3-2021.10/bin/../lib/gcc/arm-none-eabi/10.3.1/../../../../arm-none-eabi/lib/thumb/v7-m/nofp\libc_nano.a(lib_a-memcpy-stub.o)
                0x08006d48                memcpy
 .text._Balloc  0x08006d64       0x80 e:/project/program/vscode/tools/gcc-arm-none-eabi-10.3-2021.10/bin/../lib/gcc/arm-none-eabi/10.3.1/../../../../arm-none-eabi/lib/thumb/v7-m/nofp\libc_nano.a(lib_a-mprec.o)
                0x08006d64                _Balloc
 .text._Bfree   0x08006de4       0x44 e:/project/program/vscode/tools/gcc-arm-none-eabi-10.3-2021.10/bin/../lib/gcc/arm-none-eabi/10.3.1/../../../../arm-none-eabi/lib/thumb/v7-m/nofp\libc_nano.a(lib_a-mprec.o)
                0x08006de4                _Bfree
 .text.__multadd
                0x08006e28       0x8c e:/project/program/vscode/tools/gcc-arm-none-eabi-10.3-2021.10/bin/../lib/gcc/arm-none-eabi/10.3.1/../../../../arm-none-eabi/lib/thumb/v7-m/nofp\libc_nano.a(lib_a-mprec.o)
                0x08006e28                __multadd
 .text.__s2b    0x08006eb4       0x94 e:/project/program/vscode/tools/gcc-arm-none-eabi-10.3-2021.10/bin/../lib/gcc/arm-none-eabi/10.3.1/../../../../arm-none-eabi/lib/thumb/v7-m/nofp\libc_nano.a(lib_a-mprec.o)
                0x08006eb4                __s2b
 .text.__hi0bits
                0x08006f48       0x40 e:/project/program/vscode/tools/gcc-arm-none-eabi-10.3-2021.10/bin/../lib/gcc/arm-none-eabi/10.3.1/../../../../arm-none-eabi/lib/thumb/v7-m/nofp\libc_nano.a(lib_a-mprec.o)
                0x08006f48                __hi0bits
 .text.__lo0bits
                0x08006f88       0x5a e:/project/program/vscode/tools/gcc-arm-none-eabi-10.3-2021.10/bin/../lib/gcc/arm-none-eabi/10.3.1/../../../../arm-none-eabi/lib/thumb/v7-m/nofp\libc_nano.a(lib_a-mprec.o)
                0x08006f88                __lo0bits
 *fill*         0x08006fe2        0x2 
 .text.__i2b    0x08006fe4       0x2c e:/project/program/vscode/tools/gcc-arm-none-eabi-10.3-2021.10/bin/../lib/gcc/arm-none-eabi/10.3.1/../../../../arm-none-eabi/lib/thumb/v7-m/nofp\libc_nano.a(lib_a-mprec.o)
                0x08006fe4                __i2b
 .text.__multiply
                0x08007010      0x150 e:/project/program/vscode/tools/gcc-arm-none-eabi-10.3-2021.10/bin/../lib/gcc/arm-none-eabi/10.3.1/../../../../arm-none-eabi/lib/thumb/v7-m/nofp\libc_nano.a(lib_a-mprec.o)
                0x08007010                __multiply
 .text.__pow5mult
                0x08007160       0xb4 e:/project/program/vscode/tools/gcc-arm-none-eabi-10.3-2021.10/bin/../lib/gcc/arm-none-eabi/10.3.1/../../../../arm-none-eabi/lib/thumb/v7-m/nofp\libc_nano.a(lib_a-mprec.o)
                0x08007160                __pow5mult
 .text.__lshift
                0x08007214       0xe0 e:/project/program/vscode/tools/gcc-arm-none-eabi-10.3-2021.10/bin/../lib/gcc/arm-none-eabi/10.3.1/../../../../arm-none-eabi/lib/thumb/v7-m/nofp\libc_nano.a(lib_a-mprec.o)
                0x08007214                __lshift
 .text.__mcmp   0x080072f4       0x36 e:/project/program/vscode/tools/gcc-arm-none-eabi-10.3-2021.10/bin/../lib/gcc/arm-none-eabi/10.3.1/../../../../arm-none-eabi/lib/thumb/v7-m/nofp\libc_nano.a(lib_a-mprec.o)
                0x080072f4                __mcmp
 *fill*         0x0800732a        0x2 
 .text.__mdiff  0x0800732c      0x118 e:/project/program/vscode/tools/gcc-arm-none-eabi-10.3-2021.10/bin/../lib/gcc/arm-none-eabi/10.3.1/../../../../arm-none-eabi/lib/thumb/v7-m/nofp\libc_nano.a(lib_a-mprec.o)
                0x0800732c                __mdiff
 .text.__ulp    0x08007444       0x4c e:/project/program/vscode/tools/gcc-arm-none-eabi-10.3-2021.10/bin/../lib/gcc/arm-none-eabi/10.3.1/../../../../arm-none-eabi/lib/thumb/v7-m/nofp\libc_nano.a(lib_a-mprec.o)
                0x08007444                __ulp
 .text.__b2d    0x08007490       0xa8 e:/project/program/vscode/tools/gcc-arm-none-eabi-10.3-2021.10/bin/../lib/gcc/arm-none-eabi/10.3.1/../../../../arm-none-eabi/lib/thumb/v7-m/nofp\libc_nano.a(lib_a-mprec.o)
                0x08007490                __b2d
 .text.__d2b    0x08007538       0xb8 e:/project/program/vscode/tools/gcc-arm-none-eabi-10.3-2021.10/bin/../lib/gcc/arm-none-eabi/10.3.1/../../../../arm-none-eabi/lib/thumb/v7-m/nofp\libc_nano.a(lib_a-mprec.o)
                0x08007538                __d2b
 .text.__ratio  0x080075f0       0x5c e:/project/program/vscode/tools/gcc-arm-none-eabi-10.3-2021.10/bin/../lib/gcc/arm-none-eabi/10.3.1/../../../../arm-none-eabi/lib/thumb/v7-m/nofp\libc_nano.a(lib_a-mprec.o)
                0x080075f0                __ratio
 .text.__copybits
                0x0800764c       0x46 e:/project/program/vscode/tools/gcc-arm-none-eabi-10.3-2021.10/bin/../lib/gcc/arm-none-eabi/10.3.1/../../../../arm-none-eabi/lib/thumb/v7-m/nofp\libc_nano.a(lib_a-mprec.o)
                0x0800764c                __copybits
 .text.__any_on
                0x08007692       0x42 e:/project/program/vscode/tools/gcc-arm-none-eabi-10.3-2021.10/bin/../lib/gcc/arm-none-eabi/10.3.1/../../../../arm-none-eabi/lib/thumb/v7-m/nofp\libc_nano.a(lib_a-mprec.o)
                0x08007692                __any_on
 .text._calloc_r
                0x080076d4       0x28 e:/project/program/vscode/tools/gcc-arm-none-eabi-10.3-2021.10/bin/../lib/gcc/arm-none-eabi/10.3.1/../../../../arm-none-eabi/lib/thumb/v7-m/nofp\libc_nano.a(lib_a-nano-callocr.o)
                0x080076d4                _calloc_r
 .text._free_r  0x080076fc       0x90 e:/project/program/vscode/tools/gcc-arm-none-eabi-10.3-2021.10/bin/../lib/gcc/arm-none-eabi/10.3.1/../../../../arm-none-eabi/lib/thumb/v7-m/nofp\libc_nano.a(lib_a-nano-freer.o)
                0x080076fc                _free_r
 .text.sbrk_aligned
                0x0800778c       0x40 e:/project/program/vscode/tools/gcc-arm-none-eabi-10.3-2021.10/bin/../lib/gcc/arm-none-eabi/10.3.1/../../../../arm-none-eabi/lib/thumb/v7-m/nofp\libc_nano.a(lib_a-nano-mallocr.o)
 .text._malloc_r
                0x080077cc       0xe8 e:/project/program/vscode/tools/gcc-arm-none-eabi-10.3-2021.10/bin/../lib/gcc/arm-none-eabi/10.3.1/../../../../arm-none-eabi/lib/thumb/v7-m/nofp\libc_nano.a(lib_a-nano-mallocr.o)
                0x080077cc                _malloc_r
 .text.__ssputs_r
                0x080078b4       0xb6 e:/project/program/vscode/tools/gcc-arm-none-eabi-10.3-2021.10/bin/../lib/gcc/arm-none-eabi/10.3.1/../../../../arm-none-eabi/lib/thumb/v7-m/nofp\libc_nano.a(lib_a-nano-svfprintf.o)
                0x080078b4                __ssputs_r
 *fill*         0x0800796a        0x2 
 .text._svfprintf_r
                0x0800796c      0x200 e:/project/program/vscode/tools/gcc-arm-none-eabi-10.3-2021.10/bin/../lib/gcc/arm-none-eabi/10.3.1/../../../../arm-none-eabi/lib/thumb/v7-m/nofp\libc_nano.a(lib_a-nano-svfprintf.o)
                0x0800796c                _svfiprintf_r
                0x0800796c                _svfprintf_r
 .text._sungetc_r
                0x08007b6c       0x7a e:/project/program/vscode/tools/gcc-arm-none-eabi-10.3-2021.10/bin/../lib/gcc/arm-none-eabi/10.3.1/../../../../arm-none-eabi/lib/thumb/v7-m/nofp\libc_nano.a(lib_a-nano-svfscanf.o)
                0x08007b6c                _sungetc_r
 .text.__ssrefill_r
                0x08007be6       0x3a e:/project/program/vscode/tools/gcc-arm-none-eabi-10.3-2021.10/bin/../lib/gcc/arm-none-eabi/10.3.1/../../../../arm-none-eabi/lib/thumb/v7-m/nofp\libc_nano.a(lib_a-nano-svfscanf.o)
                0x08007be6                __ssrefill_r
 .text.__ssvfscanf_r
                0x08007c20      0x2f4 e:/project/program/vscode/tools/gcc-arm-none-eabi-10.3-2021.10/bin/../lib/gcc/arm-none-eabi/10.3.1/../../../../arm-none-eabi/lib/thumb/v7-m/nofp\libc_nano.a(lib_a-nano-svfscanf.o)
                0x08007c20                __ssvfiscanf_r
                0x08007c20                __ssvfscanf_r
 .text._scanf_chars
                0x08007f14       0xb4 e:/project/program/vscode/tools/gcc-arm-none-eabi-10.3-2021.10/bin/../lib/gcc/arm-none-eabi/10.3.1/../../../../arm-none-eabi/lib/thumb/v7-m/nofp\libc_nano.a(lib_a-nano-vfscanf_i.o)
                0x08007f14                _scanf_chars
 .text._scanf_i
                0x08007fc8      0x1f0 e:/project/program/vscode/tools/gcc-arm-none-eabi-10.3-2021.10/bin/../lib/gcc/arm-none-eabi/10.3.1/../../../../arm-none-eabi/lib/thumb/v7-m/nofp\libc_nano.a(lib_a-nano-vfscanf_i.o)
                0x08007fc8                _scanf_i
 .text._read_r  0x080081b8       0x24 e:/project/program/vscode/tools/gcc-arm-none-eabi-10.3-2021.10/bin/../lib/gcc/arm-none-eabi/10.3.1/../../../../arm-none-eabi/lib/thumb/v7-m/nofp\libc_nano.a(lib_a-readr.o)
                0x080081b8                _read_r
 .text.nan      0x080081dc        0xc e:/project/program/vscode/tools/gcc-arm-none-eabi-10.3-2021.10/bin/../lib/gcc/arm-none-eabi/10.3.1/../../../../arm-none-eabi/lib/thumb/v7-m/nofp\libc_nano.a(lib_a-s_nan.o)
                0x080081dc                nan
 .text._sbrk_r  0x080081e8       0x20 e:/project/program/vscode/tools/gcc-arm-none-eabi-10.3-2021.10/bin/../lib/gcc/arm-none-eabi/10.3.1/../../../../arm-none-eabi/lib/thumb/v7-m/nofp\libc_nano.a(lib_a-sbrkr.o)
                0x080081e8                _sbrk_r
 .text.__sccl   0x08008208       0x70 e:/project/program/vscode/tools/gcc-arm-none-eabi-10.3-2021.10/bin/../lib/gcc/arm-none-eabi/10.3.1/../../../../arm-none-eabi/lib/thumb/v7-m/nofp\libc_nano.a(lib_a-sccl.o)
                0x08008208                __sccl
 .text.strncmp  0x08008278       0x28 e:/project/program/vscode/tools/gcc-arm-none-eabi-10.3-2021.10/bin/../lib/gcc/arm-none-eabi/10.3.1/../../../../arm-none-eabi/lib/thumb/v7-m/nofp\libc_nano.a(lib_a-strncmp.o)
                0x08008278                strncmp
 .text._strtoul_l.constprop.0
                0x080082a0       0xe4 e:/project/program/vscode/tools/gcc-arm-none-eabi-10.3-2021.10/bin/../lib/gcc/arm-none-eabi/10.3.1/../../../../arm-none-eabi/lib/thumb/v7-m/nofp\libc_nano.a(lib_a-strtoul.o)
 .text._strtoul_r
                0x08008384        0x4 e:/project/program/vscode/tools/gcc-arm-none-eabi-10.3-2021.10/bin/../lib/gcc/arm-none-eabi/10.3.1/../../../../arm-none-eabi/lib/thumb/v7-m/nofp\libc_nano.a(lib_a-strtoul.o)
                0x08008384                _strtoul_r
 .text.__submore
                0x08008388       0x70 e:/project/program/vscode/tools/gcc-arm-none-eabi-10.3-2021.10/bin/../lib/gcc/arm-none-eabi/10.3.1/../../../../arm-none-eabi/lib/thumb/v7-m/nofp\libc_nano.a(lib_a-ungetc.o)
                0x08008388                __submore
 .text.__ascii_wctomb
                0x080083f8       0x1a e:/project/program/vscode/tools/gcc-arm-none-eabi-10.3-2021.10/bin/../lib/gcc/arm-none-eabi/10.3.1/../../../../arm-none-eabi/lib/thumb/v7-m/nofp\libc_nano.a(lib_a-wctomb_r.o)
                0x080083f8                __ascii_wctomb
 *fill*         0x08008412        0x2 
 .text.__assert_func
                0x08008414       0x3c e:/project/program/vscode/tools/gcc-arm-none-eabi-10.3-2021.10/bin/../lib/gcc/arm-none-eabi/10.3.1/../../../../arm-none-eabi/lib/thumb/v7-m/nofp\libc_nano.a(lib_a-assert.o)
                0x08008414                __assert_func
 .text.__sflush_r
                0x08008450      0x104 e:/project/program/vscode/tools/gcc-arm-none-eabi-10.3-2021.10/bin/../lib/gcc/arm-none-eabi/10.3.1/../../../../arm-none-eabi/lib/thumb/v7-m/nofp\libc_nano.a(lib_a-fflush.o)
                0x08008450                __sflush_r
 .text._fflush_r
                0x08008554       0x78 e:/project/program/vscode/tools/gcc-arm-none-eabi-10.3-2021.10/bin/../lib/gcc/arm-none-eabi/10.3.1/../../../../arm-none-eabi/lib/thumb/v7-m/nofp\libc_nano.a(lib_a-fflush.o)
                0x08008554                _fflush_r
 .text.std      0x080085cc       0x48 e:/project/program/vscode/tools/gcc-arm-none-eabi-10.3-2021.10/bin/../lib/gcc/arm-none-eabi/10.3.1/../../../../arm-none-eabi/lib/thumb/v7-m/nofp\libc_nano.a(lib_a-findfp.o)
 .text._cleanup_r
                0x08008614        0xc e:/project/program/vscode/tools/gcc-arm-none-eabi-10.3-2021.10/bin/../lib/gcc/arm-none-eabi/10.3.1/../../../../arm-none-eabi/lib/thumb/v7-m/nofp\libc_nano.a(lib_a-findfp.o)
                0x08008614                _cleanup_r
 .text.__sfmoreglue
                0x08008620       0x2c e:/project/program/vscode/tools/gcc-arm-none-eabi-10.3-2021.10/bin/../lib/gcc/arm-none-eabi/10.3.1/../../../../arm-none-eabi/lib/thumb/v7-m/nofp\libc_nano.a(lib_a-findfp.o)
                0x08008620                __sfmoreglue
 .text.__sfp_lock_acquire
                0x0800864c        0xc e:/project/program/vscode/tools/gcc-arm-none-eabi-10.3-2021.10/bin/../lib/gcc/arm-none-eabi/10.3.1/../../../../arm-none-eabi/lib/thumb/v7-m/nofp\libc_nano.a(lib_a-findfp.o)
                0x0800864c                __sfp_lock_acquire
 .text.__sfp_lock_release
                0x08008658        0xc e:/project/program/vscode/tools/gcc-arm-none-eabi-10.3-2021.10/bin/../lib/gcc/arm-none-eabi/10.3.1/../../../../arm-none-eabi/lib/thumb/v7-m/nofp\libc_nano.a(lib_a-findfp.o)
                0x08008658                __sfp_lock_release
 .text.__sinit_lock_acquire
                0x08008664        0xc e:/project/program/vscode/tools/gcc-arm-none-eabi-10.3-2021.10/bin/../lib/gcc/arm-none-eabi/10.3.1/../../../../arm-none-eabi/lib/thumb/v7-m/nofp\libc_nano.a(lib_a-findfp.o)
                0x08008664                __sinit_lock_acquire
 .text.__sinit_lock_release
                0x08008670        0xc e:/project/program/vscode/tools/gcc-arm-none-eabi-10.3-2021.10/bin/../lib/gcc/arm-none-eabi/10.3.1/../../../../arm-none-eabi/lib/thumb/v7-m/nofp\libc_nano.a(lib_a-findfp.o)
                0x08008670                __sinit_lock_release
 .text.__sinit  0x0800867c       0x70 e:/project/program/vscode/tools/gcc-arm-none-eabi-10.3-2021.10/bin/../lib/gcc/arm-none-eabi/10.3.1/../../../../arm-none-eabi/lib/thumb/v7-m/nofp\libc_nano.a(lib_a-findfp.o)
                0x0800867c                __sinit
 .text.__sfp    0x080086ec       0x8c e:/project/program/vscode/tools/gcc-arm-none-eabi-10.3-2021.10/bin/../lib/gcc/arm-none-eabi/10.3.1/../../../../arm-none-eabi/lib/thumb/v7-m/nofp\libc_nano.a(lib_a-findfp.o)
                0x080086ec                __sfp
 .text.fprintf  0x08008778       0x24 e:/project/program/vscode/tools/gcc-arm-none-eabi-10.3-2021.10/bin/../lib/gcc/arm-none-eabi/10.3.1/../../../../arm-none-eabi/lib/thumb/v7-m/nofp\libc_nano.a(lib_a-fprintf.o)
                0x08008778                fiprintf
                0x08008778                fprintf
 .text._fwalk_reent
                0x0800879c       0x3e e:/project/program/vscode/tools/gcc-arm-none-eabi-10.3-2021.10/bin/../lib/gcc/arm-none-eabi/10.3.1/../../../../arm-none-eabi/lib/thumb/v7-m/nofp\libc_nano.a(lib_a-fwalk.o)
                0x0800879c                _fwalk_reent
 .text.__retarget_lock_init_recursive
                0x080087da        0x2 e:/project/program/vscode/tools/gcc-arm-none-eabi-10.3-2021.10/bin/../lib/gcc/arm-none-eabi/10.3.1/../../../../arm-none-eabi/lib/thumb/v7-m/nofp\libc_nano.a(lib_a-lock.o)
                0x080087da                __retarget_lock_init_recursive
 .text.__retarget_lock_acquire_recursive
                0x080087dc        0x2 e:/project/program/vscode/tools/gcc-arm-none-eabi-10.3-2021.10/bin/../lib/gcc/arm-none-eabi/10.3.1/../../../../arm-none-eabi/lib/thumb/v7-m/nofp\libc_nano.a(lib_a-lock.o)
                0x080087dc                __retarget_lock_acquire_recursive
 .text.__retarget_lock_release_recursive
                0x080087de        0x2 e:/project/program/vscode/tools/gcc-arm-none-eabi-10.3-2021.10/bin/../lib/gcc/arm-none-eabi/10.3.1/../../../../arm-none-eabi/lib/thumb/v7-m/nofp\libc_nano.a(lib_a-lock.o)
                0x080087de                __retarget_lock_release_recursive
 .text.memmove  0x080087e0       0x34 e:/project/program/vscode/tools/gcc-arm-none-eabi-10.3-2021.10/bin/../lib/gcc/arm-none-eabi/10.3.1/../../../../arm-none-eabi/lib/thumb/v7-m/nofp\libc_nano.a(lib_a-memmove.o)
                0x080087e0                memmove
 .text.__malloc_lock
                0x08008814        0xc e:/project/program/vscode/tools/gcc-arm-none-eabi-10.3-2021.10/bin/../lib/gcc/arm-none-eabi/10.3.1/../../../../arm-none-eabi/lib/thumb/v7-m/nofp\libc_nano.a(lib_a-mlock.o)
                0x08008814                __malloc_lock
 .text.__malloc_unlock
                0x08008820        0xc e:/project/program/vscode/tools/gcc-arm-none-eabi-10.3-2021.10/bin/../lib/gcc/arm-none-eabi/10.3.1/../../../../arm-none-eabi/lib/thumb/v7-m/nofp\libc_nano.a(lib_a-mlock.o)
                0x08008820                __malloc_unlock
 .text._realloc_r
                0x0800882c       0x5e e:/project/program/vscode/tools/gcc-arm-none-eabi-10.3-2021.10/bin/../lib/gcc/arm-none-eabi/10.3.1/../../../../arm-none-eabi/lib/thumb/v7-m/nofp\libc_nano.a(lib_a-nano-reallocr.o)
                0x0800882c                _realloc_r
 .text.__sfputc_r
                0x0800888a       0x2a e:/project/program/vscode/tools/gcc-arm-none-eabi-10.3-2021.10/bin/../lib/gcc/arm-none-eabi/10.3.1/../../../../arm-none-eabi/lib/thumb/v7-m/nofp\libc_nano.a(lib_a-nano-vfprintf.o)
 .text.__sfputs_r
                0x080088b4       0x24 e:/project/program/vscode/tools/gcc-arm-none-eabi-10.3-2021.10/bin/../lib/gcc/arm-none-eabi/10.3.1/../../../../arm-none-eabi/lib/thumb/v7-m/nofp\libc_nano.a(lib_a-nano-vfprintf.o)
                0x080088b4                __sfputs_r
 .text._vfprintf_r
                0x080088d8      0x260 e:/project/program/vscode/tools/gcc-arm-none-eabi-10.3-2021.10/bin/../lib/gcc/arm-none-eabi/10.3.1/../../../../arm-none-eabi/lib/thumb/v7-m/nofp\libc_nano.a(lib_a-nano-vfprintf.o)
                0x080088d8                _vfprintf_r
                0x080088d8                _vfiprintf_r
 .text.__swbuf_r
                0x08008b38       0xa4 e:/project/program/vscode/tools/gcc-arm-none-eabi-10.3-2021.10/bin/../lib/gcc/arm-none-eabi/10.3.1/../../../../arm-none-eabi/lib/thumb/v7-m/nofp\libc_nano.a(lib_a-wbuf.o)
                0x08008b38                __swbuf_r
 .text.__swsetup_r
                0x08008bdc       0xdc e:/project/program/vscode/tools/gcc-arm-none-eabi-10.3-2021.10/bin/../lib/gcc/arm-none-eabi/10.3.1/../../../../arm-none-eabi/lib/thumb/v7-m/nofp\libc_nano.a(lib_a-wsetup.o)
                0x08008bdc                __swsetup_r
 .text.abort    0x08008cb8        0xe e:/project/program/vscode/tools/gcc-arm-none-eabi-10.3-2021.10/bin/../lib/gcc/arm-none-eabi/10.3.1/../../../../arm-none-eabi/lib/thumb/v7-m/nofp\libc_nano.a(lib_a-abort.o)
                0x08008cb8                abort
 .text.__swhatbuf_r
                0x08008cc6       0x4a e:/project/program/vscode/tools/gcc-arm-none-eabi-10.3-2021.10/bin/../lib/gcc/arm-none-eabi/10.3.1/../../../../arm-none-eabi/lib/thumb/v7-m/nofp\libc_nano.a(lib_a-makebuf.o)
                0x08008cc6                __swhatbuf_r
 .text.__smakebuf_r
                0x08008d10       0x80 e:/project/program/vscode/tools/gcc-arm-none-eabi-10.3-2021.10/bin/../lib/gcc/arm-none-eabi/10.3.1/../../../../arm-none-eabi/lib/thumb/v7-m/nofp\libc_nano.a(lib_a-makebuf.o)
                0x08008d10                __smakebuf_r
 .text._malloc_usable_size_r
                0x08008d90       0x10 e:/project/program/vscode/tools/gcc-arm-none-eabi-10.3-2021.10/bin/../lib/gcc/arm-none-eabi/10.3.1/../../../../arm-none-eabi/lib/thumb/v7-m/nofp\libc_nano.a(lib_a-nano-msizer.o)
                0x08008d90                _malloc_usable_size_r
 .text._raise_r
                0x08008da0       0x50 e:/project/program/vscode/tools/gcc-arm-none-eabi-10.3-2021.10/bin/../lib/gcc/arm-none-eabi/10.3.1/../../../../arm-none-eabi/lib/thumb/v7-m/nofp\libc_nano.a(lib_a-signal.o)
                0x08008da0                _raise_r
 .text.raise    0x08008df0       0x10 e:/project/program/vscode/tools/gcc-arm-none-eabi-10.3-2021.10/bin/../lib/gcc/arm-none-eabi/10.3.1/../../../../arm-none-eabi/lib/thumb/v7-m/nofp\libc_nano.a(lib_a-signal.o)
                0x08008df0                raise
 .text._kill_r  0x08008e00       0x24 e:/project/program/vscode/tools/gcc-arm-none-eabi-10.3-2021.10/bin/../lib/gcc/arm-none-eabi/10.3.1/../../../../arm-none-eabi/lib/thumb/v7-m/nofp\libc_nano.a(lib_a-signalr.o)
                0x08008e00                _kill_r
 .text._getpid_r
                0x08008e24        0x4 e:/project/program/vscode/tools/gcc-arm-none-eabi-10.3-2021.10/bin/../lib/gcc/arm-none-eabi/10.3.1/../../../../arm-none-eabi/lib/thumb/v7-m/nofp\libc_nano.a(lib_a-signalr.o)
                0x08008e24                _getpid_r
 .text._fstat_r
                0x08008e28       0x24 e:/project/program/vscode/tools/gcc-arm-none-eabi-10.3-2021.10/bin/../lib/gcc/arm-none-eabi/10.3.1/../../../../arm-none-eabi/lib/thumb/v7-m/nofp\libc_nano.a(lib_a-fstatr.o)
                0x08008e28                _fstat_r
 .text._isatty_r
                0x08008e4c       0x20 e:/project/program/vscode/tools/gcc-arm-none-eabi-10.3-2021.10/bin/../lib/gcc/arm-none-eabi/10.3.1/../../../../arm-none-eabi/lib/thumb/v7-m/nofp\libc_nano.a(lib_a-isattyr.o)
                0x08008e4c                _isatty_r
 .text.round    0x08008e6c       0x98 e:/project/program/vscode/tools/gcc-arm-none-eabi-10.3-2021.10/bin/../lib/gcc/arm-none-eabi/10.3.1/../../../../arm-none-eabi/lib/thumb/v7-m/nofp\libm.a(lib_a-s_round.o)
                0x08008e6c                round
 .text._close   0x08008f04       0x10 e:/project/program/vscode/tools/gcc-arm-none-eabi-10.3-2021.10/bin/../lib/gcc/arm-none-eabi/10.3.1/../../../../arm-none-eabi/lib/thumb/v7-m/nofp\libnosys.a(close.o)
                0x08008f04                _close
 .text._fstat   0x08008f14       0x10 e:/project/program/vscode/tools/gcc-arm-none-eabi-10.3-2021.10/bin/../lib/gcc/arm-none-eabi/10.3.1/../../../../arm-none-eabi/lib/thumb/v7-m/nofp\libnosys.a(fstat.o)
                0x08008f14                _fstat
 .text._getpid  0x08008f24       0x10 e:/project/program/vscode/tools/gcc-arm-none-eabi-10.3-2021.10/bin/../lib/gcc/arm-none-eabi/10.3.1/../../../../arm-none-eabi/lib/thumb/v7-m/nofp\libnosys.a(getpid.o)
                0x08008f24                _getpid
 .text._isatty  0x08008f34       0x10 e:/project/program/vscode/tools/gcc-arm-none-eabi-10.3-2021.10/bin/../lib/gcc/arm-none-eabi/10.3.1/../../../../arm-none-eabi/lib/thumb/v7-m/nofp\libnosys.a(isatty.o)
                0x08008f34                _isatty
 .text._kill    0x08008f44       0x10 e:/project/program/vscode/tools/gcc-arm-none-eabi-10.3-2021.10/bin/../lib/gcc/arm-none-eabi/10.3.1/../../../../arm-none-eabi/lib/thumb/v7-m/nofp\libnosys.a(kill.o)
                0x08008f44                _kill
 .text._lseek   0x08008f54       0x10 e:/project/program/vscode/tools/gcc-arm-none-eabi-10.3-2021.10/bin/../lib/gcc/arm-none-eabi/10.3.1/../../../../arm-none-eabi/lib/thumb/v7-m/nofp\libnosys.a(lseek.o)
                0x08008f54                _lseek
 .text._read    0x08008f64       0x10 e:/project/program/vscode/tools/gcc-arm-none-eabi-10.3-2021.10/bin/../lib/gcc/arm-none-eabi/10.3.1/../../../../arm-none-eabi/lib/thumb/v7-m/nofp\libnosys.a(read.o)
                0x08008f64                _read
 .text._sbrk    0x08008f74       0x1c e:/project/program/vscode/tools/gcc-arm-none-eabi-10.3-2021.10/bin/../lib/gcc/arm-none-eabi/10.3.1/../../../../arm-none-eabi/lib/thumb/v7-m/nofp\libnosys.a(sbrk.o)
                0x08008f74                _sbrk
 .text._write   0x08008f90       0x10 e:/project/program/vscode/tools/gcc-arm-none-eabi-10.3-2021.10/bin/../lib/gcc/arm-none-eabi/10.3.1/../../../../arm-none-eabi/lib/thumb/v7-m/nofp\libnosys.a(write.o)
                0x08008f90                _write
 .text._exit    0x08008fa0        0x4 e:/project/program/vscode/tools/gcc-arm-none-eabi-10.3-2021.10/bin/../lib/gcc/arm-none-eabi/10.3.1/../../../../arm-none-eabi/lib/thumb/v7-m/nofp\libnosys.a(_exit.o)
                0x08008fa0                _exit
 *(.glue_7)
 .glue_7        0x08008fa4        0x0 linker stubs
 *(.glue_7t)
 .glue_7t       0x08008fa4        0x0 linker stubs
 *(.eh_frame)
 .eh_frame      0x08008fa4        0x0 e:/project/program/vscode/tools/gcc-arm-none-eabi-10.3-2021.10/bin/../lib/gcc/arm-none-eabi/10.3.1/thumb/v7-m/nofp/crtbegin.o
 *(.init)
 .init          0x08008fa4        0x4 e:/project/program/vscode/tools/gcc-arm-none-eabi-10.3-2021.10/bin/../lib/gcc/arm-none-eabi/10.3.1/thumb/v7-m/nofp/crti.o
                0x08008fa4                _init
 .init          0x08008fa8        0x8 e:/project/program/vscode/tools/gcc-arm-none-eabi-10.3-2021.10/bin/../lib/gcc/arm-none-eabi/10.3.1/thumb/v7-m/nofp/crtn.o
 *(.fini)
 .fini          0x08008fb0        0x4 e:/project/program/vscode/tools/gcc-arm-none-eabi-10.3-2021.10/bin/../lib/gcc/arm-none-eabi/10.3.1/thumb/v7-m/nofp/crti.o
                0x08008fb0                _fini
 .fini          0x08008fb4        0x8 e:/project/program/vscode/tools/gcc-arm-none-eabi-10.3-2021.10/bin/../lib/gcc/arm-none-eabi/10.3.1/thumb/v7-m/nofp/crtn.o
                0x08008fbc                . = ALIGN (0x4)
                0x08008fbc                _etext = .

.vfp11_veneer   0x08008fbc        0x0
 .vfp11_veneer  0x08008fbc        0x0 linker stubs

.v4_bx          0x08008fbc        0x0
 .v4_bx         0x08008fbc        0x0 linker stubs

.iplt           0x08008fbc        0x0
 .iplt          0x08008fbc        0x0 e:/project/program/vscode/tools/gcc-arm-none-eabi-10.3-2021.10/bin/../lib/gcc/arm-none-eabi/10.3.1/thumb/v7-m/nofp/crtbegin.o

.rodata         0x08008fc0      0x584
                0x08008fc0                . = ALIGN (0x4)
 *(.rodata)
 .rodata        0x08008fc0        0xc e:/project/program/vscode/tools/gcc-arm-none-eabi-10.3-2021.10/bin/../lib/gcc/arm-none-eabi/10.3.1/../../../../arm-none-eabi/lib/thumb/v7-m/nofp\libc_nano.a(lib_a-nano-vfscanf_i.o)
 *(.rodata*)
 .rodata.main.str1.4
                0x08008fcc       0x16 build/main.o
 *fill*         0x08008fe2        0x2 
 .rodata.HAL_RCC_GetSysClockFreq.str1.4
                0x08008fe4       0x11 build/stm32f1xx_hal_rcc.o
 *fill*         0x08008ff5        0x3 
 .rodata.AHBPrescTable
                0x08008ff8       0x10 build/system_stm32f1xx.o
                0x08008ff8                AHBPrescTable
 .rodata.APBPrescTable
                0x08009008        0x8 build/system_stm32f1xx.o
                0x08009008                APBPrescTable
 .rodata.ProcessData.str1.4
                0x08009010       0x10 build/MotorControl.o
 .rodata._global_impure_ptr
                0x08009020        0x4 e:/project/program/vscode/tools/gcc-arm-none-eabi-10.3-2021.10/bin/../lib/gcc/arm-none-eabi/10.3.1/../../../../arm-none-eabi/lib/thumb/v7-m/nofp\libc_nano.a(lib_a-impure.o)
                0x08009020                _global_impure_ptr
 .rodata._printf_float.str1.1
                0x08009024       0x10 e:/project/program/vscode/tools/gcc-arm-none-eabi-10.3-2021.10/bin/../lib/gcc/arm-none-eabi/10.3.1/../../../../arm-none-eabi/lib/thumb/v7-m/nofp\libc_nano.a(lib_a-nano-vfprintf_float.o)
                                 0x12 (size before relaxing)
 .rodata._printf_i.str1.1
                0x08009034       0x22 e:/project/program/vscode/tools/gcc-arm-none-eabi-10.3-2021.10/bin/../lib/gcc/arm-none-eabi/10.3.1/../../../../arm-none-eabi/lib/thumb/v7-m/nofp\libc_nano.a(lib_a-nano-vfprintf_i.o)
 .rodata._scanf_float.str1.1
                0x08009056        0x5 e:/project/program/vscode/tools/gcc-arm-none-eabi-10.3-2021.10/bin/../lib/gcc/arm-none-eabi/10.3.1/../../../../arm-none-eabi/lib/thumb/v7-m/nofp\libc_nano.a(lib_a-nano-vfscanf_float.o)
                                  0x6 (size before relaxing)
 .rodata._strtod_l.str1.1
                0x0800905b        0x5 e:/project/program/vscode/tools/gcc-arm-none-eabi-10.3-2021.10/bin/../lib/gcc/arm-none-eabi/10.3.1/../../../../arm-none-eabi/lib/thumb/v7-m/nofp\libc_nano.a(lib_a-strtod.o)
                                  0xd (size before relaxing)
 *fill*         0x0800905b        0x1 
 .rodata.fpi.1  0x0800905c       0x14 e:/project/program/vscode/tools/gcc-arm-none-eabi-10.3-2021.10/bin/../lib/gcc/arm-none-eabi/10.3.1/../../../../arm-none-eabi/lib/thumb/v7-m/nofp\libc_nano.a(lib_a-strtod.o)
 .rodata.fpinan.0
                0x08009070       0x14 e:/project/program/vscode/tools/gcc-arm-none-eabi-10.3-2021.10/bin/../lib/gcc/arm-none-eabi/10.3.1/../../../../arm-none-eabi/lib/thumb/v7-m/nofp\libc_nano.a(lib_a-strtod.o)
 *fill*         0x08009084        0x4 
 .rodata.tinytens
                0x08009088       0x28 e:/project/program/vscode/tools/gcc-arm-none-eabi-10.3-2021.10/bin/../lib/gcc/arm-none-eabi/10.3.1/../../../../arm-none-eabi/lib/thumb/v7-m/nofp\libc_nano.a(lib_a-strtod.o)
 .rodata._ctype_
                0x080090b0      0x101 e:/project/program/vscode/tools/gcc-arm-none-eabi-10.3-2021.10/bin/../lib/gcc/arm-none-eabi/10.3.1/../../../../arm-none-eabi/lib/thumb/v7-m/nofp\libc_nano.a(lib_a-ctype_.o)
                0x080090b0                _ctype_
 .rodata._dtoa_r.str1.1
                0x080091b1       0xb3 e:/project/program/vscode/tools/gcc-arm-none-eabi-10.3-2021.10/bin/../lib/gcc/arm-none-eabi/10.3.1/../../../../arm-none-eabi/lib/thumb/v7-m/nofp\libc_nano.a(lib_a-dtoa.o)
                                 0xb5 (size before relaxing)
 .rodata.__gethex.str1.1
                0x08009264       0x86 e:/project/program/vscode/tools/gcc-arm-none-eabi-10.3-2021.10/bin/../lib/gcc/arm-none-eabi/10.3.1/../../../../arm-none-eabi/lib/thumb/v7-m/nofp\libc_nano.a(lib_a-gdtoa-gethex.o)
                                 0x97 (size before relaxing)
 .rodata.str1.1
                0x080092ea        0x2 e:/project/program/vscode/tools/gcc-arm-none-eabi-10.3-2021.10/bin/../lib/gcc/arm-none-eabi/10.3.1/../../../../arm-none-eabi/lib/thumb/v7-m/nofp\libc_nano.a(lib_a-lnumeric.o)
                                  0x3 (size before relaxing)
 .rodata._C_numeric_locale
                0x080092ec        0xc e:/project/program/vscode/tools/gcc-arm-none-eabi-10.3-2021.10/bin/../lib/gcc/arm-none-eabi/10.3.1/../../../../arm-none-eabi/lib/thumb/v7-m/nofp\libc_nano.a(lib_a-lnumeric.o)
                0x080092ec                _C_numeric_locale
 .rodata._setlocale_r.str1.1
                0x080092f8        0x8 e:/project/program/vscode/tools/gcc-arm-none-eabi-10.3-2021.10/bin/../lib/gcc/arm-none-eabi/10.3.1/../../../../arm-none-eabi/lib/thumb/v7-m/nofp\libc_nano.a(lib_a-locale.o)
                                  0x9 (size before relaxing)
 .rodata.str1.1
                0x08009300        0x2 e:/project/program/vscode/tools/gcc-arm-none-eabi-10.3-2021.10/bin/../lib/gcc/arm-none-eabi/10.3.1/../../../../arm-none-eabi/lib/thumb/v7-m/nofp\libc_nano.a(lib_a-locale.o)
 .rodata._Balloc.str1.1
                0x08009300       0x7f e:/project/program/vscode/tools/gcc-arm-none-eabi-10.3-2021.10/bin/../lib/gcc/arm-none-eabi/10.3.1/../../../../arm-none-eabi/lib/thumb/v7-m/nofp\libc_nano.a(lib_a-mprec.o)
                                 0x96 (size before relaxing)
 .rodata.__multadd.str1.1
                0x0800937f       0x11 e:/project/program/vscode/tools/gcc-arm-none-eabi-10.3-2021.10/bin/../lib/gcc/arm-none-eabi/10.3.1/../../../../arm-none-eabi/lib/thumb/v7-m/nofp\libc_nano.a(lib_a-mprec.o)
 *fill*         0x0800937f        0x1 
 .rodata.__mprec_bigtens
                0x08009380       0x28 e:/project/program/vscode/tools/gcc-arm-none-eabi-10.3-2021.10/bin/../lib/gcc/arm-none-eabi/10.3.1/../../../../arm-none-eabi/lib/thumb/v7-m/nofp\libc_nano.a(lib_a-mprec.o)
                0x08009380                __mprec_bigtens
 .rodata.__mprec_tens
                0x080093a8       0xc8 e:/project/program/vscode/tools/gcc-arm-none-eabi-10.3-2021.10/bin/../lib/gcc/arm-none-eabi/10.3.1/../../../../arm-none-eabi/lib/thumb/v7-m/nofp\libc_nano.a(lib_a-mprec.o)
                0x080093a8                __mprec_tens
 .rodata.p05.0  0x08009470        0xc e:/project/program/vscode/tools/gcc-arm-none-eabi-10.3-2021.10/bin/../lib/gcc/arm-none-eabi/10.3.1/../../../../arm-none-eabi/lib/thumb/v7-m/nofp\libc_nano.a(lib_a-mprec.o)
 .rodata._svfprintf_r.str1.1
                0x0800947c       0x11 e:/project/program/vscode/tools/gcc-arm-none-eabi-10.3-2021.10/bin/../lib/gcc/arm-none-eabi/10.3.1/../../../../arm-none-eabi/lib/thumb/v7-m/nofp\libc_nano.a(lib_a-nano-svfprintf.o)
 .rodata.__ssvfscanf_r.str1.1
                0x0800948d        0x4 e:/project/program/vscode/tools/gcc-arm-none-eabi-10.3-2021.10/bin/../lib/gcc/arm-none-eabi/10.3.1/../../../../arm-none-eabi/lib/thumb/v7-m/nofp\libc_nano.a(lib_a-nano-svfscanf.o)
 .rodata.str1.1
                0x0800948d        0x9 e:/project/program/vscode/tools/gcc-arm-none-eabi-10.3-2021.10/bin/../lib/gcc/arm-none-eabi/10.3.1/../../../../arm-none-eabi/lib/thumb/v7-m/nofp\libc_nano.a(lib_a-nano-vfscanf_i.o)
 .rodata._scanf_i.str1.1
                0x08009496       0x12 e:/project/program/vscode/tools/gcc-arm-none-eabi-10.3-2021.10/bin/../lib/gcc/arm-none-eabi/10.3.1/../../../../arm-none-eabi/lib/thumb/v7-m/nofp\libc_nano.a(lib_a-nano-vfscanf_i.o)
 .rodata.__assert_func.str1.1
                0x080094a8       0x3c e:/project/program/vscode/tools/gcc-arm-none-eabi-10.3-2021.10/bin/../lib/gcc/arm-none-eabi/10.3.1/../../../../arm-none-eabi/lib/thumb/v7-m/nofp\libc_nano.a(lib_a-assert.o)
                                 0x3d (size before relaxing)
 .rodata.__sf_fake_stderr
                0x080094e4       0x20 e:/project/program/vscode/tools/gcc-arm-none-eabi-10.3-2021.10/bin/../lib/gcc/arm-none-eabi/10.3.1/../../../../arm-none-eabi/lib/thumb/v7-m/nofp\libc_nano.a(lib_a-findfp.o)
                0x080094e4                __sf_fake_stderr
 .rodata.__sf_fake_stdin
                0x08009504       0x20 e:/project/program/vscode/tools/gcc-arm-none-eabi-10.3-2021.10/bin/../lib/gcc/arm-none-eabi/10.3.1/../../../../arm-none-eabi/lib/thumb/v7-m/nofp\libc_nano.a(lib_a-findfp.o)
                0x08009504                __sf_fake_stdin
 .rodata.__sf_fake_stdout
                0x08009524       0x20 e:/project/program/vscode/tools/gcc-arm-none-eabi-10.3-2021.10/bin/../lib/gcc/arm-none-eabi/10.3.1/../../../../arm-none-eabi/lib/thumb/v7-m/nofp\libc_nano.a(lib_a-findfp.o)
                0x08009524                __sf_fake_stdout
 .rodata._vfprintf_r.str1.1
                0x08009544       0x11 e:/project/program/vscode/tools/gcc-arm-none-eabi-10.3-2021.10/bin/../lib/gcc/arm-none-eabi/10.3.1/../../../../arm-none-eabi/lib/thumb/v7-m/nofp\libc_nano.a(lib_a-nano-vfprintf.o)
                0x08009558                . = ALIGN (0x4)

.rel.dyn        0x08009544        0x0
 .rel.iplt      0x08009544        0x0 e:/project/program/vscode/tools/gcc-arm-none-eabi-10.3-2021.10/bin/../lib/gcc/arm-none-eabi/10.3.1/thumb/v7-m/nofp/crtbegin.o

.ARM.extab
 *(.ARM.extab* .gnu.linkonce.armextab.*)

.ARM            0x08009544        0x0
                0x08009544                __exidx_start = .
 *(.ARM.exidx*)
                0x08009544                __exidx_end = .

.preinit_array  0x08009544        0x0
                0x08009544                PROVIDE (__preinit_array_start = .)
 *(.preinit_array*)
                0x08009544                PROVIDE (__preinit_array_end = .)

.init_array     0x08009544        0x4
                0x08009544                PROVIDE (__init_array_start = .)
 *(SORT_BY_NAME(.init_array.*))
 *(.init_array*)
 .init_array    0x08009544        0x4 e:/project/program/vscode/tools/gcc-arm-none-eabi-10.3-2021.10/bin/../lib/gcc/arm-none-eabi/10.3.1/thumb/v7-m/nofp/crtbegin.o
                0x08009548                PROVIDE (__init_array_end = .)

.fini_array     0x08009548        0x4
                [!provide]                PROVIDE (__fini_array_start = .)
 *(SORT_BY_NAME(.fini_array.*))
 *(.fini_array*)
 .fini_array    0x08009548        0x4 e:/project/program/vscode/tools/gcc-arm-none-eabi-10.3-2021.10/bin/../lib/gcc/arm-none-eabi/10.3.1/thumb/v7-m/nofp/crtbegin.o
                [!provide]                PROVIDE (__fini_array_end = .)
                0x0800954c                _sidata = LOADADDR (.data)

.data           0x20000000      0x1e0 load address 0x0800954c
                0x20000000                . = ALIGN (0x4)
                0x20000000                _sdata = .
 *(.data)
 *(.data*)
 .data.uwTickFreq
                0x20000000        0x1 build/stm32f1xx_hal.o
                0x20000000                uwTickFreq
 *fill*         0x20000001        0x3 
 .data.uwTickPrio
                0x20000004        0x4 build/stm32f1xx_hal.o
                0x20000004                uwTickPrio
 .data.SystemCoreClock
                0x20000008        0x4 build/system_stm32f1xx.o
                0x20000008                SystemCoreClock
 .data._impure_ptr
                0x2000000c        0x4 e:/project/program/vscode/tools/gcc-arm-none-eabi-10.3-2021.10/bin/../lib/gcc/arm-none-eabi/10.3.1/../../../../arm-none-eabi/lib/thumb/v7-m/nofp\libc_nano.a(lib_a-impure.o)
                0x2000000c                _impure_ptr
 .data.impure_data
                0x20000010       0x60 e:/project/program/vscode/tools/gcc-arm-none-eabi-10.3-2021.10/bin/../lib/gcc/arm-none-eabi/10.3.1/../../../../arm-none-eabi/lib/thumb/v7-m/nofp\libc_nano.a(lib_a-impure.o)
 .data.numempty
                0x20000070        0x2 e:/project/program/vscode/tools/gcc-arm-none-eabi-10.3-2021.10/bin/../lib/gcc/arm-none-eabi/10.3.1/../../../../arm-none-eabi/lib/thumb/v7-m/nofp\libc_nano.a(lib_a-lnumeric.o)
 *fill*         0x20000072        0x2 
 .data.__global_locale
                0x20000074      0x16c e:/project/program/vscode/tools/gcc-arm-none-eabi-10.3-2021.10/bin/../lib/gcc/arm-none-eabi/10.3.1/../../../../arm-none-eabi/lib/thumb/v7-m/nofp\libc_nano.a(lib_a-locale.o)
                0x20000074                __global_locale
                0x200001e0                . = ALIGN (0x4)
                0x200001e0                _edata = .

.igot.plt       0x200001e0        0x0 load address 0x0800972c
 .igot.plt      0x200001e0        0x0 e:/project/program/vscode/tools/gcc-arm-none-eabi-10.3-2021.10/bin/../lib/gcc/arm-none-eabi/10.3.1/thumb/v7-m/nofp/crtbegin.o
                0x200001e0                . = ALIGN (0x4)

.bss            0x200001e0      0x2f4 load address 0x0800972c
                0x200001e0                _sbss = .
                0x200001e0                __bss_start__ = _sbss
 *(.bss)
 .bss           0x200001e0       0x1c e:/project/program/vscode/tools/gcc-arm-none-eabi-10.3-2021.10/bin/../lib/gcc/arm-none-eabi/10.3.1/thumb/v7-m/nofp/crtbegin.o
 *(.bss*)
 .bss.cnc       0x200001fc      0x15c build/main.o
                0x200001fc                cnc
 .bss.htim1     0x20000358       0x48 build/main.o
                0x20000358                htim1
 .bss.htim2     0x200003a0       0x48 build/main.o
                0x200003a0                htim2
 .bss.htim3     0x200003e8       0x48 build/main.o
                0x200003e8                htim3
 .bss.htim4     0x20000430       0x48 build/main.o
                0x20000430                htim4
 .bss.huart2    0x20000478       0x44 build/main.o
                0x20000478                huart2
 .bss.uwTick    0x200004bc        0x4 build/stm32f1xx_hal.o
                0x200004bc                uwTick
 .bss.__malloc_free_list
                0x200004c0        0x4 e:/project/program/vscode/tools/gcc-arm-none-eabi-10.3-2021.10/bin/../lib/gcc/arm-none-eabi/10.3.1/../../../../arm-none-eabi/lib/thumb/v7-m/nofp\libc_nano.a(lib_a-nano-mallocr.o)
                0x200004c0                __malloc_free_list
 .bss.__malloc_sbrk_start
                0x200004c4        0x4 e:/project/program/vscode/tools/gcc-arm-none-eabi-10.3-2021.10/bin/../lib/gcc/arm-none-eabi/10.3.1/../../../../arm-none-eabi/lib/thumb/v7-m/nofp\libc_nano.a(lib_a-nano-mallocr.o)
                0x200004c4                __malloc_sbrk_start
 .bss.errno     0x200004c8        0x4 e:/project/program/vscode/tools/gcc-arm-none-eabi-10.3-2021.10/bin/../lib/gcc/arm-none-eabi/10.3.1/../../../../arm-none-eabi/lib/thumb/v7-m/nofp\libc_nano.a(lib_a-reent.o)
                0x200004c8                errno
 .bss.__lock___malloc_recursive_mutex
                0x200004cc        0x1 e:/project/program/vscode/tools/gcc-arm-none-eabi-10.3-2021.10/bin/../lib/gcc/arm-none-eabi/10.3.1/../../../../arm-none-eabi/lib/thumb/v7-m/nofp\libc_nano.a(lib_a-lock.o)
                0x200004cc                __lock___malloc_recursive_mutex
 .bss.__lock___sfp_recursive_mutex
                0x200004cd        0x1 e:/project/program/vscode/tools/gcc-arm-none-eabi-10.3-2021.10/bin/../lib/gcc/arm-none-eabi/10.3.1/../../../../arm-none-eabi/lib/thumb/v7-m/nofp\libc_nano.a(lib_a-lock.o)
                0x200004cd                __lock___sfp_recursive_mutex
 .bss.__lock___sinit_recursive_mutex
                0x200004ce        0x1 e:/project/program/vscode/tools/gcc-arm-none-eabi-10.3-2021.10/bin/../lib/gcc/arm-none-eabi/10.3.1/../../../../arm-none-eabi/lib/thumb/v7-m/nofp\libc_nano.a(lib_a-lock.o)
                0x200004ce                __lock___sinit_recursive_mutex
 *fill*         0x200004cf        0x1 
 .bss.heap_end.0
                0x200004d0        0x4 e:/project/program/vscode/tools/gcc-arm-none-eabi-10.3-2021.10/bin/../lib/gcc/arm-none-eabi/10.3.1/../../../../arm-none-eabi/lib/thumb/v7-m/nofp\libnosys.a(sbrk.o)
 *(COMMON)
                0x200004d4                . = ALIGN (0x4)
                0x200004d4                _ebss = .
                0x200004d4                __bss_end__ = _ebss

._user_heap_stack
                0x200004d4     0x1804 load address 0x0800972c
                0x200004d8                . = ALIGN (0x8)
 *fill*         0x200004d4        0x4 
                0x200004d8                PROVIDE (end = .)
                [!provide]                PROVIDE (_end = .)
                0x20000cd8                . = (. + _Min_Heap_Size)
 *fill*         0x200004d8      0x800 
                0x20001cd8                . = (. + _Min_Stack_Size)
 *fill*         0x20000cd8     0x1000 
                0x20001cd8                . = ALIGN (0x8)

/DISCARD/
 libc.a(*)
 libm.a(*)
 libgcc.a(*)

.ARM.attributes
                0x00000000       0x29
 *(.ARM.attributes)
 .ARM.attributes
                0x00000000       0x1d e:/project/program/vscode/tools/gcc-arm-none-eabi-10.3-2021.10/bin/../lib/gcc/arm-none-eabi/10.3.1/thumb/v7-m/nofp/crti.o
 .ARM.attributes
                0x0000001d       0x2d e:/project/program/vscode/tools/gcc-arm-none-eabi-10.3-2021.10/bin/../lib/gcc/arm-none-eabi/10.3.1/thumb/v7-m/nofp/crtbegin.o
 .ARM.attributes
                0x0000004a       0x2d build/main.o
 .ARM.attributes
                0x00000077       0x2d build/stm32f1xx_it.o
 .ARM.attributes
                0x000000a4       0x2d build/stm32f1xx_hal_msp.o
 .ARM.attributes
                0x000000d1       0x2d build/stm32f1xx_hal_tim.o
 .ARM.attributes
                0x000000fe       0x2d build/stm32f1xx_hal_tim_ex.o
 .ARM.attributes
                0x0000012b       0x2d build/stm32f1xx_hal.o
 .ARM.attributes
                0x00000158       0x2d build/stm32f1xx_hal_rcc.o
 .ARM.attributes
                0x00000185       0x2d build/stm32f1xx_hal_gpio.o
 .ARM.attributes
                0x000001b2       0x2d build/stm32f1xx_hal_dma.o
 .ARM.attributes
                0x000001df       0x2d build/stm32f1xx_hal_cortex.o
 .ARM.attributes
                0x0000020c       0x2d build/stm32f1xx_hal_uart.o
 .ARM.attributes
                0x00000239       0x2d build/system_stm32f1xx.o
 .ARM.attributes
                0x00000266       0x2d build/MotorControl.o
 .ARM.attributes
                0x00000293       0x2d build/MyMath.o
 .ARM.attributes
                0x000002c0       0x21 build/startup_stm32f103xb.o
 .ARM.attributes
                0x000002e1       0x2d e:/project/program/vscode/tools/gcc-arm-none-eabi-10.3-2021.10/bin/../lib/gcc/arm-none-eabi/10.3.1/../../../../arm-none-eabi/lib/thumb/v7-m/nofp\libc_nano.a(lib_a-impure.o)
 .ARM.attributes
                0x0000030e       0x2d e:/project/program/vscode/tools/gcc-arm-none-eabi-10.3-2021.10/bin/../lib/gcc/arm-none-eabi/10.3.1/../../../../arm-none-eabi/lib/thumb/v7-m/nofp\libc_nano.a(lib_a-init.o)
 .ARM.attributes
                0x0000033b       0x2d e:/project/program/vscode/tools/gcc-arm-none-eabi-10.3-2021.10/bin/../lib/gcc/arm-none-eabi/10.3.1/../../../../arm-none-eabi/lib/thumb/v7-m/nofp\libc_nano.a(lib_a-memset.o)
 .ARM.attributes
                0x00000368       0x2d e:/project/program/vscode/tools/gcc-arm-none-eabi-10.3-2021.10/bin/../lib/gcc/arm-none-eabi/10.3.1/../../../../arm-none-eabi/lib/thumb/v7-m/nofp\libc_nano.a(lib_a-nano-vfprintf_float.o)
 .ARM.attributes
                0x00000395       0x2d e:/project/program/vscode/tools/gcc-arm-none-eabi-10.3-2021.10/bin/../lib/gcc/arm-none-eabi/10.3.1/../../../../arm-none-eabi/lib/thumb/v7-m/nofp\libc_nano.a(lib_a-nano-vfprintf_i.o)
 .ARM.attributes
                0x000003c2       0x2d e:/project/program/vscode/tools/gcc-arm-none-eabi-10.3-2021.10/bin/../lib/gcc/arm-none-eabi/10.3.1/../../../../arm-none-eabi/lib/thumb/v7-m/nofp\libc_nano.a(lib_a-nano-vfscanf_float.o)
 .ARM.attributes
                0x000003ef       0x2d e:/project/program/vscode/tools/gcc-arm-none-eabi-10.3-2021.10/bin/../lib/gcc/arm-none-eabi/10.3.1/../../../../arm-none-eabi/lib/thumb/v7-m/nofp\libc_nano.a(lib_a-sf_nan.o)
 .ARM.attributes
                0x0000041c       0x2d e:/project/program/vscode/tools/gcc-arm-none-eabi-10.3-2021.10/bin/../lib/gcc/arm-none-eabi/10.3.1/../../../../arm-none-eabi/lib/thumb/v7-m/nofp\libc_nano.a(lib_a-sprintf.o)
 .ARM.attributes
                0x00000449       0x2d e:/project/program/vscode/tools/gcc-arm-none-eabi-10.3-2021.10/bin/../lib/gcc/arm-none-eabi/10.3.1/../../../../arm-none-eabi/lib/thumb/v7-m/nofp\libc_nano.a(lib_a-sscanf.o)
 .ARM.attributes
                0x00000476       0x2d e:/project/program/vscode/tools/gcc-arm-none-eabi-10.3-2021.10/bin/../lib/gcc/arm-none-eabi/10.3.1/../../../../arm-none-eabi/lib/thumb/v7-m/nofp\libc_nano.a(lib_a-stdio.o)
 .ARM.attributes
                0x000004a3       0x17 e:/project/program/vscode/tools/gcc-arm-none-eabi-10.3-2021.10/bin/../lib/gcc/arm-none-eabi/10.3.1/../../../../arm-none-eabi/lib/thumb/v7-m/nofp\libc_nano.a(lib_a-strlen.o)
 .ARM.attributes
                0x000004ba       0x2d e:/project/program/vscode/tools/gcc-arm-none-eabi-10.3-2021.10/bin/../lib/gcc/arm-none-eabi/10.3.1/../../../../arm-none-eabi/lib/thumb/v7-m/nofp\libc_nano.a(lib_a-strtod.o)
 .ARM.attributes
                0x000004e7       0x2d e:/project/program/vscode/tools/gcc-arm-none-eabi-10.3-2021.10/bin/../lib/gcc/arm-none-eabi/10.3.1/../../../../arm-none-eabi/lib/thumb/v7-m/nofp\libc_nano.a(lib_a-strtol.o)
 .ARM.attributes
                0x00000514       0x2d e:/project/program/vscode/tools/gcc-arm-none-eabi-10.3-2021.10/bin/../lib/gcc/arm-none-eabi/10.3.1/../../../../arm-none-eabi/lib/thumb/v7-m/nofp\libc_nano.a(lib_a-writer.o)
 .ARM.attributes
                0x00000541       0x2d e:/project/program/vscode/tools/gcc-arm-none-eabi-10.3-2021.10/bin/../lib/gcc/arm-none-eabi/10.3.1/../../../../arm-none-eabi/lib/thumb/v7-m/nofp\libc_nano.a(lib_a-closer.o)
 .ARM.attributes
                0x0000056e       0x2d e:/project/program/vscode/tools/gcc-arm-none-eabi-10.3-2021.10/bin/../lib/gcc/arm-none-eabi/10.3.1/../../../../arm-none-eabi/lib/thumb/v7-m/nofp\libc_nano.a(lib_a-ctype_.o)
 .ARM.attributes
                0x0000059b       0x2d e:/project/program/vscode/tools/gcc-arm-none-eabi-10.3-2021.10/bin/../lib/gcc/arm-none-eabi/10.3.1/../../../../arm-none-eabi/lib/thumb/v7-m/nofp\libc_nano.a(lib_a-dtoa.o)
 .ARM.attributes
                0x000005c8       0x2d e:/project/program/vscode/tools/gcc-arm-none-eabi-10.3-2021.10/bin/../lib/gcc/arm-none-eabi/10.3.1/../../../../arm-none-eabi/lib/thumb/v7-m/nofp\libc_nano.a(lib_a-errno.o)
 .ARM.attributes
                0x000005f5       0x2d e:/project/program/vscode/tools/gcc-arm-none-eabi-10.3-2021.10/bin/../lib/gcc/arm-none-eabi/10.3.1/../../../../arm-none-eabi/lib/thumb/v7-m/nofp\libc_nano.a(lib_a-gdtoa-gethex.o)
 .ARM.attributes
                0x00000622       0x2d e:/project/program/vscode/tools/gcc-arm-none-eabi-10.3-2021.10/bin/../lib/gcc/arm-none-eabi/10.3.1/../../../../arm-none-eabi/lib/thumb/v7-m/nofp\libc_nano.a(lib_a-gdtoa-hexnan.o)
 .ARM.attributes
                0x0000064f       0x2d e:/project/program/vscode/tools/gcc-arm-none-eabi-10.3-2021.10/bin/../lib/gcc/arm-none-eabi/10.3.1/../../../../arm-none-eabi/lib/thumb/v7-m/nofp\libc_nano.a(lib_a-lnumeric.o)
 .ARM.attributes
                0x0000067c       0x2d e:/project/program/vscode/tools/gcc-arm-none-eabi-10.3-2021.10/bin/../lib/gcc/arm-none-eabi/10.3.1/../../../../arm-none-eabi/lib/thumb/v7-m/nofp\libc_nano.a(lib_a-locale.o)
 .ARM.attributes
                0x000006a9       0x2d e:/project/program/vscode/tools/gcc-arm-none-eabi-10.3-2021.10/bin/../lib/gcc/arm-none-eabi/10.3.1/../../../../arm-none-eabi/lib/thumb/v7-m/nofp\libc_nano.a(lib_a-localeconv.o)
 .ARM.attributes
                0x000006d6       0x2d e:/project/program/vscode/tools/gcc-arm-none-eabi-10.3-2021.10/bin/../lib/gcc/arm-none-eabi/10.3.1/../../../../arm-none-eabi/lib/thumb/v7-m/nofp\libc_nano.a(lib_a-lseekr.o)
 .ARM.attributes
                0x00000703       0x2d e:/project/program/vscode/tools/gcc-arm-none-eabi-10.3-2021.10/bin/../lib/gcc/arm-none-eabi/10.3.1/../../../../arm-none-eabi/lib/thumb/v7-m/nofp\libc_nano.a(lib_a-malloc.o)
 .ARM.attributes
                0x00000730       0x2d e:/project/program/vscode/tools/gcc-arm-none-eabi-10.3-2021.10/bin/../lib/gcc/arm-none-eabi/10.3.1/../../../../arm-none-eabi/lib/thumb/v7-m/nofp\libc_nano.a(lib_a-mbtowc_r.o)
 .ARM.attributes
                0x0000075d       0x2d e:/project/program/vscode/tools/gcc-arm-none-eabi-10.3-2021.10/bin/../lib/gcc/arm-none-eabi/10.3.1/../../../../arm-none-eabi/lib/thumb/v7-m/nofp\libc_nano.a(lib_a-memchr-stub.o)
 .ARM.attributes
                0x0000078a       0x2d e:/project/program/vscode/tools/gcc-arm-none-eabi-10.3-2021.10/bin/../lib/gcc/arm-none-eabi/10.3.1/../../../../arm-none-eabi/lib/thumb/v7-m/nofp\libc_nano.a(lib_a-memcpy-stub.o)
 .ARM.attributes
                0x000007b7       0x2d e:/project/program/vscode/tools/gcc-arm-none-eabi-10.3-2021.10/bin/../lib/gcc/arm-none-eabi/10.3.1/../../../../arm-none-eabi/lib/thumb/v7-m/nofp\libc_nano.a(lib_a-mprec.o)
 .ARM.attributes
                0x000007e4       0x2d e:/project/program/vscode/tools/gcc-arm-none-eabi-10.3-2021.10/bin/../lib/gcc/arm-none-eabi/10.3.1/../../../../arm-none-eabi/lib/thumb/v7-m/nofp\libc_nano.a(lib_a-nano-callocr.o)
 .ARM.attributes
                0x00000811       0x2d e:/project/program/vscode/tools/gcc-arm-none-eabi-10.3-2021.10/bin/../lib/gcc/arm-none-eabi/10.3.1/../../../../arm-none-eabi/lib/thumb/v7-m/nofp\libc_nano.a(lib_a-nano-freer.o)
 .ARM.attributes
                0x0000083e       0x2d e:/project/program/vscode/tools/gcc-arm-none-eabi-10.3-2021.10/bin/../lib/gcc/arm-none-eabi/10.3.1/../../../../arm-none-eabi/lib/thumb/v7-m/nofp\libc_nano.a(lib_a-nano-mallocr.o)
 .ARM.attributes
                0x0000086b       0x2d e:/project/program/vscode/tools/gcc-arm-none-eabi-10.3-2021.10/bin/../lib/gcc/arm-none-eabi/10.3.1/../../../../arm-none-eabi/lib/thumb/v7-m/nofp\libc_nano.a(lib_a-nano-svfprintf.o)
 .ARM.attributes
                0x00000898       0x2d e:/project/program/vscode/tools/gcc-arm-none-eabi-10.3-2021.10/bin/../lib/gcc/arm-none-eabi/10.3.1/../../../../arm-none-eabi/lib/thumb/v7-m/nofp\libc_nano.a(lib_a-nano-svfscanf.o)
 .ARM.attributes
                0x000008c5       0x2d e:/project/program/vscode/tools/gcc-arm-none-eabi-10.3-2021.10/bin/../lib/gcc/arm-none-eabi/10.3.1/../../../../arm-none-eabi/lib/thumb/v7-m/nofp\libc_nano.a(lib_a-nano-vfscanf_i.o)
 .ARM.attributes
                0x000008f2       0x2d e:/project/program/vscode/tools/gcc-arm-none-eabi-10.3-2021.10/bin/../lib/gcc/arm-none-eabi/10.3.1/../../../../arm-none-eabi/lib/thumb/v7-m/nofp\libc_nano.a(lib_a-readr.o)
 .ARM.attributes
                0x0000091f       0x2d e:/project/program/vscode/tools/gcc-arm-none-eabi-10.3-2021.10/bin/../lib/gcc/arm-none-eabi/10.3.1/../../../../arm-none-eabi/lib/thumb/v7-m/nofp\libc_nano.a(lib_a-reent.o)
 .ARM.attributes
                0x0000094c       0x2d e:/project/program/vscode/tools/gcc-arm-none-eabi-10.3-2021.10/bin/../lib/gcc/arm-none-eabi/10.3.1/../../../../arm-none-eabi/lib/thumb/v7-m/nofp\libc_nano.a(lib_a-s_nan.o)
 .ARM.attributes
                0x00000979       0x2d e:/project/program/vscode/tools/gcc-arm-none-eabi-10.3-2021.10/bin/../lib/gcc/arm-none-eabi/10.3.1/../../../../arm-none-eabi/lib/thumb/v7-m/nofp\libc_nano.a(lib_a-sbrkr.o)
 .ARM.attributes
                0x000009a6       0x2d e:/project/program/vscode/tools/gcc-arm-none-eabi-10.3-2021.10/bin/../lib/gcc/arm-none-eabi/10.3.1/../../../../arm-none-eabi/lib/thumb/v7-m/nofp\libc_nano.a(lib_a-sccl.o)
 .ARM.attributes
                0x000009d3       0x2d e:/project/program/vscode/tools/gcc-arm-none-eabi-10.3-2021.10/bin/../lib/gcc/arm-none-eabi/10.3.1/../../../../arm-none-eabi/lib/thumb/v7-m/nofp\libc_nano.a(lib_a-strncmp.o)
 .ARM.attributes
                0x00000a00       0x2d e:/project/program/vscode/tools/gcc-arm-none-eabi-10.3-2021.10/bin/../lib/gcc/arm-none-eabi/10.3.1/../../../../arm-none-eabi/lib/thumb/v7-m/nofp\libc_nano.a(lib_a-strtoul.o)
 .ARM.attributes
                0x00000a2d       0x2d e:/project/program/vscode/tools/gcc-arm-none-eabi-10.3-2021.10/bin/../lib/gcc/arm-none-eabi/10.3.1/../../../../arm-none-eabi/lib/thumb/v7-m/nofp\libc_nano.a(lib_a-ungetc.o)
 .ARM.attributes
                0x00000a5a       0x2d e:/project/program/vscode/tools/gcc-arm-none-eabi-10.3-2021.10/bin/../lib/gcc/arm-none-eabi/10.3.1/../../../../arm-none-eabi/lib/thumb/v7-m/nofp\libc_nano.a(lib_a-wctomb_r.o)
 .ARM.attributes
                0x00000a87       0x2d e:/project/program/vscode/tools/gcc-arm-none-eabi-10.3-2021.10/bin/../lib/gcc/arm-none-eabi/10.3.1/../../../../arm-none-eabi/lib/thumb/v7-m/nofp\libc_nano.a(lib_a-assert.o)
 .ARM.attributes
                0x00000ab4       0x2d e:/project/program/vscode/tools/gcc-arm-none-eabi-10.3-2021.10/bin/../lib/gcc/arm-none-eabi/10.3.1/../../../../arm-none-eabi/lib/thumb/v7-m/nofp\libc_nano.a(lib_a-fflush.o)
 .ARM.attributes
                0x00000ae1       0x2d e:/project/program/vscode/tools/gcc-arm-none-eabi-10.3-2021.10/bin/../lib/gcc/arm-none-eabi/10.3.1/../../../../arm-none-eabi/lib/thumb/v7-m/nofp\libc_nano.a(lib_a-findfp.o)
 .ARM.attributes
                0x00000b0e       0x2d e:/project/program/vscode/tools/gcc-arm-none-eabi-10.3-2021.10/bin/../lib/gcc/arm-none-eabi/10.3.1/../../../../arm-none-eabi/lib/thumb/v7-m/nofp\libc_nano.a(lib_a-fprintf.o)
 .ARM.attributes
                0x00000b3b       0x2d e:/project/program/vscode/tools/gcc-arm-none-eabi-10.3-2021.10/bin/../lib/gcc/arm-none-eabi/10.3.1/../../../../arm-none-eabi/lib/thumb/v7-m/nofp\libc_nano.a(lib_a-fwalk.o)
 .ARM.attributes
                0x00000b68       0x2d e:/project/program/vscode/tools/gcc-arm-none-eabi-10.3-2021.10/bin/../lib/gcc/arm-none-eabi/10.3.1/../../../../arm-none-eabi/lib/thumb/v7-m/nofp\libc_nano.a(lib_a-lock.o)
 .ARM.attributes
                0x00000b95       0x2d e:/project/program/vscode/tools/gcc-arm-none-eabi-10.3-2021.10/bin/../lib/gcc/arm-none-eabi/10.3.1/../../../../arm-none-eabi/lib/thumb/v7-m/nofp\libc_nano.a(lib_a-memmove.o)
 .ARM.attributes
                0x00000bc2       0x2d e:/project/program/vscode/tools/gcc-arm-none-eabi-10.3-2021.10/bin/../lib/gcc/arm-none-eabi/10.3.1/../../../../arm-none-eabi/lib/thumb/v7-m/nofp\libc_nano.a(lib_a-mlock.o)
 .ARM.attributes
                0x00000bef       0x2d e:/project/program/vscode/tools/gcc-arm-none-eabi-10.3-2021.10/bin/../lib/gcc/arm-none-eabi/10.3.1/../../../../arm-none-eabi/lib/thumb/v7-m/nofp\libc_nano.a(lib_a-nano-reallocr.o)
 .ARM.attributes
                0x00000c1c       0x2d e:/project/program/vscode/tools/gcc-arm-none-eabi-10.3-2021.10/bin/../lib/gcc/arm-none-eabi/10.3.1/../../../../arm-none-eabi/lib/thumb/v7-m/nofp\libc_nano.a(lib_a-nano-vfprintf.o)
 .ARM.attributes
                0x00000c49       0x2d e:/project/program/vscode/tools/gcc-arm-none-eabi-10.3-2021.10/bin/../lib/gcc/arm-none-eabi/10.3.1/../../../../arm-none-eabi/lib/thumb/v7-m/nofp\libc_nano.a(lib_a-wbuf.o)
 .ARM.attributes
                0x00000c76       0x2d e:/project/program/vscode/tools/gcc-arm-none-eabi-10.3-2021.10/bin/../lib/gcc/arm-none-eabi/10.3.1/../../../../arm-none-eabi/lib/thumb/v7-m/nofp\libc_nano.a(lib_a-wsetup.o)
 .ARM.attributes
                0x00000ca3       0x2d e:/project/program/vscode/tools/gcc-arm-none-eabi-10.3-2021.10/bin/../lib/gcc/arm-none-eabi/10.3.1/../../../../arm-none-eabi/lib/thumb/v7-m/nofp\libc_nano.a(lib_a-abort.o)
 .ARM.attributes
                0x00000cd0       0x2d e:/project/program/vscode/tools/gcc-arm-none-eabi-10.3-2021.10/bin/../lib/gcc/arm-none-eabi/10.3.1/../../../../arm-none-eabi/lib/thumb/v7-m/nofp\libc_nano.a(lib_a-makebuf.o)
 .ARM.attributes
                0x00000cfd       0x2d e:/project/program/vscode/tools/gcc-arm-none-eabi-10.3-2021.10/bin/../lib/gcc/arm-none-eabi/10.3.1/../../../../arm-none-eabi/lib/thumb/v7-m/nofp\libc_nano.a(lib_a-nano-msizer.o)
 .ARM.attributes
                0x00000d2a       0x2d e:/project/program/vscode/tools/gcc-arm-none-eabi-10.3-2021.10/bin/../lib/gcc/arm-none-eabi/10.3.1/../../../../arm-none-eabi/lib/thumb/v7-m/nofp\libc_nano.a(lib_a-signal.o)
 .ARM.attributes
                0x00000d57       0x2d e:/project/program/vscode/tools/gcc-arm-none-eabi-10.3-2021.10/bin/../lib/gcc/arm-none-eabi/10.3.1/../../../../arm-none-eabi/lib/thumb/v7-m/nofp\libc_nano.a(lib_a-signalr.o)
 .ARM.attributes
                0x00000d84       0x2d e:/project/program/vscode/tools/gcc-arm-none-eabi-10.3-2021.10/bin/../lib/gcc/arm-none-eabi/10.3.1/../../../../arm-none-eabi/lib/thumb/v7-m/nofp\libc_nano.a(lib_a-fstatr.o)
 .ARM.attributes
                0x00000db1       0x2d e:/project/program/vscode/tools/gcc-arm-none-eabi-10.3-2021.10/bin/../lib/gcc/arm-none-eabi/10.3.1/../../../../arm-none-eabi/lib/thumb/v7-m/nofp\libc_nano.a(lib_a-isattyr.o)
 .ARM.attributes